{"timestamp":"2026-03-06T22:16:07.731408Z","level":"info","event":"DAG bundles loaded: dags-folder","logger":"airflow.dag_processing.bundles.manager.DagBundlesManager","filename":"manager.py","lineno":179}
{"timestamp":"2026-03-06T22:16:07.733048Z","level":"info","event":"Filling up the DagBag from /opt/airflow/dags/sis_batch_dag.py","logger":"airflow.models.dagbag.BundleDagBag","filename":"dagbag.py","lineno":593}
{"timestamp":"2026-03-06T22:16:07.906535Z","level":"info","event":">>> START pull_sis_api_to_raw_data <<<","logger":"task.stdout"}
{"timestamp":"2026-03-06T22:16:21.078888Z","level":"info","event":"First course keys: ['index', 'institution', 'institution_descr', 'crse_id', 'crse_offer_nbr', 'strm', 'session_code', 'session_descr', 'class_section', 'location', 'location_descr', 'start_dt', 'end_dt', 'class_stat', 'campus', 'campus_descr', 'class_nbr', 'acad_career', 'acad_career_descr', 'component', 'subject', 'subject_descr', 'catalog_nbr', 'class_type', 'schedule_print']","logger":"task.stdout"}
{"timestamp":"2026-03-06T22:16:21.082114Z","level":"info","event":"Operations prepared: 100","logger":"task.stdout"}
{"timestamp":"2026-03-06T22:16:25.201395Z","level":"info","event":"First course keys: ['index', 'institution', 'institution_descr', 'crse_id', 'crse_offer_nbr', 'strm', 'session_code', 'session_descr', 'class_section', 'location', 'location_descr', 'start_dt', 'end_dt', 'class_stat', 'campus', 'campus_descr', 'class_nbr', 'acad_career', 'acad_career_descr', 'component', 'subject', 'subject_descr', 'catalog_nbr', 'class_type', 'schedule_print']","logger":"task.stdout"}
{"timestamp":"2026-03-06T22:16:25.213472Z","level":"info","event":"Operations prepared: 100","logger":"task.stdout"}
{"timestamp":"2026-03-06T22:16:29.662229Z","level":"info","event":"First course keys: ['index', 'institution', 'institution_descr', 'crse_id', 'crse_offer_nbr', 'strm', 'session_code', 'session_descr', 'class_section', 'location', 'location_descr', 'start_dt', 'end_dt', 'class_stat', 'campus', 'campus_descr', 'class_nbr', 'acad_career', 'acad_career_descr', 'component', 'subject', 'subject_descr', 'catalog_nbr', 'class_type', 'schedule_print']","logger":"task.stdout"}
{"timestamp":"2026-03-06T22:16:29.663146Z","level":"info","event":"Operations prepared: 100","logger":"task.stdout"}
{"timestamp":"2026-03-06T22:16:34.920695Z","level":"info","event":"First course keys: ['index', 'institution', 'institution_descr', 'crse_id', 'crse_offer_nbr', 'strm', 'session_code', 'session_descr', 'class_section', 'location', 'location_descr', 'start_dt', 'end_dt', 'class_stat', 'campus', 'campus_descr', 'class_nbr', 'acad_career', 'acad_career_descr', 'component', 'subject', 'subject_descr', 'catalog_nbr', 'class_type', 'schedule_print']","logger":"task.stdout"}
{"timestamp":"2026-03-06T22:16:34.921712Z","level":"info","event":"Operations prepared: 100","logger":"task.stdout"}
{"timestamp":"2026-03-06T22:16:40.750005Z","level":"info","event":"First course keys: ['index', 'institution', 'institution_descr', 'crse_id', 'crse_offer_nbr', 'strm', 'session_code', 'session_descr', 'class_section', 'location', 'location_descr', 'start_dt', 'end_dt', 'class_stat', 'campus', 'campus_descr', 'class_nbr', 'acad_career', 'acad_career_descr', 'component', 'subject', 'subject_descr', 'catalog_nbr', 'class_type', 'schedule_print']","logger":"task.stdout"}
{"timestamp":"2026-03-06T22:16:40.751497Z","level":"info","event":"Operations prepared: 100","logger":"task.stdout"}
{"timestamp":"2026-03-06T22:16:46.971979Z","level":"info","event":"First course keys: ['index', 'institution', 'institution_descr', 'crse_id', 'crse_offer_nbr', 'strm', 'session_code', 'session_descr', 'class_section', 'location', 'location_descr', 'start_dt', 'end_dt', 'class_stat', 'campus', 'campus_descr', 'class_nbr', 'acad_career', 'acad_career_descr', 'component', 'subject', 'subject_descr', 'catalog_nbr', 'class_type', 'schedule_print']","logger":"task.stdout"}
{"timestamp":"2026-03-06T22:16:46.973192Z","level":"info","event":"Operations prepared: 100","logger":"task.stdout"}
{"timestamp":"2026-03-06T22:16:51.070483Z","level":"info","event":"First course keys: ['index', 'institution', 'institution_descr', 'crse_id', 'crse_offer_nbr', 'strm', 'session_code', 'session_descr', 'class_section', 'location', 'location_descr', 'start_dt', 'end_dt', 'class_stat', 'campus', 'campus_descr', 'class_nbr', 'acad_career', 'acad_career_descr', 'component', 'subject', 'subject_descr', 'catalog_nbr', 'class_type', 'schedule_print']","logger":"task.stdout"}
{"timestamp":"2026-03-06T22:16:51.080645Z","level":"info","event":"Operations prepared: 100","logger":"task.stdout"}
{"timestamp":"2026-03-06T22:16:57.125870Z","level":"info","event":"First course keys: ['index', 'institution', 'institution_descr', 'crse_id', 'crse_offer_nbr', 'strm', 'session_code', 'session_descr', 'class_section', 'location', 'location_descr', 'start_dt', 'end_dt', 'class_stat', 'campus', 'campus_descr', 'class_nbr', 'acad_career', 'acad_career_descr', 'component', 'subject', 'subject_descr', 'catalog_nbr', 'class_type', 'schedule_print']","logger":"task.stdout"}
{"timestamp":"2026-03-06T22:16:57.126714Z","level":"info","event":"Operations prepared: 100","logger":"task.stdout"}
{"timestamp":"2026-03-06T22:17:03.530622Z","level":"info","event":"First course keys: ['index', 'institution', 'institution_descr', 'crse_id', 'crse_offer_nbr', 'strm', 'session_code', 'session_descr', 'class_section', 'location', 'location_descr', 'start_dt', 'end_dt', 'class_stat', 'campus', 'campus_descr', 'class_nbr', 'acad_career', 'acad_career_descr', 'component', 'subject', 'subject_descr', 'catalog_nbr', 'class_type', 'schedule_print']","logger":"task.stdout"}
{"timestamp":"2026-03-06T22:17:03.531657Z","level":"info","event":"Operations prepared: 100","logger":"task.stdout"}
{"timestamp":"2026-03-06T22:17:08.376893Z","level":"info","event":"First course keys: ['index', 'institution', 'institution_descr', 'crse_id', 'crse_offer_nbr', 'strm', 'session_code', 'session_descr', 'class_section', 'location', 'location_descr', 'start_dt', 'end_dt', 'class_stat', 'campus', 'campus_descr', 'class_nbr', 'acad_career', 'acad_career_descr', 'component', 'subject', 'subject_descr', 'catalog_nbr', 'class_type', 'schedule_print']","logger":"task.stdout"}
{"timestamp":"2026-03-06T22:17:08.390240Z","level":"info","event":"Operations prepared: 100","logger":"task.stdout"}
{"timestamp":"2026-03-06T22:17:12.940573Z","level":"info","event":"First course keys: ['index', 'institution', 'institution_descr', 'crse_id', 'crse_offer_nbr', 'strm', 'session_code', 'session_descr', 'class_section', 'location', 'location_descr', 'start_dt', 'end_dt', 'class_stat', 'campus', 'campus_descr', 'class_nbr', 'acad_career', 'acad_career_descr', 'component', 'subject', 'subject_descr', 'catalog_nbr', 'class_type', 'schedule_print']","logger":"task.stdout"}
{"timestamp":"2026-03-06T22:17:12.941457Z","level":"info","event":"Operations prepared: 100","logger":"task.stdout"}
{"timestamp":"2026-03-06T22:17:17.664566Z","level":"info","event":"First course keys: ['index', 'institution', 'institution_descr', 'crse_id', 'crse_offer_nbr', 'strm', 'session_code', 'session_descr', 'class_section', 'location', 'location_descr', 'start_dt', 'end_dt', 'class_stat', 'campus', 'campus_descr', 'class_nbr', 'acad_career', 'acad_career_descr', 'component', 'subject', 'subject_descr', 'catalog_nbr', 'class_type', 'schedule_print']","logger":"task.stdout"}
{"timestamp":"2026-03-06T22:17:17.715544Z","level":"info","event":"Operations prepared: 100","logger":"task.stdout"}
{"timestamp":"2026-03-06T22:17:22.578328Z","level":"info","event":"First course keys: ['index', 'institution', 'institution_descr', 'crse_id', 'crse_offer_nbr', 'strm', 'session_code', 'session_descr', 'class_section', 'location', 'location_descr', 'start_dt', 'end_dt', 'class_stat', 'campus', 'campus_descr', 'class_nbr', 'acad_career', 'acad_career_descr', 'component', 'subject', 'subject_descr', 'catalog_nbr', 'class_type', 'schedule_print']","logger":"task.stdout"}
{"timestamp":"2026-03-06T22:17:22.579475Z","level":"info","event":"Operations prepared: 100","logger":"task.stdout"}
{"timestamp":"2026-03-06T22:17:27.840044Z","level":"info","event":"First course keys: ['index', 'institution', 'institution_descr', 'crse_id', 'crse_offer_nbr', 'strm', 'session_code', 'session_descr', 'class_section', 'location', 'location_descr', 'start_dt', 'end_dt', 'class_stat', 'campus', 'campus_descr', 'class_nbr', 'acad_career', 'acad_career_descr', 'component', 'subject', 'subject_descr', 'catalog_nbr', 'class_type', 'schedule_print']","logger":"task.stdout"}
{"timestamp":"2026-03-06T22:17:27.842560Z","level":"info","event":"Operations prepared: 100","logger":"task.stdout"}
{"timestamp":"2026-03-06T22:17:32.711184Z","level":"info","event":"First course keys: ['index', 'institution', 'institution_descr', 'crse_id', 'crse_offer_nbr', 'strm', 'session_code', 'session_descr', 'class_section', 'location', 'location_descr', 'start_dt', 'end_dt', 'class_stat', 'campus', 'campus_descr', 'class_nbr', 'acad_career', 'acad_career_descr', 'component', 'subject', 'subject_descr', 'catalog_nbr', 'class_type', 'schedule_print']","logger":"task.stdout"}
{"timestamp":"2026-03-06T22:17:32.754172Z","level":"info","event":"Operations prepared: 100","logger":"task.stdout"}
{"timestamp":"2026-03-06T22:17:36.391676Z","level":"info","event":"First course keys: ['index', 'institution', 'institution_descr', 'crse_id', 'crse_offer_nbr', 'strm', 'session_code', 'session_descr', 'class_section', 'location', 'location_descr', 'start_dt', 'end_dt', 'class_stat', 'campus', 'campus_descr', 'class_nbr', 'acad_career', 'acad_career_descr', 'component', 'subject', 'subject_descr', 'catalog_nbr', 'class_type', 'schedule_print']","logger":"task.stdout"}
{"timestamp":"2026-03-06T22:17:36.392948Z","level":"info","event":"Operations prepared: 100","logger":"task.stdout"}
{"timestamp":"2026-03-06T22:17:40.741530Z","level":"info","event":"First course keys: ['index', 'institution', 'institution_descr', 'crse_id', 'crse_offer_nbr', 'strm', 'session_code', 'session_descr', 'class_section', 'location', 'location_descr', 'start_dt', 'end_dt', 'class_stat', 'campus', 'campus_descr', 'class_nbr', 'acad_career', 'acad_career_descr', 'component', 'subject', 'subject_descr', 'catalog_nbr', 'class_type', 'schedule_print']","logger":"task.stdout"}
{"timestamp":"2026-03-06T22:17:40.754731Z","level":"info","event":"Operations prepared: 100","logger":"task.stdout"}
{"timestamp":"2026-03-06T22:17:46.598744Z","level":"info","event":"First course keys: ['index', 'institution', 'institution_descr', 'crse_id', 'crse_offer_nbr', 'strm', 'session_code', 'session_descr', 'class_section', 'location', 'location_descr', 'start_dt', 'end_dt', 'class_stat', 'campus', 'campus_descr', 'class_nbr', 'acad_career', 'acad_career_descr', 'component', 'subject', 'subject_descr', 'catalog_nbr', 'class_type', 'schedule_print']","logger":"task.stdout"}
{"timestamp":"2026-03-06T22:17:46.599900Z","level":"info","event":"Operations prepared: 100","logger":"task.stdout"}
{"timestamp":"2026-03-06T22:17:50.574470Z","level":"info","event":"First course keys: ['index', 'institution', 'institution_descr', 'crse_id', 'crse_offer_nbr', 'strm', 'session_code', 'session_descr', 'class_section', 'location', 'location_descr', 'start_dt', 'end_dt', 'class_stat', 'campus', 'campus_descr', 'class_nbr', 'acad_career', 'acad_career_descr', 'component', 'subject', 'subject_descr', 'catalog_nbr', 'class_type', 'schedule_print']","logger":"task.stdout"}
{"timestamp":"2026-03-06T22:17:50.576835Z","level":"info","event":"Operations prepared: 100","logger":"task.stdout"}
{"timestamp":"2026-03-06T22:17:55.566647Z","level":"info","event":"First course keys: ['index', 'institution', 'institution_descr', 'crse_id', 'crse_offer_nbr', 'strm', 'session_code', 'session_descr', 'class_section', 'location', 'location_descr', 'start_dt', 'end_dt', 'class_stat', 'campus', 'campus_descr', 'class_nbr', 'acad_career', 'acad_career_descr', 'component', 'subject', 'subject_descr', 'catalog_nbr', 'class_type', 'schedule_print']","logger":"task.stdout"}
{"timestamp":"2026-03-06T22:17:55.572568Z","level":"info","event":"Operations prepared: 100","logger":"task.stdout"}
{"timestamp":"2026-03-06T22:18:02.772769Z","level":"info","event":"First course keys: ['index', 'institution', 'institution_descr', 'crse_id', 'crse_offer_nbr', 'strm', 'session_code', 'session_descr', 'class_section', 'location', 'location_descr', 'start_dt', 'end_dt', 'class_stat', 'campus', 'campus_descr', 'class_nbr', 'acad_career', 'acad_career_descr', 'component', 'subject', 'subject_descr', 'catalog_nbr', 'class_type', 'schedule_print']","logger":"task.stdout"}
{"timestamp":"2026-03-06T22:18:02.774866Z","level":"info","event":"Operations prepared: 100","logger":"task.stdout"}
{"timestamp":"2026-03-06T22:18:09.478543Z","level":"info","event":"First course keys: ['index', 'institution', 'institution_descr', 'crse_id', 'crse_offer_nbr', 'strm', 'session_code', 'session_descr', 'class_section', 'location', 'location_descr', 'start_dt', 'end_dt', 'class_stat', 'campus', 'campus_descr', 'class_nbr', 'acad_career', 'acad_career_descr', 'component', 'subject', 'subject_descr', 'catalog_nbr', 'class_type', 'schedule_print']","logger":"task.stdout"}
{"timestamp":"2026-03-06T22:18:09.480954Z","level":"info","event":"Operations prepared: 100","logger":"task.stdout"}
{"timestamp":"2026-03-06T22:18:14.693224Z","level":"info","event":"First course keys: ['index', 'institution', 'institution_descr', 'crse_id', 'crse_offer_nbr', 'strm', 'session_code', 'session_descr', 'class_section', 'location', 'location_descr', 'start_dt', 'end_dt', 'class_stat', 'campus', 'campus_descr', 'class_nbr', 'acad_career', 'acad_career_descr', 'component', 'subject', 'subject_descr', 'catalog_nbr', 'class_type', 'schedule_print']","logger":"task.stdout"}
{"timestamp":"2026-03-06T22:18:14.695702Z","level":"info","event":"Operations prepared: 100","logger":"task.stdout"}
{"timestamp":"2026-03-06T22:18:19.324802Z","level":"info","event":"First course keys: ['index', 'institution', 'institution_descr', 'crse_id', 'crse_offer_nbr', 'strm', 'session_code', 'session_descr', 'class_section', 'location', 'location_descr', 'start_dt', 'end_dt', 'class_stat', 'campus', 'campus_descr', 'class_nbr', 'acad_career', 'acad_career_descr', 'component', 'subject', 'subject_descr', 'catalog_nbr', 'class_type', 'schedule_print']","logger":"task.stdout"}
{"timestamp":"2026-03-06T22:18:19.328730Z","level":"info","event":"Operations prepared: 100","logger":"task.stdout"}
{"timestamp":"2026-03-06T22:18:25.859287Z","level":"info","event":"First course keys: ['index', 'institution', 'institution_descr', 'crse_id', 'crse_offer_nbr', 'strm', 'session_code', 'session_descr', 'class_section', 'location', 'location_descr', 'start_dt', 'end_dt', 'class_stat', 'campus', 'campus_descr', 'class_nbr', 'acad_career', 'acad_career_descr', 'component', 'subject', 'subject_descr', 'catalog_nbr', 'class_type', 'schedule_print']","logger":"task.stdout"}
{"timestamp":"2026-03-06T22:18:25.861410Z","level":"info","event":"Operations prepared: 100","logger":"task.stdout"}
{"timestamp":"2026-03-06T22:18:31.576409Z","level":"info","event":"First course keys: ['index', 'institution', 'institution_descr', 'crse_id', 'crse_offer_nbr', 'strm', 'session_code', 'session_descr', 'class_section', 'location', 'location_descr', 'start_dt', 'end_dt', 'class_stat', 'campus', 'campus_descr', 'class_nbr', 'acad_career', 'acad_career_descr', 'component', 'subject', 'subject_descr', 'catalog_nbr', 'class_type', 'schedule_print']","logger":"task.stdout"}
{"timestamp":"2026-03-06T22:18:31.579245Z","level":"info","event":"Operations prepared: 100","logger":"task.stdout"}
{"timestamp":"2026-03-06T22:18:36.791662Z","level":"info","event":"First course keys: ['index', 'institution', 'institution_descr', 'crse_id', 'crse_offer_nbr', 'strm', 'session_code', 'session_descr', 'class_section', 'location', 'location_descr', 'start_dt', 'end_dt', 'class_stat', 'campus', 'campus_descr', 'class_nbr', 'acad_career', 'acad_career_descr', 'component', 'subject', 'subject_descr', 'catalog_nbr', 'class_type', 'schedule_print']","logger":"task.stdout"}
{"timestamp":"2026-03-06T22:18:36.792702Z","level":"info","event":"Operations prepared: 100","logger":"task.stdout"}
{"timestamp":"2026-03-06T22:18:41.549635Z","level":"info","event":"First course keys: ['index', 'institution', 'institution_descr', 'crse_id', 'crse_offer_nbr', 'strm', 'session_code', 'session_descr', 'class_section', 'location', 'location_descr', 'start_dt', 'end_dt', 'class_stat', 'campus', 'campus_descr', 'class_nbr', 'acad_career', 'acad_career_descr', 'component', 'subject', 'subject_descr', 'catalog_nbr', 'class_type', 'schedule_print']","logger":"task.stdout"}
{"timestamp":"2026-03-06T22:18:41.550927Z","level":"info","event":"Operations prepared: 100","logger":"task.stdout"}
{"timestamp":"2026-03-06T22:18:50.482845Z","level":"info","event":"First course keys: ['index', 'institution', 'institution_descr', 'crse_id', 'crse_offer_nbr', 'strm', 'session_code', 'session_descr', 'class_section', 'location', 'location_descr', 'start_dt', 'end_dt', 'class_stat', 'campus', 'campus_descr', 'class_nbr', 'acad_career', 'acad_career_descr', 'component', 'subject', 'subject_descr', 'catalog_nbr', 'class_type', 'schedule_print']","logger":"task.stdout"}
{"timestamp":"2026-03-06T22:18:50.485208Z","level":"info","event":"Operations prepared: 100","logger":"task.stdout"}
{"timestamp":"2026-03-06T22:18:55.402592Z","level":"info","event":"First course keys: ['index', 'institution', 'institution_descr', 'crse_id', 'crse_offer_nbr', 'strm', 'session_code', 'session_descr', 'class_section', 'location', 'location_descr', 'start_dt', 'end_dt', 'class_stat', 'campus', 'campus_descr', 'class_nbr', 'acad_career', 'acad_career_descr', 'component', 'subject', 'subject_descr', 'catalog_nbr', 'class_type', 'schedule_print']","logger":"task.stdout"}
{"timestamp":"2026-03-06T22:18:55.414625Z","level":"info","event":"Operations prepared: 100","logger":"task.stdout"}
{"timestamp":"2026-03-06T22:19:03.611248Z","level":"info","event":"First course keys: ['index', 'institution', 'institution_descr', 'crse_id', 'crse_offer_nbr', 'strm', 'session_code', 'session_descr', 'class_section', 'location', 'location_descr', 'start_dt', 'end_dt', 'class_stat', 'campus', 'campus_descr', 'class_nbr', 'acad_career', 'acad_career_descr', 'component', 'subject', 'subject_descr', 'catalog_nbr', 'class_type', 'schedule_print']","logger":"task.stdout"}
{"timestamp":"2026-03-06T22:19:03.613350Z","level":"info","event":"Operations prepared: 100","logger":"task.stdout"}
{"timestamp":"2026-03-06T22:19:10.858499Z","level":"info","event":"First course keys: ['index', 'institution', 'institution_descr', 'crse_id', 'crse_offer_nbr', 'strm', 'session_code', 'session_descr', 'class_section', 'location', 'location_descr', 'start_dt', 'end_dt', 'class_stat', 'campus', 'campus_descr', 'class_nbr', 'acad_career', 'acad_career_descr', 'component', 'subject', 'subject_descr', 'catalog_nbr', 'class_type', 'schedule_print']","logger":"task.stdout"}
{"timestamp":"2026-03-06T22:19:10.861362Z","level":"info","event":"Operations prepared: 100","logger":"task.stdout"}
{"timestamp":"2026-03-06T22:19:21.983506Z","level":"info","event":"First course keys: ['index', 'institution', 'institution_descr', 'crse_id', 'crse_offer_nbr', 'strm', 'session_code', 'session_descr', 'class_section', 'location', 'location_descr', 'start_dt', 'end_dt', 'class_stat', 'campus', 'campus_descr', 'class_nbr', 'acad_career', 'acad_career_descr', 'component', 'subject', 'subject_descr', 'catalog_nbr', 'class_type', 'schedule_print']","logger":"task.stdout"}
{"timestamp":"2026-03-06T22:19:21.985279Z","level":"info","event":"Operations prepared: 100","logger":"task.stdout"}
{"timestamp":"2026-03-06T22:19:31.542035Z","level":"info","event":"First course keys: ['index', 'institution', 'institution_descr', 'crse_id', 'crse_offer_nbr', 'strm', 'session_code', 'session_descr', 'class_section', 'location', 'location_descr', 'start_dt', 'end_dt', 'class_stat', 'campus', 'campus_descr', 'class_nbr', 'acad_career', 'acad_career_descr', 'component', 'subject', 'subject_descr', 'catalog_nbr', 'class_type', 'schedule_print']","logger":"task.stdout"}
{"timestamp":"2026-03-06T22:19:31.542918Z","level":"info","event":"Operations prepared: 100","logger":"task.stdout"}
{"timestamp":"2026-03-06T22:19:40.344778Z","level":"info","event":"First course keys: ['index', 'institution', 'institution_descr', 'crse_id', 'crse_offer_nbr', 'strm', 'session_code', 'session_descr', 'class_section', 'location', 'location_descr', 'start_dt', 'end_dt', 'class_stat', 'campus', 'campus_descr', 'class_nbr', 'acad_career', 'acad_career_descr', 'component', 'subject', 'subject_descr', 'catalog_nbr', 'class_type', 'schedule_print']","logger":"task.stdout"}
{"timestamp":"2026-03-06T22:19:40.347170Z","level":"info","event":"Operations prepared: 100","logger":"task.stdout"}
{"timestamp":"2026-03-06T22:19:48.675501Z","level":"info","event":"First course keys: ['index', 'institution', 'institution_descr', 'crse_id', 'crse_offer_nbr', 'strm', 'session_code', 'session_descr', 'class_section', 'location', 'location_descr', 'start_dt', 'end_dt', 'class_stat', 'campus', 'campus_descr', 'class_nbr', 'acad_career', 'acad_career_descr', 'component', 'subject', 'subject_descr', 'catalog_nbr', 'class_type', 'schedule_print']","logger":"task.stdout"}
{"timestamp":"2026-03-06T22:19:48.677971Z","level":"info","event":"Operations prepared: 100","logger":"task.stdout"}
{"timestamp":"2026-03-06T22:19:55.802998Z","level":"info","event":"First course keys: ['index', 'institution', 'institution_descr', 'crse_id', 'crse_offer_nbr', 'strm', 'session_code', 'session_descr', 'class_section', 'location', 'location_descr', 'start_dt', 'end_dt', 'class_stat', 'campus', 'campus_descr', 'class_nbr', 'acad_career', 'acad_career_descr', 'component', 'subject', 'subject_descr', 'catalog_nbr', 'class_type', 'schedule_print']","logger":"task.stdout"}
{"timestamp":"2026-03-06T22:19:55.805506Z","level":"info","event":"Operations prepared: 100","logger":"task.stdout"}
{"timestamp":"2026-03-06T22:20:02.625570Z","level":"info","event":"First course keys: ['index', 'institution', 'institution_descr', 'crse_id', 'crse_offer_nbr', 'strm', 'session_code', 'session_descr', 'class_section', 'location', 'location_descr', 'start_dt', 'end_dt', 'class_stat', 'campus', 'campus_descr', 'class_nbr', 'acad_career', 'acad_career_descr', 'component', 'subject', 'subject_descr', 'catalog_nbr', 'class_type', 'schedule_print']","logger":"task.stdout"}
{"timestamp":"2026-03-06T22:20:02.626409Z","level":"info","event":"Operations prepared: 100","logger":"task.stdout"}
{"timestamp":"2026-03-06T22:20:10.123307Z","level":"info","event":"First course keys: ['index', 'institution', 'institution_descr', 'crse_id', 'crse_offer_nbr', 'strm', 'session_code', 'session_descr', 'class_section', 'location', 'location_descr', 'start_dt', 'end_dt', 'class_stat', 'campus', 'campus_descr', 'class_nbr', 'acad_career', 'acad_career_descr', 'component', 'subject', 'subject_descr', 'catalog_nbr', 'class_type', 'schedule_print']","logger":"task.stdout"}
{"timestamp":"2026-03-06T22:20:10.126020Z","level":"info","event":"Operations prepared: 100","logger":"task.stdout"}
{"timestamp":"2026-03-06T22:20:18.104607Z","level":"info","event":"First course keys: ['index', 'institution', 'institution_descr', 'crse_id', 'crse_offer_nbr', 'strm', 'session_code', 'session_descr', 'class_section', 'location', 'location_descr', 'start_dt', 'end_dt', 'class_stat', 'campus', 'campus_descr', 'class_nbr', 'acad_career', 'acad_career_descr', 'component', 'subject', 'subject_descr', 'catalog_nbr', 'class_type', 'schedule_print']","logger":"task.stdout"}
{"timestamp":"2026-03-06T22:20:18.107457Z","level":"info","event":"Operations prepared: 100","logger":"task.stdout"}
{"timestamp":"2026-03-06T22:20:26.534481Z","level":"info","event":"First course keys: ['index', 'institution', 'institution_descr', 'crse_id', 'crse_offer_nbr', 'strm', 'session_code', 'session_descr', 'class_section', 'location', 'location_descr', 'start_dt', 'end_dt', 'class_stat', 'campus', 'campus_descr', 'class_nbr', 'acad_career', 'acad_career_descr', 'component', 'subject', 'subject_descr', 'catalog_nbr', 'class_type', 'schedule_print']","logger":"task.stdout"}
{"timestamp":"2026-03-06T22:20:26.536940Z","level":"info","event":"Operations prepared: 100","logger":"task.stdout"}
{"timestamp":"2026-03-06T22:20:36.461813Z","level":"info","event":"First course keys: ['index', 'institution', 'institution_descr', 'crse_id', 'crse_offer_nbr', 'strm', 'session_code', 'session_descr', 'class_section', 'location', 'location_descr', 'start_dt', 'end_dt', 'class_stat', 'campus', 'campus_descr', 'class_nbr', 'acad_career', 'acad_career_descr', 'component', 'subject', 'subject_descr', 'catalog_nbr', 'class_type', 'schedule_print']","logger":"task.stdout"}
{"timestamp":"2026-03-06T22:20:36.464149Z","level":"info","event":"Operations prepared: 100","logger":"task.stdout"}
{"timestamp":"2026-03-06T22:20:45.549945Z","level":"info","event":"First course keys: ['index', 'institution', 'institution_descr', 'crse_id', 'crse_offer_nbr', 'strm', 'session_code', 'session_descr', 'class_section', 'location', 'location_descr', 'start_dt', 'end_dt', 'class_stat', 'campus', 'campus_descr', 'class_nbr', 'acad_career', 'acad_career_descr', 'component', 'subject', 'subject_descr', 'catalog_nbr', 'class_type', 'schedule_print']","logger":"task.stdout"}
{"timestamp":"2026-03-06T22:20:45.552590Z","level":"info","event":"Operations prepared: 100","logger":"task.stdout"}
{"timestamp":"2026-03-06T22:20:56.071216Z","level":"info","event":"First course keys: ['index', 'institution', 'institution_descr', 'crse_id', 'crse_offer_nbr', 'strm', 'session_code', 'session_descr', 'class_section', 'location', 'location_descr', 'start_dt', 'end_dt', 'class_stat', 'campus', 'campus_descr', 'class_nbr', 'acad_career', 'acad_career_descr', 'component', 'subject', 'subject_descr', 'catalog_nbr', 'class_type', 'schedule_print']","logger":"task.stdout"}
{"timestamp":"2026-03-06T22:20:56.073568Z","level":"info","event":"Operations prepared: 100","logger":"task.stdout"}
{"timestamp":"2026-03-06T22:21:03.997437Z","level":"info","event":"First course keys: ['index', 'institution', 'institution_descr', 'crse_id', 'crse_offer_nbr', 'strm', 'session_code', 'session_descr', 'class_section', 'location', 'location_descr', 'start_dt', 'end_dt', 'class_stat', 'campus', 'campus_descr', 'class_nbr', 'acad_career', 'acad_career_descr', 'component', 'subject', 'subject_descr', 'catalog_nbr', 'class_type', 'schedule_print']","logger":"task.stdout"}
{"timestamp":"2026-03-06T22:21:03.999538Z","level":"info","event":"Operations prepared: 100","logger":"task.stdout"}
{"timestamp":"2026-03-06T22:21:11.082957Z","level":"info","event":"First course keys: ['index', 'institution', 'institution_descr', 'crse_id', 'crse_offer_nbr', 'strm', 'session_code', 'session_descr', 'class_section', 'location', 'location_descr', 'start_dt', 'end_dt', 'class_stat', 'campus', 'campus_descr', 'class_nbr', 'acad_career', 'acad_career_descr', 'component', 'subject', 'subject_descr', 'catalog_nbr', 'class_type', 'schedule_print']","logger":"task.stdout"}
{"timestamp":"2026-03-06T22:21:11.085702Z","level":"info","event":"Operations prepared: 100","logger":"task.stdout"}
{"timestamp":"2026-03-06T22:21:19.829552Z","level":"info","event":"First course keys: ['index', 'institution', 'institution_descr', 'crse_id', 'crse_offer_nbr', 'strm', 'session_code', 'session_descr', 'class_section', 'location', 'location_descr', 'start_dt', 'end_dt', 'class_stat', 'campus', 'campus_descr', 'class_nbr', 'acad_career', 'acad_career_descr', 'component', 'subject', 'subject_descr', 'catalog_nbr', 'class_type', 'schedule_print']","logger":"task.stdout"}
{"timestamp":"2026-03-06T22:21:19.831332Z","level":"info","event":"Operations prepared: 31","logger":"task.stdout"}
{"timestamp":"2026-03-06T22:21:27.209073Z","level":"info","event":"Done. Returned value was: None","logger":"airflow.task.operators.airflow.providers.standard.operators.python.PythonOperator","filename":"python.py","lineno":230}
