{"timestamp":"2026-02-12T01:14:43.972131Z","level":"info","event":"DAG bundles loaded: dags-folder","logger":"airflow.dag_processing.bundles.manager.DagBundlesManager","filename":"manager.py","lineno":179}
{"timestamp":"2026-02-12T01:14:43.972935Z","level":"info","event":"Filling up the DagBag from /opt/airflow/dags/professor_rating_dag.py","logger":"airflow.models.dagbag.BundleDagBag","filename":"dagbag.py","lineno":593}
{"timestamp":"2026-02-12T01:14:44.077677Z","level":"info","event":"Processing course APMA 3150 with 5 instructors","logger":"task.stdout"}
{"timestamp":"2026-02-12T01:14:44.079165Z","level":"info","event":"Updated instructor Meiqin Li with rating 3.83","logger":"task.stdout"}
{"timestamp":"2026-02-12T01:14:44.079599Z","level":"info","event":"Updated instructor Meiqin Li with difficulty 3.00","logger":"task.stdout"}
{"timestamp":"2026-02-12T01:14:44.080205Z","level":"info","event":"Updated instructor Gianluca Guadagni with rating 4.00","logger":"task.stdout"}
{"timestamp":"2026-02-12T01:14:44.080565Z","level":"info","event":"Updated instructor Gianluca Guadagni with difficulty 3.00","logger":"task.stdout"}
{"timestamp":"2026-02-12T01:14:44.113231Z","level":"info","event":"Processing course APMA 3501 with 17 instructors","logger":"task.stdout"}
{"timestamp":"2026-02-12T01:14:44.141275Z","level":"info","event":"Processing course APMA 4993 with 4 instructors","logger":"task.stdout"}
{"timestamp":"2026-02-12T01:14:44.173540Z","level":"info","event":"Processing course APMA 1090 with 16 instructors","logger":"task.stdout"}
{"timestamp":"2026-02-12T01:14:44.177220Z","level":"info","event":"Updated instructor Hui Ma with rating 4.13","logger":"task.stdout"}
{"timestamp":"2026-02-12T01:14:44.179481Z","level":"info","event":"Updated instructor Hui Ma with difficulty 3.10","logger":"task.stdout"}
{"timestamp":"2026-02-12T01:14:44.180159Z","level":"info","event":"Updated instructor Julie Spencer with rating 4.67","logger":"task.stdout"}
{"timestamp":"2026-02-12T01:14:44.180528Z","level":"info","event":"Updated instructor Julie Spencer with difficulty 3.00","logger":"task.stdout"}
{"timestamp":"2026-02-12T01:14:44.211227Z","level":"info","event":"Processing course APMA 1110 with 17 instructors","logger":"task.stdout"}
{"timestamp":"2026-02-12T01:14:44.212259Z","level":"info","event":"Updated instructor Monika Abramenko with rating 3.80","logger":"task.stdout"}
{"timestamp":"2026-02-12T01:14:44.212656Z","level":"info","event":"Updated instructor Monika Abramenko with difficulty 3.27","logger":"task.stdout"}
{"timestamp":"2026-02-12T01:14:44.213255Z","level":"info","event":"Updated instructor Anne Fernando with rating 4.67","logger":"task.stdout"}
{"timestamp":"2026-02-12T01:14:44.213609Z","level":"info","event":"Updated instructor Anne Fernando with difficulty 3.00","logger":"task.stdout"}
{"timestamp":"2026-02-12T01:14:44.214062Z","level":"info","event":"Updated instructor Matthew McMillan with rating 3.44","logger":"task.stdout"}
{"timestamp":"2026-02-12T01:14:44.214803Z","level":"info","event":"Updated instructor Matthew McMillan with difficulty 4.00","logger":"task.stdout"}
{"timestamp":"2026-02-12T01:14:44.215243Z","level":"info","event":"Updated instructor Meiqin Li with rating 4.75","logger":"task.stdout"}
{"timestamp":"2026-02-12T01:14:44.215548Z","level":"info","event":"Updated instructor Meiqin Li with difficulty 3.50","logger":"task.stdout"}
{"timestamp":"2026-02-12T01:14:44.216145Z","level":"info","event":"Updated instructor Hui Ma with rating 4.67","logger":"task.stdout"}
{"timestamp":"2026-02-12T01:14:44.216438Z","level":"info","event":"Updated instructor Hui Ma with difficulty 3.33","logger":"task.stdout"}
{"timestamp":"2026-02-12T01:14:44.217053Z","level":"info","event":"Updated instructor Diana Morris with rating 4.33","logger":"task.stdout"}
{"timestamp":"2026-02-12T01:14:44.217392Z","level":"info","event":"Updated instructor Diana Morris with difficulty 3.25","logger":"task.stdout"}
{"timestamp":"2026-02-12T01:14:44.217896Z","level":"info","event":"Updated instructor Gianluca Guadagni with rating 2.86","logger":"task.stdout"}
{"timestamp":"2026-02-12T01:14:44.218240Z","level":"info","event":"Updated instructor Gianluca Guadagni with difficulty 3.93","logger":"task.stdout"}
{"timestamp":"2026-02-12T01:14:44.254475Z","level":"info","event":"Processing course APMA 2120 with 30 instructors","logger":"task.stdout"}
{"timestamp":"2026-02-12T01:14:44.255077Z","level":"info","event":"Updated instructor Megan Ryals with rating 3.00","logger":"task.stdout"}
{"timestamp":"2026-02-12T01:14:44.255432Z","level":"info","event":"Updated instructor Megan Ryals with difficulty 3.50","logger":"task.stdout"}
{"timestamp":"2026-02-12T01:14:44.255934Z","level":"info","event":"Updated instructor Christian Hellings with rating 4.43","logger":"task.stdout"}
{"timestamp":"2026-02-12T01:14:44.256288Z","level":"info","event":"Updated instructor Christian Hellings with difficulty 3.29","logger":"task.stdout"}
{"timestamp":"2026-02-12T01:14:44.256805Z","level":"info","event":"Updated instructor Asif Mahmood with rating 3.76","logger":"task.stdout"}
{"timestamp":"2026-02-12T01:14:44.257219Z","level":"info","event":"Updated instructor Asif Mahmood with difficulty 3.60","logger":"task.stdout"}
{"timestamp":"2026-02-12T01:14:44.257928Z","level":"info","event":"Updated instructor Heze Chen with rating 4.47","logger":"task.stdout"}
{"timestamp":"2026-02-12T01:14:44.258298Z","level":"info","event":"Updated instructor Heze Chen with difficulty 2.60","logger":"task.stdout"}
{"timestamp":"2026-02-12T01:14:44.258918Z","level":"info","event":"Updated instructor Joshua Choi with rating 2.89","logger":"task.stdout"}
{"timestamp":"2026-02-12T01:14:44.259285Z","level":"info","event":"Updated instructor Joshua Choi with difficulty 3.33","logger":"task.stdout"}
{"timestamp":"2026-02-12T01:14:44.260125Z","level":"info","event":"Updated instructor Hui Ma with rating 4.45","logger":"task.stdout"}
{"timestamp":"2026-02-12T01:14:44.260493Z","level":"info","event":"Updated instructor Hui Ma with difficulty 2.95","logger":"task.stdout"}
{"timestamp":"2026-02-12T01:14:44.261329Z","level":"info","event":"Updated instructor Diana Morris with rating 4.42","logger":"task.stdout"}
{"timestamp":"2026-02-12T01:14:44.261677Z","level":"info","event":"Updated instructor Diana Morris with difficulty 3.50","logger":"task.stdout"}
{"timestamp":"2026-02-12T01:14:44.262715Z","level":"info","event":"Updated instructor Gang Tao with rating 1.61","logger":"task.stdout"}
{"timestamp":"2026-02-12T01:14:44.263070Z","level":"info","event":"Updated instructor Gang Tao with difficulty 3.50","logger":"task.stdout"}
{"timestamp":"2026-02-12T01:14:46.421706Z","level":"info","event":"Processing course APMA 2130 with 28 instructors","logger":"task.stdout"}
{"timestamp":"2026-02-12T01:14:46.423065Z","level":"info","event":"Updated instructor Julie Spencer with rating 2.25","logger":"task.stdout"}
{"timestamp":"2026-02-12T01:14:46.423525Z","level":"info","event":"Updated instructor Julie Spencer with difficulty 4.00","logger":"task.stdout"}
{"timestamp":"2026-02-12T01:14:46.424142Z","level":"info","event":"Updated instructor Anne Fernando with rating 5.00","logger":"task.stdout"}
{"timestamp":"2026-02-12T01:14:46.424537Z","level":"info","event":"Updated instructor Anne Fernando with difficulty 2.00","logger":"task.stdout"}
{"timestamp":"2026-02-12T01:14:46.425271Z","level":"info","event":"Updated instructor Diana Morris with rating 4.44","logger":"task.stdout"}
{"timestamp":"2026-02-12T01:14:46.425639Z","level":"info","event":"Updated instructor Diana Morris with difficulty 3.27","logger":"task.stdout"}
{"timestamp":"2026-02-12T01:14:46.426435Z","level":"info","event":"Updated instructor Hui Ma with rating 3.67","logger":"task.stdout"}
{"timestamp":"2026-02-12T01:14:46.426823Z","level":"info","event":"Updated instructor Hui Ma with difficulty 3.67","logger":"task.stdout"}
{"timestamp":"2026-02-12T01:14:46.429259Z","level":"info","event":"Updated instructor Gianluca Guadagni with rating 3.50","logger":"task.stdout"}
{"timestamp":"2026-02-12T01:14:46.430177Z","level":"info","event":"Updated instructor Gianluca Guadagni with difficulty 3.75","logger":"task.stdout"}
{"timestamp":"2026-02-12T01:14:46.431049Z","level":"info","event":"Updated instructor Megan Ryals with rating 2.22","logger":"task.stdout"}
{"timestamp":"2026-02-12T01:14:46.431398Z","level":"info","event":"Updated instructor Megan Ryals with difficulty 4.00","logger":"task.stdout"}
{"timestamp":"2026-02-12T01:14:46.432128Z","level":"info","event":"Updated instructor Meiqin Li with rating 3.67","logger":"task.stdout"}
{"timestamp":"2026-02-12T01:14:46.432521Z","level":"info","event":"Updated instructor Meiqin Li with difficulty 3.00","logger":"task.stdout"}
{"timestamp":"2026-02-12T01:14:46.458758Z","level":"info","event":"Processing course APMA 2501 with 10 instructors","logger":"task.stdout"}
{"timestamp":"2026-02-12T01:14:46.459641Z","level":"info","event":"Updated instructor Farzad Hassanzadeh with rating 3.95","logger":"task.stdout"}
{"timestamp":"2026-02-12T01:14:46.460019Z","level":"info","event":"Updated instructor Farzad Hassanzadeh with difficulty 3.57","logger":"task.stdout"}
{"timestamp":"2026-02-12T01:14:46.460574Z","level":"info","event":"Updated instructor Gianluca Guadagni with rating 3.33","logger":"task.stdout"}
{"timestamp":"2026-02-12T01:14:46.460941Z","level":"info","event":"Updated instructor Gianluca Guadagni with difficulty 2.00","logger":"task.stdout"}
{"timestamp":"2026-02-12T01:14:46.491079Z","level":"info","event":"Processing course APMA 3080 with 22 instructors","logger":"task.stdout"}
{"timestamp":"2026-02-12T01:14:46.491830Z","level":"info","event":"Updated instructor Monika Abramenko with rating 3.70","logger":"task.stdout"}
{"timestamp":"2026-02-12T01:14:46.492308Z","level":"info","event":"Updated instructor Monika Abramenko with difficulty 3.13","logger":"task.stdout"}
{"timestamp":"2026-02-12T01:14:46.492867Z","level":"info","event":"Updated instructor Meiqin Li with rating 3.59","logger":"task.stdout"}
{"timestamp":"2026-02-12T01:14:46.493256Z","level":"info","event":"Updated instructor Meiqin Li with difficulty 2.69","logger":"task.stdout"}
{"timestamp":"2026-02-12T01:14:46.493835Z","level":"info","event":"Updated instructor Asif Mahmood with rating 4.67","logger":"task.stdout"}
{"timestamp":"2026-02-12T01:14:46.494207Z","level":"info","event":"Updated instructor Asif Mahmood with difficulty 2.50","logger":"task.stdout"}
{"timestamp":"2026-02-12T01:14:46.494913Z","level":"info","event":"Updated instructor James Lark with rating 2.33","logger":"task.stdout"}
{"timestamp":"2026-02-12T01:14:46.495283Z","level":"info","event":"Updated instructor James Lark with difficulty 3.00","logger":"task.stdout"}
{"timestamp":"2026-02-12T01:14:46.495784Z","level":"info","event":"Updated instructor Heze Chen with rating 4.56","logger":"task.stdout"}
{"timestamp":"2026-02-12T01:14:46.496149Z","level":"info","event":"Updated instructor Heze Chen with difficulty 3.33","logger":"task.stdout"}
{"timestamp":"2026-02-12T01:14:46.496669Z","level":"info","event":"Updated instructor Christian Hellings with rating 5.00","logger":"task.stdout"}
{"timestamp":"2026-02-12T01:14:46.497017Z","level":"info","event":"Updated instructor Christian Hellings with difficulty 3.00","logger":"task.stdout"}
{"timestamp":"2026-02-12T01:14:46.497701Z","level":"info","event":"Updated instructor Diana Morris with rating 4.57","logger":"task.stdout"}
{"timestamp":"2026-02-12T01:14:46.498061Z","level":"info","event":"Updated instructor Diana Morris with difficulty 2.70","logger":"task.stdout"}
{"timestamp":"2026-02-12T01:14:46.498783Z","level":"info","event":"Updated instructor Hui Ma with rating 3.25","logger":"task.stdout"}
{"timestamp":"2026-02-12T01:14:46.499149Z","level":"info","event":"Updated instructor Hui Ma with difficulty 4.00","logger":"task.stdout"}
{"timestamp":"2026-02-12T01:14:46.500096Z","level":"info","event":"Updated instructor Jeffrey Holt with rating 4.22","logger":"task.stdout"}
{"timestamp":"2026-02-12T01:14:46.500544Z","level":"info","event":"Updated instructor Jeffrey Holt with difficulty 3.50","logger":"task.stdout"}
{"timestamp":"2026-02-12T01:14:46.534238Z","level":"info","event":"Processing course APMA 3100 with 27 instructors","logger":"task.stdout"}
{"timestamp":"2026-02-12T01:14:46.534952Z","level":"info","event":"Updated instructor Megan Ryals with rating 3.50","logger":"task.stdout"}
{"timestamp":"2026-02-12T01:14:46.535332Z","level":"info","event":"Updated instructor Megan Ryals with difficulty 3.60","logger":"task.stdout"}
{"timestamp":"2026-02-12T01:14:46.536038Z","level":"info","event":"Updated instructor Hui Ma with rating 4.33","logger":"task.stdout"}
{"timestamp":"2026-02-12T01:14:46.536383Z","level":"info","event":"Updated instructor Hui Ma with difficulty 3.50","logger":"task.stdout"}
{"timestamp":"2026-02-12T01:14:46.536965Z","level":"info","event":"Updated instructor Christian Hellings with rating 4.00","logger":"task.stdout"}
{"timestamp":"2026-02-12T01:14:46.537395Z","level":"info","event":"Updated instructor Christian Hellings with difficulty 4.50","logger":"task.stdout"}
{"timestamp":"2026-02-12T01:14:46.537923Z","level":"info","event":"Updated instructor Deepyaman Maiti with rating 3.83","logger":"task.stdout"}
{"timestamp":"2026-02-12T01:14:46.538277Z","level":"info","event":"Updated instructor Deepyaman Maiti with difficulty 3.50","logger":"task.stdout"}
{"timestamp":"2026-02-12T01:14:46.540636Z","level":"info","event":"Updated instructor Jundong Li with rating 3.67","logger":"task.stdout"}
{"timestamp":"2026-02-12T01:14:46.541761Z","level":"info","event":"Updated instructor Jundong Li with difficulty 2.50","logger":"task.stdout"}
{"timestamp":"2026-02-12T01:14:46.542715Z","level":"info","event":"Updated instructor Cong Shen with rating 3.33","logger":"task.stdout"}
{"timestamp":"2026-02-12T01:14:46.544147Z","level":"info","event":"Updated instructor Cong Shen with difficulty 4.00","logger":"task.stdout"}
{"timestamp":"2026-02-12T01:14:46.545013Z","level":"info","event":"Updated instructor Meiqin Li with rating 3.92","logger":"task.stdout"}
{"timestamp":"2026-02-12T01:14:46.545404Z","level":"info","event":"Updated instructor Meiqin Li with difficulty 3.00","logger":"task.stdout"}
{"timestamp":"2026-02-12T01:14:46.546832Z","level":"info","event":"Updated instructor Gianluca Guadagni with rating 2.10","logger":"task.stdout"}
{"timestamp":"2026-02-12T01:14:46.547171Z","level":"info","event":"Updated instructor Gianluca Guadagni with difficulty 4.10","logger":"task.stdout"}
{"timestamp":"2026-02-12T01:14:46.582375Z","level":"info","event":"Processing course APMA 3110 with 21 instructors","logger":"task.stdout"}
{"timestamp":"2026-02-12T01:14:46.583250Z","level":"info","event":"Updated instructor Hui Ma with rating 4.56","logger":"task.stdout"}
{"timestamp":"2026-02-12T01:14:46.583721Z","level":"info","event":"Updated instructor Hui Ma with difficulty 3.33","logger":"task.stdout"}
{"timestamp":"2026-02-12T01:14:46.584346Z","level":"info","event":"Updated instructor Deepyaman Maiti with rating 3.78","logger":"task.stdout"}
{"timestamp":"2026-02-12T01:14:46.584727Z","level":"info","event":"Updated instructor Deepyaman Maiti with difficulty 2.33","logger":"task.stdout"}
{"timestamp":"2026-02-12T01:14:46.585241Z","level":"info","event":"Updated instructor Gary Koenig with rating 2.80","logger":"task.stdout"}
{"timestamp":"2026-02-12T01:14:46.585767Z","level":"info","event":"Updated instructor Gary Koenig with difficulty 4.60","logger":"task.stdout"}
{"timestamp":"2026-02-12T01:14:46.588016Z","level":"info","event":"Updated instructor Megan Ryals with rating 2.17","logger":"task.stdout"}
{"timestamp":"2026-02-12T01:14:46.588395Z","level":"info","event":"Updated instructor Megan Ryals with difficulty 4.50","logger":"task.stdout"}
{"timestamp":"2026-02-12T01:14:46.589160Z","level":"info","event":"Updated instructor James Lark with rating 2.89","logger":"task.stdout"}
{"timestamp":"2026-02-12T01:14:46.589516Z","level":"info","event":"Updated instructor James Lark with difficulty 3.33","logger":"task.stdout"}
{"timestamp":"2026-02-12T01:14:46.590284Z","level":"info","event":"Updated instructor Diana Morris with rating 4.17","logger":"task.stdout"}
{"timestamp":"2026-02-12T01:14:46.590635Z","level":"info","event":"Updated instructor Diana Morris with difficulty 3.00","logger":"task.stdout"}
{"timestamp":"2026-02-12T01:14:46.591131Z","level":"info","event":"Updated instructor Gianluca Guadagni with rating 2.33","logger":"task.stdout"}
{"timestamp":"2026-02-12T01:14:46.591463Z","level":"info","event":"Updated instructor Gianluca Guadagni with difficulty 2.00","logger":"task.stdout"}
{"timestamp":"2026-02-12T01:14:46.591973Z","level":"info","event":"Updated instructor Dan Spitzner with rating 3.22","logger":"task.stdout"}
{"timestamp":"2026-02-12T01:14:46.592322Z","level":"info","event":"Updated instructor Dan Spitzner with difficulty 1.33","logger":"task.stdout"}
{"timestamp":"2026-02-12T01:14:46.616964Z","level":"info","event":"Processing course APMA 3120 with 3 instructors","logger":"task.stdout"}
{"timestamp":"2026-02-12T01:14:46.617841Z","level":"info","event":"Updated instructor James Lark with rating 3.65","logger":"task.stdout"}
{"timestamp":"2026-02-12T01:14:46.618264Z","level":"info","event":"Updated instructor James Lark with difficulty 2.87","logger":"task.stdout"}
{"timestamp":"2026-02-12T01:14:46.618837Z","level":"info","event":"Updated instructor Anne Fernando with rating 3.33","logger":"task.stdout"}
{"timestamp":"2026-02-12T01:14:46.619207Z","level":"info","event":"Updated instructor Anne Fernando with difficulty 4.00","logger":"task.stdout"}
{"timestamp":"2026-02-12T01:14:46.648922Z","level":"info","event":"Processing course APMA 3140 with 12 instructors","logger":"task.stdout"}
{"timestamp":"2026-02-12T01:14:46.649829Z","level":"info","event":"Updated instructor Diana Morris with rating 4.67","logger":"task.stdout"}
{"timestamp":"2026-02-12T01:14:46.650214Z","level":"info","event":"Updated instructor Diana Morris with difficulty 2.80","logger":"task.stdout"}
{"timestamp":"2026-02-12T01:14:46.651893Z","level":"info","event":"Updated instructor Gianluca Guadagni with rating 2.50","logger":"task.stdout"}
{"timestamp":"2026-02-12T01:14:46.652286Z","level":"info","event":"Updated instructor Gianluca Guadagni with difficulty 3.50","logger":"task.stdout"}
{"timestamp":"2026-02-12T01:14:46.707762Z","level":"info","event":"Processing course ARH 1020 with 39 instructors","logger":"task.stdout"}
{"timestamp":"2026-02-12T01:14:46.708217Z","level":"info","event":"Updated instructor Sheila Crane with rating 3.82","logger":"task.stdout"}
{"timestamp":"2026-02-12T01:14:46.708966Z","level":"info","event":"Updated instructor Sheila Crane with difficulty 2.85","logger":"task.stdout"}
{"timestamp":"2026-02-12T01:14:46.921169Z","level":"info","event":"Processing course ARH 2702 with 3 instructors","logger":"task.stdout"}
{"timestamp":"2026-02-12T01:14:46.941424Z","level":"info","event":"Processing course ARH 3060 with 1 instructors","logger":"task.stdout"}
{"timestamp":"2026-02-12T01:14:46.961451Z","level":"info","event":"Processing course ARH 3403 with 1 instructors","logger":"task.stdout"}
{"timestamp":"2026-02-12T01:14:46.962203Z","level":"info","event":"Updated instructor Shiqiao Li with rating 2.50","logger":"task.stdout"}
{"timestamp":"2026-02-12T01:14:46.962614Z","level":"info","event":"Updated instructor Shiqiao Li with difficulty 2.50","logger":"task.stdout"}
{"timestamp":"2026-02-12T01:14:46.987450Z","level":"info","event":"Processing course ARH 3500 with 11 instructors","logger":"task.stdout"}
{"timestamp":"2026-02-12T01:14:46.988507Z","level":"info","event":"Updated instructor Andrew Johnston with rating 4.00","logger":"task.stdout"}
{"timestamp":"2026-02-12T01:14:46.988924Z","level":"info","event":"Updated instructor Andrew Johnston with difficulty 2.00","logger":"task.stdout"}
{"timestamp":"2026-02-12T01:14:47.010657Z","level":"info","event":"Processing course ARH 3604 with 4 instructors","logger":"task.stdout"}
{"timestamp":"2026-02-12T01:14:47.035243Z","level":"info","event":"Processing course ARH 4591 with 11 instructors","logger":"task.stdout"}
{"timestamp":"2026-02-12T01:14:47.057786Z","level":"info","event":"Processing course ARH 4993 with 7 instructors","logger":"task.stdout"}
{"timestamp":"2026-02-12T01:14:47.085366Z","level":"info","event":"Processing course ARH 4999 with 16 instructors","logger":"task.stdout"}
{"timestamp":"2026-02-12T01:14:47.110907Z","level":"info","event":"Processing course ASL 1020 with 15 instructors","logger":"task.stdout"}
{"timestamp":"2026-02-12T01:14:47.111524Z","level":"info","event":"Updated instructor Gregory Propp with rating 4.22","logger":"task.stdout"}
{"timestamp":"2026-02-12T01:14:47.111917Z","level":"info","event":"Updated instructor Gregory Propp with difficulty 3.00","logger":"task.stdout"}
{"timestamp":"2026-02-12T01:14:47.112423Z","level":"info","event":"Updated instructor Tammy Waddell with rating 4.67","logger":"task.stdout"}
{"timestamp":"2026-02-12T01:14:47.112822Z","level":"info","event":"Updated instructor Tammy Waddell with difficulty 1.00","logger":"task.stdout"}
{"timestamp":"2026-02-12T01:14:47.113347Z","level":"info","event":"Updated instructor Miranda Slusser with rating 5.00","logger":"task.stdout"}
{"timestamp":"2026-02-12T01:14:47.113724Z","level":"info","event":"Updated instructor Miranda Slusser with difficulty 3.00","logger":"task.stdout"}
{"timestamp":"2026-02-12T01:14:47.114602Z","level":"info","event":"Updated instructor Christopher Krentz with rating 2.33","logger":"task.stdout"}
{"timestamp":"2026-02-12T01:14:47.114949Z","level":"info","event":"Updated instructor Christopher Krentz with difficulty 5.00","logger":"task.stdout"}
{"timestamp":"2026-02-12T01:14:47.227123Z","level":"info","event":"Processing course ASL 2020 with 9 instructors","logger":"task.stdout"}
{"timestamp":"2026-02-12T01:14:47.227858Z","level":"info","event":"Updated instructor Gregory Propp with rating 4.50","logger":"task.stdout"}
{"timestamp":"2026-02-12T01:14:47.228228Z","level":"info","event":"Updated instructor Gregory Propp with difficulty 3.00","logger":"task.stdout"}
{"timestamp":"2026-02-12T01:14:47.228742Z","level":"info","event":"Updated instructor Maher Eshgi with rating 2.67","logger":"task.stdout"}
{"timestamp":"2026-02-12T01:14:47.229107Z","level":"info","event":"Updated instructor Maher Eshgi with difficulty 1.00","logger":"task.stdout"}
{"timestamp":"2026-02-12T01:14:47.249076Z","level":"info","event":"Processing course ASL 3015 with 1 instructors","logger":"task.stdout"}
{"timestamp":"2026-02-12T01:14:47.268317Z","level":"info","event":"Processing course ASL 3020 with 1 instructors","logger":"task.stdout"}
{"timestamp":"2026-02-12T01:14:47.290934Z","level":"info","event":"Processing course ASL 3460 with 1 instructors","logger":"task.stdout"}
{"timestamp":"2026-02-12T01:14:47.314753Z","level":"info","event":"Processing course ASL 3559 with 8 instructors","logger":"task.stdout"}
{"timestamp":"2026-02-12T01:14:47.336339Z","level":"info","event":"Processing course ASL 4450 with 1 instructors","logger":"task.stdout"}
{"timestamp":"2026-02-12T01:14:47.357247Z","level":"info","event":"Processing course ASL 4750 with 1 instructors","logger":"task.stdout"}
{"timestamp":"2026-02-12T01:14:47.357925Z","level":"info","event":"Updated instructor Christopher Krentz with rating 4.67","logger":"task.stdout"}
{"timestamp":"2026-02-12T01:14:47.358308Z","level":"info","event":"Updated instructor Christopher Krentz with difficulty 3.00","logger":"task.stdout"}
{"timestamp":"2026-02-12T01:14:47.378240Z","level":"info","event":"Processing course ASL 4993 with 1 instructors","logger":"task.stdout"}
{"timestamp":"2026-02-12T01:14:47.410084Z","level":"info","event":"Processing course ASTR 1210 with 20 instructors","logger":"task.stdout"}
{"timestamp":"2026-02-12T01:14:47.411237Z","level":"info","event":"Updated instructor Zhi-Yun Li with rating 3.33","logger":"task.stdout"}
{"timestamp":"2026-02-12T01:14:47.412010Z","level":"info","event":"Updated instructor Zhi-Yun Li with difficulty 3.14","logger":"task.stdout"}
{"timestamp":"2026-02-12T01:14:47.412528Z","level":"info","event":"Updated instructor Remy Indebetouw with rating 2.73","logger":"task.stdout"}
{"timestamp":"2026-02-12T01:14:47.412900Z","level":"info","event":"Updated instructor Remy Indebetouw with difficulty 3.00","logger":"task.stdout"}
{"timestamp":"2026-02-12T01:14:47.413376Z","level":"info","event":"Updated instructor Edward Murphy with rating 3.81","logger":"task.stdout"}
{"timestamp":"2026-02-12T01:14:47.413704Z","level":"info","event":"Updated instructor Edward Murphy with difficulty 2.88","logger":"task.stdout"}
{"timestamp":"2026-02-12T01:14:47.414123Z","level":"info","event":"Updated instructor Aaron Evans with rating 4.07","logger":"task.stdout"}
{"timestamp":"2026-02-12T01:14:47.414461Z","level":"info","event":"Updated instructor Aaron Evans with difficulty 1.86","logger":"task.stdout"}
{"timestamp":"2026-02-12T01:14:47.414904Z","level":"info","event":"Updated instructor Matthew Pryal with rating 4.36","logger":"task.stdout"}
{"timestamp":"2026-02-12T01:14:47.415217Z","level":"info","event":"Updated instructor Matthew Pryal with difficulty 2.60","logger":"task.stdout"}
{"timestamp":"2026-02-12T01:14:47.416076Z","level":"info","event":"Updated instructor Ilse Cleeves with rating 4.33","logger":"task.stdout"}
{"timestamp":"2026-02-12T01:14:47.416417Z","level":"info","event":"Updated instructor Ilse Cleeves with difficulty 2.22","logger":"task.stdout"}
{"timestamp":"2026-02-12T01:14:47.417497Z","level":"info","event":"Updated instructor Craig Sarazin with rating 3.78","logger":"task.stdout"}
{"timestamp":"2026-02-12T01:14:47.417812Z","level":"info","event":"Updated instructor Craig Sarazin with difficulty 1.33","logger":"task.stdout"}
{"timestamp":"2026-02-12T01:14:47.450977Z","level":"info","event":"Processing course ASTR 1220 with 30 instructors","logger":"task.stdout"}
{"timestamp":"2026-02-12T01:14:47.451554Z","level":"info","event":"Updated instructor Matthew Pryal with rating 4.26","logger":"task.stdout"}
{"timestamp":"2026-02-12T01:14:47.451944Z","level":"info","event":"Updated instructor Matthew Pryal with difficulty 2.44","logger":"task.stdout"}
{"timestamp":"2026-02-12T01:14:47.452464Z","level":"info","event":"Updated instructor Shazrene Mohamed with rating 3.33","logger":"task.stdout"}
{"timestamp":"2026-02-12T01:14:47.452845Z","level":"info","event":"Updated instructor Shazrene Mohamed with difficulty 3.00","logger":"task.stdout"}
{"timestamp":"2026-02-12T01:14:47.453331Z","level":"info","event":"Updated instructor Maryam Modjaz with rating 2.92","logger":"task.stdout"}
{"timestamp":"2026-02-12T01:14:47.453691Z","level":"info","event":"Updated instructor Maryam Modjaz with difficulty 2.00","logger":"task.stdout"}
{"timestamp":"2026-02-12T01:14:47.454204Z","level":"info","event":"Updated instructor Bradley Johnson with rating 3.67","logger":"task.stdout"}
{"timestamp":"2026-02-12T01:14:47.454552Z","level":"info","event":"Updated instructor Bradley Johnson with difficulty 1.83","logger":"task.stdout"}
{"timestamp":"2026-02-12T01:14:47.455086Z","level":"info","event":"Updated instructor Craig Sarazin with rating 3.00","logger":"task.stdout"}
{"timestamp":"2026-02-12T01:14:47.455438Z","level":"info","event":"Updated instructor Craig Sarazin with difficulty 4.00","logger":"task.stdout"}
{"timestamp":"2026-02-12T01:14:47.455963Z","level":"info","event":"Updated instructor Nitya Kallivayalil with rating 3.27","logger":"task.stdout"}
{"timestamp":"2026-02-12T01:14:47.456309Z","level":"info","event":"Updated instructor Nitya Kallivayalil with difficulty 2.00","logger":"task.stdout"}
{"timestamp":"2026-02-12T01:14:47.457091Z","level":"info","event":"Updated instructor William Saslaw with rating 1.54","logger":"task.stdout"}
{"timestamp":"2026-02-12T01:14:47.457438Z","level":"info","event":"Updated instructor William Saslaw with difficulty 3.62","logger":"task.stdout"}
{"timestamp":"2026-02-12T01:14:47.458210Z","level":"info","event":"Updated instructor Edward Murphy with rating 5.00","logger":"task.stdout"}
{"timestamp":"2026-02-12T01:14:47.458549Z","level":"info","event":"Updated instructor Edward Murphy with difficulty 4.00","logger":"task.stdout"}
{"timestamp":"2026-02-12T01:14:47.567554Z","level":"info","event":"Processing course ASTR 1250 with 6 instructors","logger":"task.stdout"}
{"timestamp":"2026-02-12T01:14:47.568279Z","level":"info","event":"Updated instructor Yifan Zhou with rating 3.33","logger":"task.stdout"}
{"timestamp":"2026-02-12T01:14:47.568695Z","level":"info","event":"Updated instructor Yifan Zhou with difficulty 3.00","logger":"task.stdout"}
{"timestamp":"2026-02-12T01:14:47.569334Z","level":"info","event":"Updated instructor Phil Arras with rating 3.89","logger":"task.stdout"}
{"timestamp":"2026-02-12T01:14:47.569685Z","level":"info","event":"Updated instructor Phil Arras with difficulty 1.33","logger":"task.stdout"}
{"timestamp":"2026-02-12T01:14:47.592006Z","level":"info","event":"Processing course ASTR 1290 with 4 instructors","logger":"task.stdout"}
{"timestamp":"2026-02-12T01:14:47.592536Z","level":"info","event":"Updated instructor Matthew Pryal with rating 4.17","logger":"task.stdout"}
{"timestamp":"2026-02-12T01:14:47.592903Z","level":"info","event":"Updated instructor Matthew Pryal with difficulty 3.17","logger":"task.stdout"}
{"timestamp":"2026-02-12T01:14:47.593395Z","level":"info","event":"Updated instructor Shane Davis with rating 4.62","logger":"task.stdout"}
{"timestamp":"2026-02-12T01:14:47.593746Z","level":"info","event":"Updated instructor Shane Davis with difficulty 1.85","logger":"task.stdout"}
{"timestamp":"2026-02-12T01:14:47.615111Z","level":"info","event":"Processing course ASTR 1610 with 6 instructors","logger":"task.stdout"}
{"timestamp":"2026-02-12T01:14:47.615604Z","level":"info","event":"Updated instructor Edward Murphy with rating 2.83","logger":"task.stdout"}
{"timestamp":"2026-02-12T01:14:47.615976Z","level":"info","event":"Updated instructor Edward Murphy with difficulty 2.00","logger":"task.stdout"}
{"timestamp":"2026-02-12T01:14:47.616596Z","level":"info","event":"Updated instructor Paul Seidelmann with rating 4.33","logger":"task.stdout"}
{"timestamp":"2026-02-12T01:14:47.616971Z","level":"info","event":"Updated instructor Paul Seidelmann with difficulty 1.00","logger":"task.stdout"}
{"timestamp":"2026-02-12T01:14:47.644309Z","level":"info","event":"Processing course ASTR 2120 with 18 instructors","logger":"task.stdout"}
{"timestamp":"2026-02-12T01:14:47.644911Z","level":"info","event":"Updated instructor Bradley Johnson with rating 4.67","logger":"task.stdout"}
{"timestamp":"2026-02-12T01:14:47.645267Z","level":"info","event":"Updated instructor Bradley Johnson with difficulty 2.00","logger":"task.stdout"}
{"timestamp":"2026-02-12T01:14:47.645821Z","level":"info","event":"Updated instructor Craig Sarazin with rating 4.22","logger":"task.stdout"}
{"timestamp":"2026-02-12T01:14:47.646156Z","level":"info","event":"Updated instructor Craig Sarazin with difficulty 3.00","logger":"task.stdout"}
{"timestamp":"2026-02-12T01:14:47.669606Z","level":"info","event":"Processing course ASTR 3130 with 9 instructors","logger":"task.stdout"}
{"timestamp":"2026-02-12T01:14:47.670152Z","level":"info","event":"Updated instructor Steven Majewski with rating 5.00","logger":"task.stdout"}
{"timestamp":"2026-02-12T01:14:47.670518Z","level":"info","event":"Updated instructor Steven Majewski with difficulty 3.00","logger":"task.stdout"}
{"timestamp":"2026-02-12T01:14:47.694816Z","level":"info","event":"Processing course ASTR 3420 with 11 instructors","logger":"task.stdout"}
{"timestamp":"2026-02-12T01:14:47.714703Z","level":"info","event":"Processing course ASTR 3450 with 1 instructors","logger":"task.stdout"}
{"timestamp":"2026-02-12T01:14:47.715215Z","level":"info","event":"Updated instructor Edward Murphy with rating 4.00","logger":"task.stdout"}
{"timestamp":"2026-02-12T01:14:47.715576Z","level":"info","event":"Updated instructor Edward Murphy with difficulty 2.50","logger":"task.stdout"}
{"timestamp":"2026-02-12T01:14:47.735991Z","level":"info","event":"Processing course ASTR 3490 with 1 instructors","logger":"task.stdout"}
{"timestamp":"2026-02-12T01:14:47.736489Z","level":"info","event":"Updated instructor Mark Whittle with rating 2.83","logger":"task.stdout"}
{"timestamp":"2026-02-12T01:14:47.736858Z","level":"info","event":"Updated instructor Mark Whittle with difficulty 4.00","logger":"task.stdout"}
{"timestamp":"2026-02-12T01:14:47.757245Z","level":"info","event":"Processing course ASTR 3880 with 3 instructors","logger":"task.stdout"}
{"timestamp":"2026-02-12T01:14:47.757786Z","level":"info","event":"Updated instructor Alan Howard with rating 2.17","logger":"task.stdout"}
{"timestamp":"2026-02-12T01:14:47.758136Z","level":"info","event":"Updated instructor Alan Howard with difficulty 3.00","logger":"task.stdout"}
{"timestamp":"2026-02-12T01:14:47.778489Z","level":"info","event":"Processing course ASTR 3881 with 3 instructors","logger":"task.stdout"}
{"timestamp":"2026-02-12T01:14:47.913348Z","level":"info","event":"Processing course ASTR 4140 with 1 instructors","logger":"task.stdout"}
{"timestamp":"2026-02-12T01:14:47.953389Z","level":"info","event":"Processing course ASTR 4470 with 1 instructors","logger":"task.stdout"}
{"timestamp":"2026-02-12T01:14:48.012018Z","level":"info","event":"Processing course ASTR 4993 with 57 instructors","logger":"task.stdout"}
{"timestamp":"2026-02-12T01:14:48.068450Z","level":"info","event":"Processing course ASTR 4998 with 57 instructors","logger":"task.stdout"}
{"timestamp":"2026-02-12T01:14:48.146056Z","level":"info","event":"Processing course BIOL 2200 with 110 instructors","logger":"task.stdout"}
{"timestamp":"2026-02-12T01:14:48.148259Z","level":"info","event":"Updated instructor Jessamyn Manson with rating 3.24","logger":"task.stdout"}
{"timestamp":"2026-02-12T01:14:48.148801Z","level":"info","event":"Updated instructor Jessamyn Manson with difficulty 3.78","logger":"task.stdout"}
{"timestamp":"2026-02-12T01:14:48.187247Z","level":"info","event":"Processing course BIOL 3000 with 12 instructors","logger":"task.stdout"}
{"timestamp":"2026-02-12T01:14:48.188025Z","level":"info","event":"Updated instructor Keith Kozminski with rating 2.97","logger":"task.stdout"}
{"timestamp":"2026-02-12T01:14:48.188419Z","level":"info","event":"Updated instructor Keith Kozminski with difficulty 4.26","logger":"task.stdout"}
{"timestamp":"2026-02-12T01:14:48.189062Z","level":"info","event":"Updated instructor Mike Wormington with rating 3.28","logger":"task.stdout"}
{"timestamp":"2026-02-12T01:14:48.189468Z","level":"info","event":"Updated instructor Mike Wormington with difficulty 4.70","logger":"task.stdout"}
{"timestamp":"2026-02-12T01:14:48.364183Z","level":"info","event":"Processing course BIOL 2100 with 106 instructors","logger":"task.stdout"}
{"timestamp":"2026-02-12T01:14:48.365052Z","level":"info","event":"Updated instructor David Kittlesen with rating 3.74","logger":"task.stdout"}
{"timestamp":"2026-02-12T01:14:48.365595Z","level":"info","event":"Updated instructor David Kittlesen with difficulty 3.85","logger":"task.stdout"}
{"timestamp":"2026-02-12T01:14:48.400207Z","level":"info","event":"Processing course BIOL 3040 with 5 instructors","logger":"task.stdout"}
{"timestamp":"2026-02-12T01:14:48.401953Z","level":"info","event":"Updated instructor Sarah Kucenas with rating 3.85","logger":"task.stdout"}
{"timestamp":"2026-02-12T01:14:48.402722Z","level":"info","event":"Updated instructor Sarah Kucenas with difficulty 3.56","logger":"task.stdout"}
{"timestamp":"2026-02-12T01:14:48.426963Z","level":"info","event":"Processing course BIOL 3180 with 1 instructors","logger":"task.stdout"}
{"timestamp":"2026-02-12T01:14:48.428551Z","level":"info","event":"Updated instructor Michael Timko with rating 2.67","logger":"task.stdout"}
{"timestamp":"2026-02-12T01:14:48.428711Z","level":"info","event":"Updated instructor Michael Timko with difficulty 3.00","logger":"task.stdout"}
{"timestamp":"2026-02-12T01:14:48.452670Z","level":"info","event":"Processing course BIOL 3240 with 2 instructors","logger":"task.stdout"}
{"timestamp":"2026-02-12T01:14:48.453463Z","level":"info","event":"Updated instructor David Kittlesen with rating 4.41","logger":"task.stdout"}
{"timestamp":"2026-02-12T01:14:48.453890Z","level":"info","event":"Updated instructor David Kittlesen with difficulty 4.15","logger":"task.stdout"}
{"timestamp":"2026-02-12T01:14:48.475393Z","level":"info","event":"Processing course BIOL 3260 with 1 instructors","logger":"task.stdout"}
{"timestamp":"2026-02-12T01:14:48.476042Z","level":"info","event":"Updated instructor Jay Hirsh with rating 3.33","logger":"task.stdout"}
{"timestamp":"2026-02-12T01:14:48.476409Z","level":"info","event":"Updated instructor Jay Hirsh with difficulty 4.00","logger":"task.stdout"}
{"timestamp":"2026-02-12T01:14:48.505281Z","level":"info","event":"Processing course BIOL 3270 with 22 instructors","logger":"task.stdout"}
{"timestamp":"2026-02-12T01:14:48.505964Z","level":"info","event":"Updated instructor David Kittlesen with rating 4.67","logger":"task.stdout"}
{"timestamp":"2026-02-12T01:14:48.506392Z","level":"info","event":"Updated instructor David Kittlesen with difficulty 3.00","logger":"task.stdout"}
{"timestamp":"2026-02-12T01:14:48.506957Z","level":"info","event":"Updated instructor Martin Wu with rating 4.17","logger":"task.stdout"}
{"timestamp":"2026-02-12T01:14:48.507354Z","level":"info","event":"Updated instructor Martin Wu with difficulty 3.17","logger":"task.stdout"}
{"timestamp":"2026-02-12T01:14:48.543787Z","level":"info","event":"Processing course BIOL 3420 with 36 instructors","logger":"task.stdout"}
{"timestamp":"2026-02-12T01:14:48.544540Z","level":"info","event":"Updated instructor Ann Massey with rating 2.08","logger":"task.stdout"}
{"timestamp":"2026-02-12T01:14:48.544981Z","level":"info","event":"Updated instructor Ann Massey with difficulty 3.75","logger":"task.stdout"}
{"timestamp":"2026-02-12T01:14:48.662385Z","level":"info","event":"Processing course BIOL 3430 with 1 instructors","logger":"task.stdout"}
{"timestamp":"2026-02-12T01:14:48.683268Z","level":"info","event":"Processing course BIOL 4012 with 1 instructors","logger":"task.stdout"}
{"timestamp":"2026-02-12T01:14:48.703379Z","level":"info","event":"Processing course BIOL 4014 with 1 instructors","logger":"task.stdout"}
{"timestamp":"2026-02-12T01:14:48.704017Z","level":"info","event":"Updated instructor Ariel Pani with rating 4.00","logger":"task.stdout"}
{"timestamp":"2026-02-12T01:14:48.704430Z","level":"info","event":"Updated instructor Ariel Pani with difficulty 2.00","logger":"task.stdout"}
{"timestamp":"2026-02-12T01:14:48.723929Z","level":"info","event":"Processing course BIOL 4017 with 1 instructors","logger":"task.stdout"}
{"timestamp":"2026-02-12T01:14:48.724446Z","level":"info","event":"Updated instructor Dan McIntyre with rating 5.00","logger":"task.stdout"}
{"timestamp":"2026-02-12T01:14:48.724826Z","level":"info","event":"Updated instructor Dan McIntyre with difficulty 3.00","logger":"task.stdout"}
{"timestamp":"2026-02-12T01:14:48.744689Z","level":"info","event":"Processing course BIOL 4030 with 1 instructors","logger":"task.stdout"}
{"timestamp":"2026-02-12T01:14:48.767596Z","level":"info","event":"Processing course BIOL 4070 with 9 instructors","logger":"task.stdout"}
{"timestamp":"2026-02-12T01:14:48.768137Z","level":"info","event":"Updated instructor Raymond Keller with rating 4.21","logger":"task.stdout"}
{"timestamp":"2026-02-12T01:14:48.768506Z","level":"info","event":"Updated instructor Raymond Keller with difficulty 2.19","logger":"task.stdout"}
{"timestamp":"2026-02-12T01:14:48.791126Z","level":"info","event":"Processing course BIOL 4260 with 3 instructors","logger":"task.stdout"}
{"timestamp":"2026-02-12T01:14:48.811649Z","level":"info","event":"Processing course BIOL 4310 with 1 instructors","logger":"task.stdout"}
{"timestamp":"2026-02-12T01:14:48.812270Z","level":"info","event":"Updated instructor Ignacio Provencio with rating 4.17","logger":"task.stdout"}
{"timestamp":"2026-02-12T01:14:48.812641Z","level":"info","event":"Updated instructor Ignacio Provencio with difficulty 3.50","logger":"task.stdout"}
{"timestamp":"2026-02-12T01:14:48.832476Z","level":"info","event":"Processing course BIOL 4330 with 1 instructors","logger":"task.stdout"}
{"timestamp":"2026-02-12T01:14:48.868002Z","level":"info","event":"Processing course BIOL 4559 with 38 instructors","logger":"task.stdout"}
{"timestamp":"2026-02-12T01:14:48.869309Z","level":"error","event":"Task failed with exception","logger":"task","filename":"task_runner.py","lineno":1142,"error_detail":[{"exc_type":"MultipleResultsFound","exc_value":"Multiple rows were found when one or none was required","exc_notes":[],"syntax_error":null,"is_cause":false,"frames":[{"filename":"/home/airflow/.local/lib/python3.12/site-packages/airflow/sdk/execution_time/task_runner.py","lineno":1068,"name":"run"},{"filename":"/home/airflow/.local/lib/python3.12/site-packages/airflow/sdk/execution_time/task_runner.py","lineno":1477,"name":"_execute_task"},{"filename":"/home/airflow/.local/lib/python3.12/site-packages/airflow/sdk/bases/operator.py","lineno":417,"name":"wrapper"},{"filename":"/home/airflow/.local/lib/python3.12/site-packages/airflow/providers/standard/operators/python.py","lineno":228,"name":"execute"},{"filename":"/home/airflow/.local/lib/python3.12/site-packages/airflow/providers/standard/operators/python.py","lineno":251,"name":"execute_callable"},{"filename":"/home/airflow/.local/lib/python3.12/site-packages/airflow/sdk/execution_time/callback_runner.py","lineno":82,"name":"run"},{"filename":"/opt/airflow/dags/professor_rating_dag.py","lineno":85,"name":"transform_html_file_instructor"},{"filename":"/home/airflow/.local/lib/python3.12/site-packages/sqlalchemy/engine/result.py","lineno":2120,"name":"one_or_none"},{"filename":"/home/airflow/.local/lib/python3.12/site-packages/sqlalchemy/engine/result.py","lineno":825,"name":"_only_one_row"}],"is_group":false,"exceptions":[]}]}
