{"timestamp":"2026-02-11T23:05:09.113609Z","level":"info","event":"DAG bundles loaded: dags-folder","logger":"airflow.dag_processing.bundles.manager.DagBundlesManager","filename":"manager.py","lineno":179}
{"timestamp":"2026-02-11T23:05:09.117943Z","level":"info","event":"Filling up the DagBag from /opt/airflow/dags/sis_batch_dag.py","logger":"airflow.models.dagbag.BundleDagBag","filename":"dagbag.py","lineno":593}
{"timestamp":"2026-02-11T23:05:09.193904Z","level":"info","event":">>> START pull_sis_api_to_raw_data <<<","logger":"task.stdout"}
{"timestamp":"2026-02-11T23:05:20.013846Z","level":"info","event":"First course keys: ['index', 'institution', 'institution_descr', 'crse_id', 'crse_offer_nbr', 'strm', 'session_code', 'session_descr', 'class_section', 'location', 'location_descr', 'start_dt', 'end_dt', 'class_stat', 'campus', 'campus_descr', 'class_nbr', 'acad_career', 'acad_career_descr', 'component', 'subject', 'subject_descr', 'catalog_nbr', 'class_type', 'schedule_print']","logger":"task.stdout"}
{"timestamp":"2026-02-11T23:05:20.018042Z","level":"info","event":"Operations prepared: 100","logger":"task.stdout"}
{"timestamp":"2026-02-11T23:05:24.024173Z","level":"info","event":"First course keys: ['index', 'institution', 'institution_descr', 'crse_id', 'crse_offer_nbr', 'strm', 'session_code', 'session_descr', 'class_section', 'location', 'location_descr', 'start_dt', 'end_dt', 'class_stat', 'campus', 'campus_descr', 'class_nbr', 'acad_career', 'acad_career_descr', 'component', 'subject', 'subject_descr', 'catalog_nbr', 'class_type', 'schedule_print']","logger":"task.stdout"}
{"timestamp":"2026-02-11T23:05:24.024753Z","level":"info","event":"Operations prepared: 100","logger":"task.stdout"}
{"timestamp":"2026-02-11T23:05:28.565982Z","level":"info","event":"First course keys: ['index', 'institution', 'institution_descr', 'crse_id', 'crse_offer_nbr', 'strm', 'session_code', 'session_descr', 'class_section', 'location', 'location_descr', 'start_dt', 'end_dt', 'class_stat', 'campus', 'campus_descr', 'class_nbr', 'acad_career', 'acad_career_descr', 'component', 'subject', 'subject_descr', 'catalog_nbr', 'class_type', 'schedule_print']","logger":"task.stdout"}
{"timestamp":"2026-02-11T23:05:28.587260Z","level":"info","event":"Operations prepared: 100","logger":"task.stdout"}
{"timestamp":"2026-02-11T23:05:31.181072Z","level":"info","event":"First course keys: ['index', 'institution', 'institution_descr', 'crse_id', 'crse_offer_nbr', 'strm', 'session_code', 'session_descr', 'class_section', 'location', 'location_descr', 'start_dt', 'end_dt', 'class_stat', 'campus', 'campus_descr', 'class_nbr', 'acad_career', 'acad_career_descr', 'component', 'subject', 'subject_descr', 'catalog_nbr', 'class_type', 'schedule_print']","logger":"task.stdout"}
{"timestamp":"2026-02-11T23:05:31.182432Z","level":"info","event":"Operations prepared: 100","logger":"task.stdout"}
{"timestamp":"2026-02-11T23:05:34.140293Z","level":"info","event":"First course keys: ['index', 'institution', 'institution_descr', 'crse_id', 'crse_offer_nbr', 'strm', 'session_code', 'session_descr', 'class_section', 'location', 'location_descr', 'start_dt', 'end_dt', 'class_stat', 'campus', 'campus_descr', 'class_nbr', 'acad_career', 'acad_career_descr', 'component', 'subject', 'subject_descr', 'catalog_nbr', 'class_type', 'schedule_print']","logger":"task.stdout"}
{"timestamp":"2026-02-11T23:05:34.155104Z","level":"info","event":"Operations prepared: 100","logger":"task.stdout"}
{"timestamp":"2026-02-11T23:05:38.788707Z","level":"info","event":"First course keys: ['index', 'institution', 'institution_descr', 'crse_id', 'crse_offer_nbr', 'strm', 'session_code', 'session_descr', 'class_section', 'location', 'location_descr', 'start_dt', 'end_dt', 'class_stat', 'campus', 'campus_descr', 'class_nbr', 'acad_career', 'acad_career_descr', 'component', 'subject', 'subject_descr', 'catalog_nbr', 'class_type', 'schedule_print']","logger":"task.stdout"}
{"timestamp":"2026-02-11T23:05:38.790812Z","level":"info","event":"Operations prepared: 100","logger":"task.stdout"}
{"timestamp":"2026-02-11T23:05:42.779243Z","level":"info","event":"First course keys: ['index', 'institution', 'institution_descr', 'crse_id', 'crse_offer_nbr', 'strm', 'session_code', 'session_descr', 'class_section', 'location', 'location_descr', 'start_dt', 'end_dt', 'class_stat', 'campus', 'campus_descr', 'class_nbr', 'acad_career', 'acad_career_descr', 'component', 'subject', 'subject_descr', 'catalog_nbr', 'class_type', 'schedule_print']","logger":"task.stdout"}
{"timestamp":"2026-02-11T23:05:42.796213Z","level":"info","event":"Operations prepared: 100","logger":"task.stdout"}
{"timestamp":"2026-02-11T23:05:47.829684Z","level":"info","event":"First course keys: ['index', 'institution', 'institution_descr', 'crse_id', 'crse_offer_nbr', 'strm', 'session_code', 'session_descr', 'class_section', 'location', 'location_descr', 'start_dt', 'end_dt', 'class_stat', 'campus', 'campus_descr', 'class_nbr', 'acad_career', 'acad_career_descr', 'component', 'subject', 'subject_descr', 'catalog_nbr', 'class_type', 'schedule_print']","logger":"task.stdout"}
{"timestamp":"2026-02-11T23:05:47.831419Z","level":"info","event":"Operations prepared: 100","logger":"task.stdout"}
{"timestamp":"2026-02-11T23:05:52.884349Z","level":"info","event":"First course keys: ['index', 'institution', 'institution_descr', 'crse_id', 'crse_offer_nbr', 'strm', 'session_code', 'session_descr', 'class_section', 'location', 'location_descr', 'start_dt', 'end_dt', 'class_stat', 'campus', 'campus_descr', 'class_nbr', 'acad_career', 'acad_career_descr', 'component', 'subject', 'subject_descr', 'catalog_nbr', 'class_type', 'schedule_print']","logger":"task.stdout"}
{"timestamp":"2026-02-11T23:05:52.885529Z","level":"info","event":"Operations prepared: 100","logger":"task.stdout"}
{"timestamp":"2026-02-11T23:05:55.864330Z","level":"info","event":"First course keys: ['index', 'institution', 'institution_descr', 'crse_id', 'crse_offer_nbr', 'strm', 'session_code', 'session_descr', 'class_section', 'location', 'location_descr', 'start_dt', 'end_dt', 'class_stat', 'campus', 'campus_descr', 'class_nbr', 'acad_career', 'acad_career_descr', 'component', 'subject', 'subject_descr', 'catalog_nbr', 'class_type', 'schedule_print']","logger":"task.stdout"}
{"timestamp":"2026-02-11T23:05:55.864567Z","level":"info","event":"Operations prepared: 100","logger":"task.stdout"}
{"timestamp":"2026-02-11T23:05:59.051083Z","level":"info","event":"First course keys: ['index', 'institution', 'institution_descr', 'crse_id', 'crse_offer_nbr', 'strm', 'session_code', 'session_descr', 'class_section', 'location', 'location_descr', 'start_dt', 'end_dt', 'class_stat', 'campus', 'campus_descr', 'class_nbr', 'acad_career', 'acad_career_descr', 'component', 'subject', 'subject_descr', 'catalog_nbr', 'class_type', 'schedule_print']","logger":"task.stdout"}
{"timestamp":"2026-02-11T23:05:59.070767Z","level":"info","event":"Operations prepared: 100","logger":"task.stdout"}
{"timestamp":"2026-02-11T23:06:02.112977Z","level":"info","event":"First course keys: ['index', 'institution', 'institution_descr', 'crse_id', 'crse_offer_nbr', 'strm', 'session_code', 'session_descr', 'class_section', 'location', 'location_descr', 'start_dt', 'end_dt', 'class_stat', 'campus', 'campus_descr', 'class_nbr', 'acad_career', 'acad_career_descr', 'component', 'subject', 'subject_descr', 'catalog_nbr', 'class_type', 'schedule_print']","logger":"task.stdout"}
{"timestamp":"2026-02-11T23:06:02.114236Z","level":"info","event":"Operations prepared: 100","logger":"task.stdout"}
{"timestamp":"2026-02-11T23:06:06.455968Z","level":"info","event":"First course keys: ['index', 'institution', 'institution_descr', 'crse_id', 'crse_offer_nbr', 'strm', 'session_code', 'session_descr', 'class_section', 'location', 'location_descr', 'start_dt', 'end_dt', 'class_stat', 'campus', 'campus_descr', 'class_nbr', 'acad_career', 'acad_career_descr', 'component', 'subject', 'subject_descr', 'catalog_nbr', 'class_type', 'schedule_print']","logger":"task.stdout"}
{"timestamp":"2026-02-11T23:06:06.480550Z","level":"info","event":"Operations prepared: 100","logger":"task.stdout"}
{"timestamp":"2026-02-11T23:06:11.192600Z","level":"info","event":"First course keys: ['index', 'institution', 'institution_descr', 'crse_id', 'crse_offer_nbr', 'strm', 'session_code', 'session_descr', 'class_section', 'location', 'location_descr', 'start_dt', 'end_dt', 'class_stat', 'campus', 'campus_descr', 'class_nbr', 'acad_career', 'acad_career_descr', 'component', 'subject', 'subject_descr', 'catalog_nbr', 'class_type', 'schedule_print']","logger":"task.stdout"}
{"timestamp":"2026-02-11T23:06:11.194169Z","level":"info","event":"Operations prepared: 100","logger":"task.stdout"}
{"timestamp":"2026-02-11T23:06:16.133427Z","level":"info","event":"First course keys: ['index', 'institution', 'institution_descr', 'crse_id', 'crse_offer_nbr', 'strm', 'session_code', 'session_descr', 'class_section', 'location', 'location_descr', 'start_dt', 'end_dt', 'class_stat', 'campus', 'campus_descr', 'class_nbr', 'acad_career', 'acad_career_descr', 'component', 'subject', 'subject_descr', 'catalog_nbr', 'class_type', 'schedule_print']","logger":"task.stdout"}
{"timestamp":"2026-02-11T23:06:16.152701Z","level":"info","event":"Operations prepared: 100","logger":"task.stdout"}
{"timestamp":"2026-02-11T23:06:19.279322Z","level":"info","event":"First course keys: ['index', 'institution', 'institution_descr', 'crse_id', 'crse_offer_nbr', 'strm', 'session_code', 'session_descr', 'class_section', 'location', 'location_descr', 'start_dt', 'end_dt', 'class_stat', 'campus', 'campus_descr', 'class_nbr', 'acad_career', 'acad_career_descr', 'component', 'subject', 'subject_descr', 'catalog_nbr', 'class_type', 'schedule_print']","logger":"task.stdout"}
{"timestamp":"2026-02-11T23:06:19.281016Z","level":"info","event":"Operations prepared: 100","logger":"task.stdout"}
{"timestamp":"2026-02-11T23:06:23.604841Z","level":"info","event":"First course keys: ['index', 'institution', 'institution_descr', 'crse_id', 'crse_offer_nbr', 'strm', 'session_code', 'session_descr', 'class_section', 'location', 'location_descr', 'start_dt', 'end_dt', 'class_stat', 'campus', 'campus_descr', 'class_nbr', 'acad_career', 'acad_career_descr', 'component', 'subject', 'subject_descr', 'catalog_nbr', 'class_type', 'schedule_print']","logger":"task.stdout"}
{"timestamp":"2026-02-11T23:06:23.611733Z","level":"info","event":"Operations prepared: 100","logger":"task.stdout"}
{"timestamp":"2026-02-11T23:06:28.329243Z","level":"info","event":"First course keys: ['index', 'institution', 'institution_descr', 'crse_id', 'crse_offer_nbr', 'strm', 'session_code', 'session_descr', 'class_section', 'location', 'location_descr', 'start_dt', 'end_dt', 'class_stat', 'campus', 'campus_descr', 'class_nbr', 'acad_career', 'acad_career_descr', 'component', 'subject', 'subject_descr', 'catalog_nbr', 'class_type', 'schedule_print']","logger":"task.stdout"}
{"timestamp":"2026-02-11T23:06:28.329866Z","level":"info","event":"Operations prepared: 100","logger":"task.stdout"}
{"timestamp":"2026-02-11T23:06:33.381121Z","level":"info","event":"First course keys: ['index', 'institution', 'institution_descr', 'crse_id', 'crse_offer_nbr', 'strm', 'session_code', 'session_descr', 'class_section', 'location', 'location_descr', 'start_dt', 'end_dt', 'class_stat', 'campus', 'campus_descr', 'class_nbr', 'acad_career', 'acad_career_descr', 'component', 'subject', 'subject_descr', 'catalog_nbr', 'class_type', 'schedule_print']","logger":"task.stdout"}
{"timestamp":"2026-02-11T23:06:33.382762Z","level":"info","event":"Operations prepared: 100","logger":"task.stdout"}
{"timestamp":"2026-02-11T23:06:39.086962Z","level":"info","event":"First course keys: ['index', 'institution', 'institution_descr', 'crse_id', 'crse_offer_nbr', 'strm', 'session_code', 'session_descr', 'class_section', 'location', 'location_descr', 'start_dt', 'end_dt', 'class_stat', 'campus', 'campus_descr', 'class_nbr', 'acad_career', 'acad_career_descr', 'component', 'subject', 'subject_descr', 'catalog_nbr', 'class_type', 'schedule_print']","logger":"task.stdout"}
{"timestamp":"2026-02-11T23:06:39.088031Z","level":"info","event":"Operations prepared: 100","logger":"task.stdout"}
{"timestamp":"2026-02-11T23:06:44.621594Z","level":"info","event":"First course keys: ['index', 'institution', 'institution_descr', 'crse_id', 'crse_offer_nbr', 'strm', 'session_code', 'session_descr', 'class_section', 'location', 'location_descr', 'start_dt', 'end_dt', 'class_stat', 'campus', 'campus_descr', 'class_nbr', 'acad_career', 'acad_career_descr', 'component', 'subject', 'subject_descr', 'catalog_nbr', 'class_type', 'schedule_print']","logger":"task.stdout"}
{"timestamp":"2026-02-11T23:06:44.622983Z","level":"info","event":"Operations prepared: 100","logger":"task.stdout"}
{"timestamp":"2026-02-11T23:06:50.430218Z","level":"info","event":"First course keys: ['index', 'institution', 'institution_descr', 'crse_id', 'crse_offer_nbr', 'strm', 'session_code', 'session_descr', 'class_section', 'location', 'location_descr', 'start_dt', 'end_dt', 'class_stat', 'campus', 'campus_descr', 'class_nbr', 'acad_career', 'acad_career_descr', 'component', 'subject', 'subject_descr', 'catalog_nbr', 'class_type', 'schedule_print']","logger":"task.stdout"}
{"timestamp":"2026-02-11T23:06:50.431576Z","level":"info","event":"Operations prepared: 100","logger":"task.stdout"}
{"timestamp":"2026-02-11T23:06:54.360837Z","level":"info","event":"First course keys: ['index', 'institution', 'institution_descr', 'crse_id', 'crse_offer_nbr', 'strm', 'session_code', 'session_descr', 'class_section', 'location', 'location_descr', 'start_dt', 'end_dt', 'class_stat', 'campus', 'campus_descr', 'class_nbr', 'acad_career', 'acad_career_descr', 'component', 'subject', 'subject_descr', 'catalog_nbr', 'class_type', 'schedule_print']","logger":"task.stdout"}
{"timestamp":"2026-02-11T23:06:54.361247Z","level":"info","event":"Operations prepared: 100","logger":"task.stdout"}
{"timestamp":"2026-02-11T23:07:00.513109Z","level":"info","event":"First course keys: ['index', 'institution', 'institution_descr', 'crse_id', 'crse_offer_nbr', 'strm', 'session_code', 'session_descr', 'class_section', 'location', 'location_descr', 'start_dt', 'end_dt', 'class_stat', 'campus', 'campus_descr', 'class_nbr', 'acad_career', 'acad_career_descr', 'component', 'subject', 'subject_descr', 'catalog_nbr', 'class_type', 'schedule_print']","logger":"task.stdout"}
{"timestamp":"2026-02-11T23:07:00.514791Z","level":"info","event":"Operations prepared: 100","logger":"task.stdout"}
{"timestamp":"2026-02-11T23:07:07.466429Z","level":"info","event":"First course keys: ['index', 'institution', 'institution_descr', 'crse_id', 'crse_offer_nbr', 'strm', 'session_code', 'session_descr', 'class_section', 'location', 'location_descr', 'start_dt', 'end_dt', 'class_stat', 'campus', 'campus_descr', 'class_nbr', 'acad_career', 'acad_career_descr', 'component', 'subject', 'subject_descr', 'catalog_nbr', 'class_type', 'schedule_print']","logger":"task.stdout"}
{"timestamp":"2026-02-11T23:07:07.467728Z","level":"info","event":"Operations prepared: 100","logger":"task.stdout"}
{"timestamp":"2026-02-11T23:07:12.978713Z","level":"info","event":"First course keys: ['index', 'institution', 'institution_descr', 'crse_id', 'crse_offer_nbr', 'strm', 'session_code', 'session_descr', 'class_section', 'location', 'location_descr', 'start_dt', 'end_dt', 'class_stat', 'campus', 'campus_descr', 'class_nbr', 'acad_career', 'acad_career_descr', 'component', 'subject', 'subject_descr', 'catalog_nbr', 'class_type', 'schedule_print']","logger":"task.stdout"}
{"timestamp":"2026-02-11T23:07:12.980660Z","level":"info","event":"Operations prepared: 100","logger":"task.stdout"}
{"timestamp":"2026-02-11T23:07:18.937948Z","level":"info","event":"First course keys: ['index', 'institution', 'institution_descr', 'crse_id', 'crse_offer_nbr', 'strm', 'session_code', 'session_descr', 'class_section', 'location', 'location_descr', 'start_dt', 'end_dt', 'class_stat', 'campus', 'campus_descr', 'class_nbr', 'acad_career', 'acad_career_descr', 'component', 'subject', 'subject_descr', 'catalog_nbr', 'class_type', 'schedule_print']","logger":"task.stdout"}
{"timestamp":"2026-02-11T23:07:18.939228Z","level":"info","event":"Operations prepared: 100","logger":"task.stdout"}
{"timestamp":"2026-02-11T23:07:25.475033Z","level":"info","event":"First course keys: ['index', 'institution', 'institution_descr', 'crse_id', 'crse_offer_nbr', 'strm', 'session_code', 'session_descr', 'class_section', 'location', 'location_descr', 'start_dt', 'end_dt', 'class_stat', 'campus', 'campus_descr', 'class_nbr', 'acad_career', 'acad_career_descr', 'component', 'subject', 'subject_descr', 'catalog_nbr', 'class_type', 'schedule_print']","logger":"task.stdout"}
{"timestamp":"2026-02-11T23:07:25.475843Z","level":"info","event":"Operations prepared: 100","logger":"task.stdout"}
{"timestamp":"2026-02-11T23:07:31.771238Z","level":"info","event":"First course keys: ['index', 'institution', 'institution_descr', 'crse_id', 'crse_offer_nbr', 'strm', 'session_code', 'session_descr', 'class_section', 'location', 'location_descr', 'start_dt', 'end_dt', 'class_stat', 'campus', 'campus_descr', 'class_nbr', 'acad_career', 'acad_career_descr', 'component', 'subject', 'subject_descr', 'catalog_nbr', 'class_type', 'schedule_print']","logger":"task.stdout"}
{"timestamp":"2026-02-11T23:07:31.773074Z","level":"info","event":"Operations prepared: 100","logger":"task.stdout"}
{"timestamp":"2026-02-11T23:07:38.665705Z","level":"info","event":"First course keys: ['index', 'institution', 'institution_descr', 'crse_id', 'crse_offer_nbr', 'strm', 'session_code', 'session_descr', 'class_section', 'location', 'location_descr', 'start_dt', 'end_dt', 'class_stat', 'campus', 'campus_descr', 'class_nbr', 'acad_career', 'acad_career_descr', 'component', 'subject', 'subject_descr', 'catalog_nbr', 'class_type', 'schedule_print']","logger":"task.stdout"}
{"timestamp":"2026-02-11T23:07:38.667093Z","level":"info","event":"Operations prepared: 100","logger":"task.stdout"}
{"timestamp":"2026-02-11T23:07:45.402294Z","level":"info","event":"First course keys: ['index', 'institution', 'institution_descr', 'crse_id', 'crse_offer_nbr', 'strm', 'session_code', 'session_descr', 'class_section', 'location', 'location_descr', 'start_dt', 'end_dt', 'class_stat', 'campus', 'campus_descr', 'class_nbr', 'acad_career', 'acad_career_descr', 'component', 'subject', 'subject_descr', 'catalog_nbr', 'class_type', 'schedule_print']","logger":"task.stdout"}
{"timestamp":"2026-02-11T23:07:45.403547Z","level":"info","event":"Operations prepared: 100","logger":"task.stdout"}
{"timestamp":"2026-02-11T23:07:52.379858Z","level":"info","event":"First course keys: ['index', 'institution', 'institution_descr', 'crse_id', 'crse_offer_nbr', 'strm', 'session_code', 'session_descr', 'class_section', 'location', 'location_descr', 'start_dt', 'end_dt', 'class_stat', 'campus', 'campus_descr', 'class_nbr', 'acad_career', 'acad_career_descr', 'component', 'subject', 'subject_descr', 'catalog_nbr', 'class_type', 'schedule_print']","logger":"task.stdout"}
{"timestamp":"2026-02-11T23:07:52.381583Z","level":"info","event":"Operations prepared: 100","logger":"task.stdout"}
{"timestamp":"2026-02-11T23:07:58.688742Z","level":"info","event":"First course keys: ['index', 'institution', 'institution_descr', 'crse_id', 'crse_offer_nbr', 'strm', 'session_code', 'session_descr', 'class_section', 'location', 'location_descr', 'start_dt', 'end_dt', 'class_stat', 'campus', 'campus_descr', 'class_nbr', 'acad_career', 'acad_career_descr', 'component', 'subject', 'subject_descr', 'catalog_nbr', 'class_type', 'schedule_print']","logger":"task.stdout"}
{"timestamp":"2026-02-11T23:07:58.690958Z","level":"info","event":"Operations prepared: 100","logger":"task.stdout"}
{"timestamp":"2026-02-11T23:08:06.168387Z","level":"info","event":"First course keys: ['index', 'institution', 'institution_descr', 'crse_id', 'crse_offer_nbr', 'strm', 'session_code', 'session_descr', 'class_section', 'location', 'location_descr', 'start_dt', 'end_dt', 'class_stat', 'campus', 'campus_descr', 'class_nbr', 'acad_career', 'acad_career_descr', 'component', 'subject', 'subject_descr', 'catalog_nbr', 'class_type', 'schedule_print']","logger":"task.stdout"}
{"timestamp":"2026-02-11T23:08:06.170625Z","level":"info","event":"Operations prepared: 100","logger":"task.stdout"}
{"timestamp":"2026-02-11T23:08:12.182414Z","level":"info","event":"First course keys: ['index', 'institution', 'institution_descr', 'crse_id', 'crse_offer_nbr', 'strm', 'session_code', 'session_descr', 'class_section', 'location', 'location_descr', 'start_dt', 'end_dt', 'class_stat', 'campus', 'campus_descr', 'class_nbr', 'acad_career', 'acad_career_descr', 'component', 'subject', 'subject_descr', 'catalog_nbr', 'class_type', 'schedule_print']","logger":"task.stdout"}
{"timestamp":"2026-02-11T23:08:12.184342Z","level":"info","event":"Operations prepared: 100","logger":"task.stdout"}
{"timestamp":"2026-02-11T23:08:19.351011Z","level":"info","event":"First course keys: ['index', 'institution', 'institution_descr', 'crse_id', 'crse_offer_nbr', 'strm', 'session_code', 'session_descr', 'class_section', 'location', 'location_descr', 'start_dt', 'end_dt', 'class_stat', 'campus', 'campus_descr', 'class_nbr', 'acad_career', 'acad_career_descr', 'component', 'subject', 'subject_descr', 'catalog_nbr', 'class_type', 'schedule_print']","logger":"task.stdout"}
{"timestamp":"2026-02-11T23:08:19.352148Z","level":"info","event":"Operations prepared: 100","logger":"task.stdout"}
{"timestamp":"2026-02-11T23:08:27.701938Z","level":"info","event":"First course keys: ['index', 'institution', 'institution_descr', 'crse_id', 'crse_offer_nbr', 'strm', 'session_code', 'session_descr', 'class_section', 'location', 'location_descr', 'start_dt', 'end_dt', 'class_stat', 'campus', 'campus_descr', 'class_nbr', 'acad_career', 'acad_career_descr', 'component', 'subject', 'subject_descr', 'catalog_nbr', 'class_type', 'schedule_print']","logger":"task.stdout"}
{"timestamp":"2026-02-11T23:08:27.702886Z","level":"info","event":"Operations prepared: 100","logger":"task.stdout"}
{"timestamp":"2026-02-11T23:08:33.705915Z","level":"info","event":"First course keys: ['index', 'institution', 'institution_descr', 'crse_id', 'crse_offer_nbr', 'strm', 'session_code', 'session_descr', 'class_section', 'location', 'location_descr', 'start_dt', 'end_dt', 'class_stat', 'campus', 'campus_descr', 'class_nbr', 'acad_career', 'acad_career_descr', 'component', 'subject', 'subject_descr', 'catalog_nbr', 'class_type', 'schedule_print']","logger":"task.stdout"}
{"timestamp":"2026-02-11T23:08:33.708189Z","level":"info","event":"Operations prepared: 100","logger":"task.stdout"}
{"timestamp":"2026-02-11T23:08:40.092232Z","level":"info","event":"First course keys: ['index', 'institution', 'institution_descr', 'crse_id', 'crse_offer_nbr', 'strm', 'session_code', 'session_descr', 'class_section', 'location', 'location_descr', 'start_dt', 'end_dt', 'class_stat', 'campus', 'campus_descr', 'class_nbr', 'acad_career', 'acad_career_descr', 'component', 'subject', 'subject_descr', 'catalog_nbr', 'class_type', 'schedule_print']","logger":"task.stdout"}
{"timestamp":"2026-02-11T23:08:40.093624Z","level":"info","event":"Operations prepared: 100","logger":"task.stdout"}
{"timestamp":"2026-02-11T23:08:46.306161Z","level":"info","event":"First course keys: ['index', 'institution', 'institution_descr', 'crse_id', 'crse_offer_nbr', 'strm', 'session_code', 'session_descr', 'class_section', 'location', 'location_descr', 'start_dt', 'end_dt', 'class_stat', 'campus', 'campus_descr', 'class_nbr', 'acad_career', 'acad_career_descr', 'component', 'subject', 'subject_descr', 'catalog_nbr', 'class_type', 'schedule_print']","logger":"task.stdout"}
{"timestamp":"2026-02-11T23:08:46.308086Z","level":"info","event":"Operations prepared: 100","logger":"task.stdout"}
{"timestamp":"2026-02-11T23:08:55.150704Z","level":"info","event":"First course keys: ['index', 'institution', 'institution_descr', 'crse_id', 'crse_offer_nbr', 'strm', 'session_code', 'session_descr', 'class_section', 'location', 'location_descr', 'start_dt', 'end_dt', 'class_stat', 'campus', 'campus_descr', 'class_nbr', 'acad_career', 'acad_career_descr', 'component', 'subject', 'subject_descr', 'catalog_nbr', 'class_type', 'schedule_print']","logger":"task.stdout"}
{"timestamp":"2026-02-11T23:08:55.152618Z","level":"info","event":"Operations prepared: 100","logger":"task.stdout"}
{"timestamp":"2026-02-11T23:09:02.166055Z","level":"info","event":"First course keys: ['index', 'institution', 'institution_descr', 'crse_id', 'crse_offer_nbr', 'strm', 'session_code', 'session_descr', 'class_section', 'location', 'location_descr', 'start_dt', 'end_dt', 'class_stat', 'campus', 'campus_descr', 'class_nbr', 'acad_career', 'acad_career_descr', 'component', 'subject', 'subject_descr', 'catalog_nbr', 'class_type', 'schedule_print']","logger":"task.stdout"}
{"timestamp":"2026-02-11T23:09:02.167727Z","level":"info","event":"Operations prepared: 100","logger":"task.stdout"}
{"timestamp":"2026-02-11T23:09:11.675296Z","level":"info","event":"First course keys: ['index', 'institution', 'institution_descr', 'crse_id', 'crse_offer_nbr', 'strm', 'session_code', 'session_descr', 'class_section', 'location', 'location_descr', 'start_dt', 'end_dt', 'class_stat', 'campus', 'campus_descr', 'class_nbr', 'acad_career', 'acad_career_descr', 'component', 'subject', 'subject_descr', 'catalog_nbr', 'class_type', 'schedule_print']","logger":"task.stdout"}
{"timestamp":"2026-02-11T23:09:11.678024Z","level":"info","event":"Operations prepared: 100","logger":"task.stdout"}
{"timestamp":"2026-02-11T23:09:20.226075Z","level":"info","event":"First course keys: ['index', 'institution', 'institution_descr', 'crse_id', 'crse_offer_nbr', 'strm', 'session_code', 'session_descr', 'class_section', 'location', 'location_descr', 'start_dt', 'end_dt', 'class_stat', 'campus', 'campus_descr', 'class_nbr', 'acad_career', 'acad_career_descr', 'component', 'subject', 'subject_descr', 'catalog_nbr', 'class_type', 'schedule_print']","logger":"task.stdout"}
{"timestamp":"2026-02-11T23:09:20.228792Z","level":"info","event":"Operations prepared: 100","logger":"task.stdout"}
{"timestamp":"2026-02-11T23:09:30.181804Z","level":"info","event":"First course keys: ['index', 'institution', 'institution_descr', 'crse_id', 'crse_offer_nbr', 'strm', 'session_code', 'session_descr', 'class_section', 'location', 'location_descr', 'start_dt', 'end_dt', 'class_stat', 'campus', 'campus_descr', 'class_nbr', 'acad_career', 'acad_career_descr', 'component', 'subject', 'subject_descr', 'catalog_nbr', 'class_type', 'schedule_print']","logger":"task.stdout"}
{"timestamp":"2026-02-11T23:09:30.184235Z","level":"info","event":"Operations prepared: 100","logger":"task.stdout"}
{"timestamp":"2026-02-11T23:09:39.764769Z","level":"info","event":"First course keys: ['index', 'institution', 'institution_descr', 'crse_id', 'crse_offer_nbr', 'strm', 'session_code', 'session_descr', 'class_section', 'location', 'location_descr', 'start_dt', 'end_dt', 'class_stat', 'campus', 'campus_descr', 'class_nbr', 'acad_career', 'acad_career_descr', 'component', 'subject', 'subject_descr', 'catalog_nbr', 'class_type', 'schedule_print']","logger":"task.stdout"}
{"timestamp":"2026-02-11T23:09:39.767897Z","level":"info","event":"Operations prepared: 100","logger":"task.stdout"}
{"timestamp":"2026-02-11T23:09:46.146427Z","level":"info","event":"First course keys: ['index', 'institution', 'institution_descr', 'crse_id', 'crse_offer_nbr', 'strm', 'session_code', 'session_descr', 'class_section', 'location', 'location_descr', 'start_dt', 'end_dt', 'class_stat', 'campus', 'campus_descr', 'class_nbr', 'acad_career', 'acad_career_descr', 'component', 'subject', 'subject_descr', 'catalog_nbr', 'class_type', 'schedule_print']","logger":"task.stdout"}
{"timestamp":"2026-02-11T23:09:46.147517Z","level":"info","event":"Operations prepared: 28","logger":"task.stdout"}
{"timestamp":"2026-02-11T23:09:52.655193Z","level":"info","event":"Done. Returned value was: None","logger":"airflow.task.operators.airflow.providers.standard.operators.python.PythonOperator","filename":"python.py","lineno":230}
