{"timestamp":"2026-04-04T21:27:29.862013Z","level":"info","event":"DAG bundles loaded: dags-folder","logger":"airflow.dag_processing.bundles.manager.DagBundlesManager","filename":"manager.py","lineno":179}
{"timestamp":"2026-04-04T21:27:29.872286Z","level":"info","event":"Filling up the DagBag from /opt/airflow/dags/professor_rating_dag.py","logger":"airflow.models.dagbag.BundleDagBag","filename":"dagbag.py","lineno":593}
{"timestamp":"2026-04-04T21:27:53.308944Z","level":"info","event":"Wrote 100 professor review pages so far","logger":"task.stdout"}
{"timestamp":"2026-04-04T21:28:10.112752Z","level":"info","event":"Wrote 200 professor review pages so far","logger":"task.stdout"}
{"timestamp":"2026-04-04T21:28:25.935610Z","level":"info","event":"Wrote 300 professor review pages so far","logger":"task.stdout"}
{"timestamp":"2026-04-04T21:28:41.744751Z","level":"info","event":"Wrote 400 professor review pages so far","logger":"task.stdout"}
{"timestamp":"2026-04-04T21:28:57.421182Z","level":"info","event":"Wrote 500 professor review pages so far","logger":"task.stdout"}
{"timestamp":"2026-04-04T21:29:14.537861Z","level":"info","event":"Wrote 600 professor review pages so far","logger":"task.stdout"}
{"timestamp":"2026-04-04T21:29:29.992116Z","level":"info","event":"Wrote 700 professor review pages so far","logger":"task.stdout"}
{"timestamp":"2026-04-04T21:29:48.852711Z","level":"info","event":"Wrote 800 professor review pages so far","logger":"task.stdout"}
{"timestamp":"2026-04-04T21:30:13.004186Z","level":"info","event":"Wrote 900 professor review pages so far","logger":"task.stdout"}
{"timestamp":"2026-04-04T21:30:33.471671Z","level":"info","event":"Wrote 1000 professor review pages so far","logger":"task.stdout"}
{"timestamp":"2026-04-04T21:30:52.911434Z","level":"info","event":"Wrote 1100 professor review pages so far","logger":"task.stdout"}
{"timestamp":"2026-04-04T21:31:09.556574Z","level":"info","event":"Wrote 1200 professor review pages so far","logger":"task.stdout"}
{"timestamp":"2026-04-04T21:31:25.233452Z","level":"info","event":"Wrote 1300 professor review pages so far","logger":"task.stdout"}
{"timestamp":"2026-04-04T21:31:40.482560Z","level":"info","event":"Wrote 1400 professor review pages so far","logger":"task.stdout"}
{"timestamp":"2026-04-04T21:31:59.738460Z","level":"info","event":"Wrote 1500 professor review pages so far","logger":"task.stdout"}
{"timestamp":"2026-04-04T21:32:19.386444Z","level":"info","event":"Wrote 1600 professor review pages so far","logger":"task.stdout"}
{"timestamp":"2026-04-04T21:32:36.124754Z","level":"info","event":"Wrote 1700 professor review pages so far","logger":"task.stdout"}
{"timestamp":"2026-04-04T21:32:52.319315Z","level":"info","event":"Wrote 1800 professor review pages so far","logger":"task.stdout"}
{"timestamp":"2026-04-04T21:33:08.611649Z","level":"info","event":"Wrote 1900 professor review pages so far","logger":"task.stdout"}
{"timestamp":"2026-04-04T21:33:24.112001Z","level":"info","event":"Wrote 2000 professor review pages so far","logger":"task.stdout"}
{"timestamp":"2026-04-04T21:33:39.801979Z","level":"info","event":"Wrote 2100 professor review pages so far","logger":"task.stdout"}
{"timestamp":"2026-04-04T21:33:55.469591Z","level":"info","event":"Wrote 2200 professor review pages so far","logger":"task.stdout"}
{"timestamp":"2026-04-04T21:34:14.133421Z","level":"info","event":"Wrote 2300 professor review pages so far","logger":"task.stdout"}
{"timestamp":"2026-04-04T21:34:30.516874Z","level":"info","event":"Wrote 2400 professor review pages so far","logger":"task.stdout"}
{"timestamp":"2026-04-04T21:34:46.494637Z","level":"info","event":"Wrote 2500 professor review pages so far","logger":"task.stdout"}
{"timestamp":"2026-04-04T21:35:07.911681Z","level":"info","event":"Wrote 2600 professor review pages so far","logger":"task.stdout"}
{"timestamp":"2026-04-04T21:35:27.894088Z","level":"info","event":"Wrote 2700 professor review pages so far","logger":"task.stdout"}
{"timestamp":"2026-04-04T21:35:53.070788Z","level":"info","event":"Wrote 2800 professor review pages so far","logger":"task.stdout"}
{"timestamp":"2026-04-04T21:36:12.050305Z","level":"info","event":"Wrote 2900 professor review pages so far","logger":"task.stdout"}
{"timestamp":"2026-04-04T21:36:28.331668Z","level":"info","event":"Wrote 3000 professor review pages so far","logger":"task.stdout"}
{"timestamp":"2026-04-04T21:36:46.569646Z","level":"info","event":"Wrote 3100 professor review pages so far","logger":"task.stdout"}
{"timestamp":"2026-04-04T21:37:08.419959Z","level":"info","event":"Wrote 3200 professor review pages so far","logger":"task.stdout"}
{"timestamp":"2026-04-04T21:37:25.102689Z","level":"info","event":"Wrote 3300 professor review pages so far","logger":"task.stdout"}
{"timestamp":"2026-04-04T21:37:41.372058Z","level":"info","event":"Wrote 3400 professor review pages so far","logger":"task.stdout"}
{"timestamp":"2026-04-04T21:37:56.904646Z","level":"info","event":"Wrote 3500 professor review pages so far","logger":"task.stdout"}
{"timestamp":"2026-04-04T21:38:13.451266Z","level":"info","event":"Wrote 3600 professor review pages so far","logger":"task.stdout"}
{"timestamp":"2026-04-04T21:38:31.539592Z","level":"info","event":"Wrote 3700 professor review pages so far","logger":"task.stdout"}
{"timestamp":"2026-04-04T21:38:47.495038Z","level":"info","event":"Wrote 3800 professor review pages so far","logger":"task.stdout"}
{"timestamp":"2026-04-04T21:39:06.273518Z","level":"info","event":"Wrote 3900 professor review pages so far","logger":"task.stdout"}
{"timestamp":"2026-04-04T21:39:21.816851Z","level":"info","event":"Wrote 4000 professor review pages so far","logger":"task.stdout"}
{"timestamp":"2026-04-04T21:39:38.141287Z","level":"info","event":"Wrote 4100 professor review pages so far","logger":"task.stdout"}
{"timestamp":"2026-04-04T21:39:56.125339Z","level":"info","event":"Wrote 4200 professor review pages so far","logger":"task.stdout"}
{"timestamp":"2026-04-04T21:40:14.623640Z","level":"info","event":"Wrote 4300 professor review pages so far","logger":"task.stdout"}
{"timestamp":"2026-04-04T21:40:31.988430Z","level":"info","event":"Wrote 4400 professor review pages so far","logger":"task.stdout"}
{"timestamp":"2026-04-04T21:40:47.768835Z","level":"info","event":"Wrote 4500 professor review pages so far","logger":"task.stdout"}
{"timestamp":"2026-04-04T21:41:06.449673Z","level":"info","event":"Wrote 4600 professor review pages so far","logger":"task.stdout"}
{"timestamp":"2026-04-04T21:41:25.288595Z","level":"info","event":"Wrote 4700 professor review pages so far","logger":"task.stdout"}
{"timestamp":"2026-04-04T21:41:46.305076Z","level":"info","event":"Wrote 4800 professor review pages so far","logger":"task.stdout"}
{"timestamp":"2026-04-04T21:42:07.278563Z","level":"info","event":"Wrote 4900 professor review pages so far","logger":"task.stdout"}
{"timestamp":"2026-04-04T21:42:24.047318Z","level":"info","event":"Wrote 5000 professor review pages so far","logger":"task.stdout"}
{"timestamp":"2026-04-04T21:42:40.023759Z","level":"info","event":"Wrote 5100 professor review pages so far","logger":"task.stdout"}
{"timestamp":"2026-04-04T21:42:56.457330Z","level":"info","event":"Wrote 5200 professor review pages so far","logger":"task.stdout"}
{"timestamp":"2026-04-04T21:43:13.259828Z","level":"info","event":"Wrote 5300 professor review pages so far","logger":"task.stdout"}
{"timestamp":"2026-04-04T21:43:28.423121Z","level":"info","event":"Wrote 5400 professor review pages so far","logger":"task.stdout"}
{"timestamp":"2026-04-04T21:43:44.837834Z","level":"info","event":"Wrote 5500 professor review pages so far","logger":"task.stdout"}
{"timestamp":"2026-04-04T21:44:00.898620Z","level":"info","event":"Wrote 5600 professor review pages so far","logger":"task.stdout"}
{"timestamp":"2026-04-04T21:44:20.310785Z","level":"info","event":"Wrote 5700 professor review pages so far","logger":"task.stdout"}
{"timestamp":"2026-04-04T21:44:36.001628Z","level":"info","event":"Wrote 5800 professor review pages so far","logger":"task.stdout"}
{"timestamp":"2026-04-04T21:44:55.092706Z","level":"info","event":"Wrote 5900 professor review pages so far","logger":"task.stdout"}
{"timestamp":"2026-04-04T21:45:14.584959Z","level":"info","event":"Wrote 6000 professor review pages so far","logger":"task.stdout"}
{"timestamp":"2026-04-04T21:45:31.810796Z","level":"info","event":"Wrote 6100 professor review pages so far","logger":"task.stdout"}
{"timestamp":"2026-04-04T21:45:50.375015Z","level":"info","event":"Wrote 6200 professor review pages so far","logger":"task.stdout"}
{"timestamp":"2026-04-04T21:46:10.087120Z","level":"info","event":"Wrote 6300 professor review pages so far","logger":"task.stdout"}
{"timestamp":"2026-04-04T21:46:27.676825Z","level":"info","event":"Wrote 6400 professor review pages so far","logger":"task.stdout"}
{"timestamp":"2026-04-04T21:46:45.103985Z","level":"info","event":"Wrote 6500 professor review pages so far","logger":"task.stdout"}
{"timestamp":"2026-04-04T21:47:01.027744Z","level":"info","event":"Wrote 6600 professor review pages so far","logger":"task.stdout"}
{"timestamp":"2026-04-04T21:47:17.553979Z","level":"info","event":"Wrote 6700 professor review pages so far","logger":"task.stdout"}
{"timestamp":"2026-04-04T21:47:33.705049Z","level":"info","event":"Wrote 6800 professor review pages so far","logger":"task.stdout"}
{"timestamp":"2026-04-04T21:47:51.217012Z","level":"info","event":"Wrote 6900 professor review pages so far","logger":"task.stdout"}
{"timestamp":"2026-04-04T21:48:09.330920Z","level":"info","event":"Wrote 7000 professor review pages so far","logger":"task.stdout"}
{"timestamp":"2026-04-04T21:48:25.528317Z","level":"info","event":"Wrote 7100 professor review pages so far","logger":"task.stdout"}
{"timestamp":"2026-04-04T21:48:42.276544Z","level":"info","event":"Wrote 7200 professor review pages so far","logger":"task.stdout"}
{"timestamp":"2026-04-04T21:48:58.617247Z","level":"info","event":"Wrote 7300 professor review pages so far","logger":"task.stdout"}
{"timestamp":"2026-04-04T21:49:16.845262Z","level":"info","event":"Wrote 7400 professor review pages so far","logger":"task.stdout"}
{"timestamp":"2026-04-04T21:49:35.456045Z","level":"info","event":"Wrote 7500 professor review pages so far","logger":"task.stdout"}
{"timestamp":"2026-04-04T21:49:52.576586Z","level":"info","event":"Wrote 7600 professor review pages so far","logger":"task.stdout"}
{"timestamp":"2026-04-04T21:50:15.923003Z","level":"info","event":"Wrote 7700 professor review pages so far","logger":"task.stdout"}
{"timestamp":"2026-04-04T21:50:34.661307Z","level":"info","event":"Wrote 7800 professor review pages so far","logger":"task.stdout"}
{"timestamp":"2026-04-04T21:50:54.556544Z","level":"info","event":"Wrote 7900 professor review pages so far","logger":"task.stdout"}
{"timestamp":"2026-04-04T21:51:14.549313Z","level":"info","event":"Wrote 8000 professor review pages so far","logger":"task.stdout"}
{"timestamp":"2026-04-04T21:51:31.991616Z","level":"info","event":"Wrote 8100 professor review pages so far","logger":"task.stdout"}
{"timestamp":"2026-04-04T21:51:49.001580Z","level":"info","event":"Wrote 8200 professor review pages so far","logger":"task.stdout"}
{"timestamp":"2026-04-04T21:52:07.452453Z","level":"info","event":"Wrote 8300 professor review pages so far","logger":"task.stdout"}
{"timestamp":"2026-04-04T21:52:25.008792Z","level":"info","event":"Wrote 8400 professor review pages so far","logger":"task.stdout"}
{"timestamp":"2026-04-04T21:52:43.301172Z","level":"info","event":"Wrote 8500 professor review pages so far","logger":"task.stdout"}
{"timestamp":"2026-04-04T21:53:03.087659Z","level":"info","event":"Wrote 8600 professor review pages so far","logger":"task.stdout"}
{"timestamp":"2026-04-04T21:53:23.149901Z","level":"info","event":"Wrote 8700 professor review pages so far","logger":"task.stdout"}
{"timestamp":"2026-04-04T21:53:39.538243Z","level":"info","event":"Wrote 8800 professor review pages so far","logger":"task.stdout"}
{"timestamp":"2026-04-04T21:53:58.618058Z","level":"info","event":"Wrote 8900 professor review pages so far","logger":"task.stdout"}
{"timestamp":"2026-04-04T21:54:18.912468Z","level":"info","event":"Wrote 9000 professor review pages so far","logger":"task.stdout"}
{"timestamp":"2026-04-04T21:54:36.802876Z","level":"info","event":"Wrote 9100 professor review pages so far","logger":"task.stdout"}
{"timestamp":"2026-04-04T21:54:54.391385Z","level":"info","event":"Wrote 9200 professor review pages so far","logger":"task.stdout"}
{"timestamp":"2026-04-04T21:55:13.050736Z","level":"info","event":"Wrote 9300 professor review pages so far","logger":"task.stdout"}
{"timestamp":"2026-04-04T21:55:32.151306Z","level":"info","event":"Wrote 9400 professor review pages so far","logger":"task.stdout"}
{"timestamp":"2026-04-04T21:55:50.558976Z","level":"info","event":"Wrote 9500 professor review pages so far","logger":"task.stdout"}
{"timestamp":"2026-04-04T21:56:09.561239Z","level":"info","event":"Wrote 9600 professor review pages so far","logger":"task.stdout"}
{"timestamp":"2026-04-04T21:56:28.388480Z","level":"info","event":"Wrote 9700 professor review pages so far","logger":"task.stdout"}
{"timestamp":"2026-04-04T21:56:46.656438Z","level":"info","event":"Wrote 9800 professor review pages so far","logger":"task.stdout"}
{"timestamp":"2026-04-04T21:57:04.482745Z","level":"info","event":"Wrote 9900 professor review pages so far","logger":"task.stdout"}
{"timestamp":"2026-04-04T21:57:22.548280Z","level":"info","event":"Wrote 10000 professor review pages so far","logger":"task.stdout"}
{"timestamp":"2026-04-04T21:57:37.889335Z","level":"info","event":"Wrote 10100 professor review pages so far","logger":"task.stdout"}
{"timestamp":"2026-04-04T21:57:54.459545Z","level":"info","event":"Wrote 10200 professor review pages so far","logger":"task.stdout"}
{"timestamp":"2026-04-04T21:58:11.389386Z","level":"info","event":"Wrote 10300 professor review pages so far","logger":"task.stdout"}
{"timestamp":"2026-04-04T21:58:27.079335Z","level":"info","event":"Wrote 10400 professor review pages so far","logger":"task.stdout"}
{"timestamp":"2026-04-04T21:58:43.170203Z","level":"info","event":"Wrote 10500 professor review pages so far","logger":"task.stdout"}
{"timestamp":"2026-04-04T21:59:01.046907Z","level":"info","event":"Wrote 10600 professor review pages so far","logger":"task.stdout"}
{"timestamp":"2026-04-04T21:59:17.680854Z","level":"info","event":"Wrote 10700 professor review pages so far","logger":"task.stdout"}
{"timestamp":"2026-04-04T21:59:35.386354Z","level":"info","event":"Wrote 10800 professor review pages so far","logger":"task.stdout"}
{"timestamp":"2026-04-04T21:59:50.910398Z","level":"info","event":"Wrote 10900 professor review pages so far","logger":"task.stdout"}
{"timestamp":"2026-04-04T22:00:11.086723Z","level":"info","event":"Wrote 11000 professor review pages so far","logger":"task.stdout"}
{"timestamp":"2026-04-04T22:00:27.774545Z","level":"info","event":"Wrote 11100 professor review pages so far","logger":"task.stdout"}
{"timestamp":"2026-04-04T22:00:44.896501Z","level":"info","event":"Wrote 11200 professor review pages so far","logger":"task.stdout"}
{"timestamp":"2026-04-04T22:01:03.149830Z","level":"info","event":"Wrote 11300 professor review pages so far","logger":"task.stdout"}
{"timestamp":"2026-04-04T22:01:19.419474Z","level":"info","event":"Wrote 11400 professor review pages so far","logger":"task.stdout"}
{"timestamp":"2026-04-04T22:01:36.059612Z","level":"info","event":"Wrote 11500 professor review pages so far","logger":"task.stdout"}
{"timestamp":"2026-04-04T22:01:52.822361Z","level":"info","event":"Wrote 11600 professor review pages so far","logger":"task.stdout"}
{"timestamp":"2026-04-04T22:02:10.693675Z","level":"info","event":"Wrote 11700 professor review pages so far","logger":"task.stdout"}
{"timestamp":"2026-04-04T22:02:28.772840Z","level":"info","event":"Wrote 11800 professor review pages so far","logger":"task.stdout"}
{"timestamp":"2026-04-04T22:02:45.619519Z","level":"info","event":"Wrote 11900 professor review pages so far","logger":"task.stdout"}
{"timestamp":"2026-04-04T22:03:02.447916Z","level":"info","event":"Wrote 12000 professor review pages so far","logger":"task.stdout"}
{"timestamp":"2026-04-04T22:03:19.262032Z","level":"info","event":"Wrote 12100 professor review pages so far","logger":"task.stdout"}
{"timestamp":"2026-04-04T22:03:35.416583Z","level":"info","event":"Wrote 12200 professor review pages so far","logger":"task.stdout"}
{"timestamp":"2026-04-04T22:03:51.084285Z","level":"info","event":"Wrote 12300 professor review pages so far","logger":"task.stdout"}
{"timestamp":"2026-04-04T22:04:07.498368Z","level":"info","event":"Wrote 12400 professor review pages so far","logger":"task.stdout"}
{"timestamp":"2026-04-04T22:04:23.405400Z","level":"info","event":"Wrote 12500 professor review pages so far","logger":"task.stdout"}
{"timestamp":"2026-04-04T22:04:39.478269Z","level":"info","event":"Wrote 12600 professor review pages so far","logger":"task.stdout"}
{"timestamp":"2026-04-04T22:04:56.187329Z","level":"info","event":"Wrote 12700 professor review pages so far","logger":"task.stdout"}
{"timestamp":"2026-04-04T22:05:24.626720Z","level":"info","event":"Wrote 12800 professor review pages so far","logger":"task.stdout"}
{"timestamp":"2026-04-04T22:07:01.342451Z","level":"info","event":"Wrote 12900 professor review pages so far","logger":"task.stdout"}
{"timestamp":"2026-04-04T22:07:20.463745Z","level":"info","event":"Wrote 13000 professor review pages so far","logger":"task.stdout"}
{"timestamp":"2026-04-04T22:07:38.558338Z","level":"info","event":"Wrote 13100 professor review pages so far","logger":"task.stdout"}
{"timestamp":"2026-04-04T22:07:56.217903Z","level":"info","event":"Wrote 13200 professor review pages so far","logger":"task.stdout"}
{"timestamp":"2026-04-04T22:08:13.152285Z","level":"info","event":"Wrote 13300 professor review pages so far","logger":"task.stdout"}
{"timestamp":"2026-04-04T22:08:29.075030Z","level":"info","event":"Wrote 13400 professor review pages so far","logger":"task.stdout"}
{"timestamp":"2026-04-04T22:08:45.677026Z","level":"info","event":"Wrote 13500 professor review pages so far","logger":"task.stdout"}
{"timestamp":"2026-04-04T22:09:03.243623Z","level":"info","event":"Wrote 13600 professor review pages so far","logger":"task.stdout"}
{"timestamp":"2026-04-04T22:09:19.959022Z","level":"info","event":"Wrote 13700 professor review pages so far","logger":"task.stdout"}
{"timestamp":"2026-04-04T22:09:37.230330Z","level":"info","event":"Wrote 13800 professor review pages so far","logger":"task.stdout"}
{"timestamp":"2026-04-04T22:10:55.174071Z","level":"info","event":"Wrote 13900 professor review pages so far","logger":"task.stdout"}
{"timestamp":"2026-04-04T22:11:17.738995Z","level":"info","event":"Wrote 14000 professor review pages so far","logger":"task.stdout"}
{"timestamp":"2026-04-04T22:11:38.671624Z","level":"info","event":"Wrote 14100 professor review pages so far","logger":"task.stdout"}
{"timestamp":"2026-04-04T22:12:04.161562Z","level":"info","event":"Wrote 14200 professor review pages so far","logger":"task.stdout"}
{"timestamp":"2026-04-04T22:12:22.844481Z","level":"info","event":"Wrote 14300 professor review pages so far","logger":"task.stdout"}
{"timestamp":"2026-04-04T22:12:39.630557Z","level":"info","event":"Wrote 14400 professor review pages so far","logger":"task.stdout"}
{"timestamp":"2026-04-04T22:12:55.950303Z","level":"info","event":"Wrote 14500 professor review pages so far","logger":"task.stdout"}
{"timestamp":"2026-04-04T22:13:13.506804Z","level":"info","event":"Wrote 14600 professor review pages so far","logger":"task.stdout"}
{"timestamp":"2026-04-04T22:13:31.796858Z","level":"info","event":"Wrote 14700 professor review pages so far","logger":"task.stdout"}
{"timestamp":"2026-04-04T22:13:47.684780Z","level":"info","event":"Wrote 14800 professor review pages so far","logger":"task.stdout"}
{"timestamp":"2026-04-04T22:14:05.485323Z","level":"info","event":"Wrote 14900 professor review pages so far","logger":"task.stdout"}
{"timestamp":"2026-04-04T22:14:22.043769Z","level":"info","event":"Wrote 15000 professor review pages so far","logger":"task.stdout"}
{"timestamp":"2026-04-04T22:14:37.963125Z","level":"info","event":"Wrote 15100 professor review pages so far","logger":"task.stdout"}
{"timestamp":"2026-04-04T22:14:55.405086Z","level":"info","event":"Wrote 15200 professor review pages so far","logger":"task.stdout"}
{"timestamp":"2026-04-04T22:15:15.632806Z","level":"info","event":"Wrote 15300 professor review pages so far","logger":"task.stdout"}
{"timestamp":"2026-04-04T22:15:33.114427Z","level":"info","event":"Wrote 15400 professor review pages so far","logger":"task.stdout"}
{"timestamp":"2026-04-04T22:15:50.501150Z","level":"info","event":"Wrote 15500 professor review pages so far","logger":"task.stdout"}
{"timestamp":"2026-04-04T22:16:08.088249Z","level":"info","event":"Wrote 15600 professor review pages so far","logger":"task.stdout"}
{"timestamp":"2026-04-04T22:16:24.263451Z","level":"info","event":"Wrote 15700 professor review pages so far","logger":"task.stdout"}
{"timestamp":"2026-04-04T22:16:40.063151Z","level":"info","event":"Wrote 15800 professor review pages so far","logger":"task.stdout"}
{"timestamp":"2026-04-04T22:16:56.451710Z","level":"info","event":"Wrote 15900 professor review pages so far","logger":"task.stdout"}
{"timestamp":"2026-04-04T22:17:14.596685Z","level":"info","event":"Wrote 16000 professor review pages so far","logger":"task.stdout"}
{"timestamp":"2026-04-04T22:17:32.912328Z","level":"info","event":"Wrote 16100 professor review pages so far","logger":"task.stdout"}
{"timestamp":"2026-04-04T22:17:50.538564Z","level":"info","event":"Wrote 16200 professor review pages so far","logger":"task.stdout"}
{"timestamp":"2026-04-04T22:18:09.795722Z","level":"info","event":"Wrote 16300 professor review pages so far","logger":"task.stdout"}
{"timestamp":"2026-04-04T22:18:26.809481Z","level":"info","event":"Wrote 16400 professor review pages so far","logger":"task.stdout"}
{"timestamp":"2026-04-04T22:18:44.226068Z","level":"info","event":"Wrote 16500 professor review pages so far","logger":"task.stdout"}
{"timestamp":"2026-04-04T22:19:01.998231Z","level":"info","event":"Wrote 16600 professor review pages so far","logger":"task.stdout"}
{"timestamp":"2026-04-04T22:19:19.405024Z","level":"info","event":"Wrote 16700 professor review pages so far","logger":"task.stdout"}
{"timestamp":"2026-04-04T22:19:35.552351Z","level":"info","event":"Wrote 16800 professor review pages so far","logger":"task.stdout"}
{"timestamp":"2026-04-04T22:19:52.528160Z","level":"info","event":"Wrote 16900 professor review pages so far","logger":"task.stdout"}
{"timestamp":"2026-04-04T22:20:10.788915Z","level":"info","event":"Wrote 17000 professor review pages so far","logger":"task.stdout"}
{"timestamp":"2026-04-04T22:20:27.665192Z","level":"info","event":"Wrote 17100 professor review pages so far","logger":"task.stdout"}
{"timestamp":"2026-04-04T22:20:43.472545Z","level":"info","event":"Wrote 17200 professor review pages so far","logger":"task.stdout"}
{"timestamp":"2026-04-04T22:21:01.728584Z","level":"info","event":"Wrote 17300 professor review pages so far","logger":"task.stdout"}
{"timestamp":"2026-04-04T22:21:20.000059Z","level":"info","event":"Wrote 17400 professor review pages so far","logger":"task.stdout"}
{"timestamp":"2026-04-04T22:21:36.868959Z","level":"info","event":"Wrote 17500 professor review pages so far","logger":"task.stdout"}
{"timestamp":"2026-04-04T22:21:54.464815Z","level":"info","event":"Wrote 17600 professor review pages so far","logger":"task.stdout"}
{"timestamp":"2026-04-04T22:22:12.804387Z","level":"info","event":"Wrote 17700 professor review pages so far","logger":"task.stdout"}
{"timestamp":"2026-04-04T22:22:32.064286Z","level":"info","event":"Wrote 17800 professor review pages so far","logger":"task.stdout"}
{"timestamp":"2026-04-04T22:22:51.738411Z","level":"info","event":"Wrote 17900 professor review pages so far","logger":"task.stdout"}
{"timestamp":"2026-04-04T22:23:09.765553Z","level":"info","event":"Wrote 18000 professor review pages so far","logger":"task.stdout"}
{"timestamp":"2026-04-04T22:23:28.016575Z","level":"info","event":"Wrote 18100 professor review pages so far","logger":"task.stdout"}
{"timestamp":"2026-04-04T22:23:44.803181Z","level":"info","event":"Wrote 18200 professor review pages so far","logger":"task.stdout"}
{"timestamp":"2026-04-04T22:24:00.993728Z","level":"info","event":"Wrote 18300 professor review pages so far","logger":"task.stdout"}
{"timestamp":"2026-04-04T22:24:18.410331Z","level":"info","event":"Wrote 18400 professor review pages so far","logger":"task.stdout"}
{"timestamp":"2026-04-04T22:24:34.428461Z","level":"info","event":"Wrote 18500 professor review pages so far","logger":"task.stdout"}
{"timestamp":"2026-04-04T22:24:51.100495Z","level":"info","event":"Wrote 18600 professor review pages so far","logger":"task.stdout"}
{"timestamp":"2026-04-04T22:25:10.942884Z","level":"info","event":"Wrote 18700 professor review pages so far","logger":"task.stdout"}
{"timestamp":"2026-04-04T22:25:28.876417Z","level":"info","event":"Wrote 18800 professor review pages so far","logger":"task.stdout"}
{"timestamp":"2026-04-04T22:25:46.857036Z","level":"info","event":"Wrote 18900 professor review pages so far","logger":"task.stdout"}
{"timestamp":"2026-04-04T22:26:05.704424Z","level":"info","event":"Wrote 19000 professor review pages so far","logger":"task.stdout"}
{"timestamp":"2026-04-04T22:26:22.552530Z","level":"info","event":"Wrote 19100 professor review pages so far","logger":"task.stdout"}
{"timestamp":"2026-04-04T22:26:38.567375Z","level":"info","event":"Wrote 19200 professor review pages so far","logger":"task.stdout"}
{"timestamp":"2026-04-04T22:26:55.323835Z","level":"info","event":"Wrote 19300 professor review pages so far","logger":"task.stdout"}
{"timestamp":"2026-04-04T22:27:12.602651Z","level":"info","event":"Wrote 19400 professor review pages so far","logger":"task.stdout"}
{"timestamp":"2026-04-04T22:27:29.986616Z","level":"info","event":"Wrote 19500 professor review pages so far","logger":"task.stdout"}
{"timestamp":"2026-04-04T22:27:45.819481Z","level":"info","event":"Wrote 19600 professor review pages so far","logger":"task.stdout"}
{"timestamp":"2026-04-04T22:28:04.725304Z","level":"info","event":"Wrote 19700 professor review pages so far","logger":"task.stdout"}
{"timestamp":"2026-04-04T22:28:27.216657Z","level":"info","event":"Wrote 19800 professor review pages so far","logger":"task.stdout"}
{"timestamp":"2026-04-04T22:28:47.122030Z","level":"info","event":"Wrote 19900 professor review pages so far","logger":"task.stdout"}
{"timestamp":"2026-04-04T22:29:09.835148Z","level":"info","event":"Wrote 20000 professor review pages so far","logger":"task.stdout"}
{"timestamp":"2026-04-04T22:29:26.354945Z","level":"info","event":"Wrote 20100 professor review pages so far","logger":"task.stdout"}
{"timestamp":"2026-04-04T22:29:42.660844Z","level":"info","event":"Wrote 20200 professor review pages so far","logger":"task.stdout"}
{"timestamp":"2026-04-04T22:30:01.951397Z","level":"info","event":"Wrote 20300 professor review pages so far","logger":"task.stdout"}
{"timestamp":"2026-04-04T22:30:20.884464Z","level":"info","event":"Wrote 20400 professor review pages so far","logger":"task.stdout"}
{"timestamp":"2026-04-04T22:30:38.474321Z","level":"info","event":"Wrote 20500 professor review pages so far","logger":"task.stdout"}
{"timestamp":"2026-04-04T22:30:55.130408Z","level":"info","event":"Wrote 20600 professor review pages so far","logger":"task.stdout"}
{"timestamp":"2026-04-04T22:31:19.912714Z","level":"info","event":"Wrote 20700 professor review pages so far","logger":"task.stdout"}
{"timestamp":"2026-04-04T22:31:43.371353Z","level":"info","event":"Wrote 20800 professor review pages so far","logger":"task.stdout"}
{"timestamp":"2026-04-04T22:32:08.141012Z","level":"info","event":"Wrote 20900 professor review pages so far","logger":"task.stdout"}
{"timestamp":"2026-04-04T22:32:30.998653Z","level":"info","event":"Wrote 21000 professor review pages so far","logger":"task.stdout"}
{"timestamp":"2026-04-04T22:32:50.238134Z","level":"info","event":"Wrote 21100 professor review pages so far","logger":"task.stdout"}
{"timestamp":"2026-04-04T22:33:08.743267Z","level":"info","event":"Wrote 21200 professor review pages so far","logger":"task.stdout"}
{"timestamp":"2026-04-04T22:33:25.638819Z","level":"info","event":"Wrote 21300 professor review pages so far","logger":"task.stdout"}
{"timestamp":"2026-04-04T22:33:43.233837Z","level":"info","event":"Wrote 21400 professor review pages so far","logger":"task.stdout"}
{"timestamp":"2026-04-04T22:34:02.878691Z","level":"info","event":"Wrote 21500 professor review pages so far","logger":"task.stdout"}
{"timestamp":"2026-04-04T22:34:21.069512Z","level":"info","event":"Wrote 21600 professor review pages so far","logger":"task.stdout"}
{"timestamp":"2026-04-04T22:34:39.456245Z","level":"info","event":"Wrote 21700 professor review pages so far","logger":"task.stdout"}
{"timestamp":"2026-04-04T22:34:57.646560Z","level":"info","event":"Wrote 21800 professor review pages so far","logger":"task.stdout"}
{"timestamp":"2026-04-04T22:35:15.712081Z","level":"info","event":"Wrote 21900 professor review pages so far","logger":"task.stdout"}
{"timestamp":"2026-04-04T22:35:33.199316Z","level":"info","event":"Wrote 22000 professor review pages so far","logger":"task.stdout"}
{"timestamp":"2026-04-04T22:35:49.916148Z","level":"info","event":"Wrote 22100 professor review pages so far","logger":"task.stdout"}
{"timestamp":"2026-04-04T22:36:08.138326Z","level":"info","event":"Wrote 22200 professor review pages so far","logger":"task.stdout"}
{"timestamp":"2026-04-04T22:36:26.705446Z","level":"info","event":"Wrote 22300 professor review pages so far","logger":"task.stdout"}
{"timestamp":"2026-04-04T22:36:44.457283Z","level":"info","event":"Wrote 22400 professor review pages so far","logger":"task.stdout"}
{"timestamp":"2026-04-04T22:37:01.843944Z","level":"info","event":"Wrote 22500 professor review pages so far","logger":"task.stdout"}
{"timestamp":"2026-04-04T22:37:21.157334Z","level":"info","event":"Wrote 22600 professor review pages so far","logger":"task.stdout"}
{"timestamp":"2026-04-04T22:37:38.766244Z","level":"info","event":"Wrote 22700 professor review pages so far","logger":"task.stdout"}
{"timestamp":"2026-04-04T22:37:55.717395Z","level":"info","event":"Wrote 22800 professor review pages so far","logger":"task.stdout"}
{"timestamp":"2026-04-04T22:38:16.091299Z","level":"info","event":"Wrote 22900 professor review pages so far","logger":"task.stdout"}
{"timestamp":"2026-04-04T22:38:33.940144Z","level":"info","event":"Wrote 23000 professor review pages so far","logger":"task.stdout"}
{"timestamp":"2026-04-04T22:38:51.835155Z","level":"info","event":"Wrote 23100 professor review pages so far","logger":"task.stdout"}
{"timestamp":"2026-04-04T22:39:10.949327Z","level":"info","event":"Wrote 23200 professor review pages so far","logger":"task.stdout"}
{"timestamp":"2026-04-04T22:39:33.698872Z","level":"info","event":"Wrote 23300 professor review pages so far","logger":"task.stdout"}
{"timestamp":"2026-04-04T22:39:56.931870Z","level":"info","event":"Wrote 23400 professor review pages so far","logger":"task.stdout"}
{"timestamp":"2026-04-04T22:40:21.425296Z","level":"info","event":"Wrote 23500 professor review pages so far","logger":"task.stdout"}
{"timestamp":"2026-04-04T22:40:44.487457Z","level":"info","event":"Wrote 23600 professor review pages so far","logger":"task.stdout"}
{"timestamp":"2026-04-04T22:41:06.336353Z","level":"info","event":"Wrote 23700 professor review pages so far","logger":"task.stdout"}
{"timestamp":"2026-04-04T22:42:05.148015Z","level":"info","event":"Wrote 23800 professor review pages so far","logger":"task.stdout"}
{"timestamp":"2026-04-04T22:42:24.150480Z","level":"info","event":"Wrote 23900 professor review pages so far","logger":"task.stdout"}
{"timestamp":"2026-04-04T22:42:46.713587Z","level":"info","event":"Wrote 24000 professor review pages so far","logger":"task.stdout"}
{"timestamp":"2026-04-04T22:43:04.697012Z","level":"info","event":"Wrote 24100 professor review pages so far","logger":"task.stdout"}
{"timestamp":"2026-04-04T22:43:26.513458Z","level":"info","event":"Wrote 24200 professor review pages so far","logger":"task.stdout"}
{"timestamp":"2026-04-04T22:43:50.331736Z","level":"info","event":"Wrote 24300 professor review pages so far","logger":"task.stdout"}
{"timestamp":"2026-04-04T22:44:13.032161Z","level":"info","event":"Wrote 24400 professor review pages so far","logger":"task.stdout"}
{"timestamp":"2026-04-04T22:44:34.502454Z","level":"info","event":"Wrote 24500 professor review pages so far","logger":"task.stdout"}
{"timestamp":"2026-04-04T22:44:56.506099Z","level":"info","event":"Wrote 24600 professor review pages so far","logger":"task.stdout"}
{"timestamp":"2026-04-04T22:45:16.727296Z","level":"info","event":"Wrote 24700 professor review pages so far","logger":"task.stdout"}
{"timestamp":"2026-04-04T22:45:34.359574Z","level":"info","event":"Wrote 24800 professor review pages so far","logger":"task.stdout"}
{"timestamp":"2026-04-04T22:45:51.576190Z","level":"info","event":"Wrote 24900 professor review pages so far","logger":"task.stdout"}
{"timestamp":"2026-04-04T22:46:11.439108Z","level":"info","event":"Wrote 25000 professor review pages so far","logger":"task.stdout"}
{"timestamp":"2026-04-04T22:46:30.799154Z","level":"info","event":"Wrote 25100 professor review pages so far","logger":"task.stdout"}
{"timestamp":"2026-04-04T22:46:52.418059Z","level":"info","event":"Wrote 25200 professor review pages so far","logger":"task.stdout"}
{"timestamp":"2026-04-04T22:47:09.527502Z","level":"info","event":"Wrote 25300 professor review pages so far","logger":"task.stdout"}
{"timestamp":"2026-04-04T22:48:04.665725Z","level":"info","event":"Wrote 25400 professor review pages so far","logger":"task.stdout"}
{"timestamp":"2026-04-04T22:48:26.497725Z","level":"info","event":"Wrote 25500 professor review pages so far","logger":"task.stdout"}
{"timestamp":"2026-04-04T22:48:47.790878Z","level":"info","event":"Wrote 25600 professor review pages so far","logger":"task.stdout"}
{"timestamp":"2026-04-04T22:49:11.098538Z","level":"info","event":"Wrote 25700 professor review pages so far","logger":"task.stdout"}
{"timestamp":"2026-04-04T22:49:29.559862Z","level":"info","event":"Wrote 25800 professor review pages so far","logger":"task.stdout"}
{"timestamp":"2026-04-04T22:49:53.486733Z","level":"info","event":"Wrote 25900 professor review pages so far","logger":"task.stdout"}
{"timestamp":"2026-04-04T22:50:15.981805Z","level":"info","event":"Wrote 26000 professor review pages so far","logger":"task.stdout"}
{"timestamp":"2026-04-04T22:50:39.080449Z","level":"info","event":"Wrote 26100 professor review pages so far","logger":"task.stdout"}
{"timestamp":"2026-04-04T22:51:00.366484Z","level":"info","event":"Wrote 26200 professor review pages so far","logger":"task.stdout"}
{"timestamp":"2026-04-04T22:51:19.806965Z","level":"info","event":"Wrote 26300 professor review pages so far","logger":"task.stdout"}
{"timestamp":"2026-04-04T22:51:37.722349Z","level":"info","event":"Wrote 26400 professor review pages so far","logger":"task.stdout"}
{"timestamp":"2026-04-04T22:51:55.677450Z","level":"info","event":"Wrote 26500 professor review pages so far","logger":"task.stdout"}
{"timestamp":"2026-04-04T22:52:18.569747Z","level":"info","event":"Wrote 26600 professor review pages so far","logger":"task.stdout"}
{"timestamp":"2026-04-04T22:52:43.304871Z","level":"info","event":"Wrote 26700 professor review pages so far","logger":"task.stdout"}
{"timestamp":"2026-04-04T22:53:08.545243Z","level":"info","event":"Wrote 26800 professor review pages so far","logger":"task.stdout"}
{"timestamp":"2026-04-04T22:53:31.466804Z","level":"info","event":"Wrote 26900 professor review pages so far","logger":"task.stdout"}
{"timestamp":"2026-04-04T22:53:52.618135Z","level":"info","event":"Wrote 27000 professor review pages so far","logger":"task.stdout"}
{"timestamp":"2026-04-04T22:54:14.603602Z","level":"info","event":"Wrote 27100 professor review pages so far","logger":"task.stdout"}
{"timestamp":"2026-04-04T22:54:32.844997Z","level":"info","event":"Wrote 27200 professor review pages so far","logger":"task.stdout"}
{"timestamp":"2026-04-04T22:54:49.398256Z","level":"info","event":"Wrote 27300 professor review pages so far","logger":"task.stdout"}
{"timestamp":"2026-04-04T22:55:08.579651Z","level":"info","event":"Wrote 27400 professor review pages so far","logger":"task.stdout"}
{"timestamp":"2026-04-04T22:55:27.397110Z","level":"info","event":"Wrote 27500 professor review pages so far","logger":"task.stdout"}
{"timestamp":"2026-04-04T22:55:45.186216Z","level":"info","event":"Wrote 27600 professor review pages so far","logger":"task.stdout"}
{"timestamp":"2026-04-04T22:56:04.759894Z","level":"info","event":"Wrote 27700 professor review pages so far","logger":"task.stdout"}
{"timestamp":"2026-04-04T22:56:24.983926Z","level":"info","event":"Wrote 27800 professor review pages so far","logger":"task.stdout"}
{"timestamp":"2026-04-04T22:56:35.641190Z","level":"info","event":"Wrote 27864 professor review pages total","logger":"task.stdout"}
{"timestamp":"2026-04-04T22:56:36.407682Z","level":"info","event":"Done. Returned value was: None","logger":"airflow.task.operators.airflow.providers.standard.operators.python.PythonOperator","filename":"python.py","lineno":230}
