{"timestamp":"2026-02-12T00:19:14.256071Z","level":"info","event":"DAG bundles loaded: dags-folder","logger":"airflow.dag_processing.bundles.manager.DagBundlesManager","filename":"manager.py","lineno":179}
{"timestamp":"2026-02-12T00:19:14.256678Z","level":"info","event":"Filling up the DagBag from /opt/airflow/dags/sis_batch_dag.py","logger":"airflow.models.dagbag.BundleDagBag","filename":"dagbag.py","lineno":593}
{"timestamp":"2026-02-12T00:19:14.299387Z","level":"info","event":"Processing instructor: Deepyaman Maiti for course_id: 001153","logger":"task.stdout"}
{"timestamp":"2026-02-12T00:19:14.300059Z","level":"info","event":"Loading instructors, count: 1","logger":"task.stdout"}
{"timestamp":"2026-02-12T00:19:14.305128Z","level":"info","event":"FLUSH FAILED professor: (psycopg2.errors.SyntaxError) syntax error at end of input","logger":"task.stdout"}
{"timestamp":"2026-02-12T00:19:14.305194Z","level":"info","event":"LINE 7:","logger":"task.stdout"}
{"timestamp":"2026-02-12T00:19:14.305252Z","level":"info","event":"                        ^","logger":"task.stdout"}
{"timestamp":"2026-02-12T00:19:14.305312Z","level":"info","event":"","logger":"task.stdout"}
{"timestamp":"2026-02-12T00:19:14.305359Z","level":"info","event":"[SQL:","logger":"task.stdout"}
{"timestamp":"2026-02-12T00:19:14.305395Z","level":"info","event":"                INSERT INTO section_professor(","logger":"task.stdout"}
{"timestamp":"2026-02-12T00:19:14.305426Z","level":"info","event":"                    term_id,","logger":"task.stdout"}
{"timestamp":"2026-02-12T00:19:14.305455Z","level":"info","event":"                    course_id,","logger":"task.stdout"}
{"timestamp":"2026-02-12T00:19:14.305489Z","level":"info","event":"                    professor_id","logger":"task.stdout"}
{"timestamp":"2026-02-12T00:19:14.305525Z","level":"info","event":"                )","logger":"task.stdout"}
{"timestamp":"2026-02-12T00:19:14.305558Z","level":"info","event":"                ]","logger":"task.stdout"}
{"timestamp":"2026-02-12T00:19:14.305586Z","level":"info","event":"(Background on this error at: https://sqlalche.me/e/20/f405)","logger":"task.stdout"}
{"timestamp":"2026-02-12T00:19:14.305610Z","level":"info","event":"sample row: {'name': 'Deepyaman Maiti', 'email': 'dm5jc@virginia.edu', 'course_id': '001153', 'term_id': '1262'}","logger":"task.stdout"}
{"timestamp":"2026-02-12T00:19:14.305636Z","level":"info","event":"Error processing professor for term 1262: (psycopg2.errors.SyntaxError) syntax error at end of input","logger":"task.stdout"}
{"timestamp":"2026-02-12T00:19:14.305661Z","level":"info","event":"LINE 7:","logger":"task.stdout"}
{"timestamp":"2026-02-12T00:19:14.305684Z","level":"info","event":"                        ^","logger":"task.stdout"}
{"timestamp":"2026-02-12T00:19:14.305708Z","level":"info","event":"","logger":"task.stdout"}
{"timestamp":"2026-02-12T00:19:14.305732Z","level":"info","event":"[SQL:","logger":"task.stdout"}
{"timestamp":"2026-02-12T00:19:14.305756Z","level":"info","event":"                INSERT INTO section_professor(","logger":"task.stdout"}
{"timestamp":"2026-02-12T00:19:14.305779Z","level":"info","event":"                    term_id,","logger":"task.stdout"}
{"timestamp":"2026-02-12T00:19:14.305803Z","level":"info","event":"                    course_id,","logger":"task.stdout"}
{"timestamp":"2026-02-12T00:19:14.305827Z","level":"info","event":"                    professor_id","logger":"task.stdout"}
{"timestamp":"2026-02-12T00:19:14.305852Z","level":"info","event":"                )","logger":"task.stdout"}
{"timestamp":"2026-02-12T00:19:14.305875Z","level":"info","event":"                ]","logger":"task.stdout"}
{"timestamp":"2026-02-12T00:19:14.305898Z","level":"info","event":"(Background on this error at: https://sqlalche.me/e/20/f405)","logger":"task.stdout"}
{"timestamp":"2026-02-12T00:19:14.304697Z","level":"error","event":"Task failed with exception","logger":"task","filename":"task_runner.py","lineno":1142,"error_detail":[{"exc_type":"ProgrammingError","exc_value":"(psycopg2.errors.SyntaxError) syntax error at end of input\nLINE 7:                 \n                        ^\n\n[SQL: \n                INSERT INTO section_professor(\n                    term_id,\n                    course_id,\n                    professor_id\n                )\n                ]\n(Background on this error at: https://sqlalche.me/e/20/f405)","exc_notes":[],"syntax_error":null,"is_cause":false,"frames":[{"filename":"/home/airflow/.local/lib/python3.12/site-packages/airflow/sdk/execution_time/task_runner.py","lineno":1068,"name":"run"},{"filename":"/home/airflow/.local/lib/python3.12/site-packages/airflow/sdk/execution_time/task_runner.py","lineno":1477,"name":"_execute_task"},{"filename":"/home/airflow/.local/lib/python3.12/site-packages/airflow/sdk/bases/operator.py","lineno":417,"name":"wrapper"},{"filename":"/home/airflow/.local/lib/python3.12/site-packages/airflow/providers/standard/operators/python.py","lineno":228,"name":"execute"},{"filename":"/home/airflow/.local/lib/python3.12/site-packages/airflow/providers/standard/operators/python.py","lineno":251,"name":"execute_callable"},{"filename":"/home/airflow/.local/lib/python3.12/site-packages/airflow/sdk/execution_time/callback_runner.py","lineno":82,"name":"run"},{"filename":"/opt/airflow/dags/sis_batch_dag.py","lineno":207,"name":"connect_database"},{"filename":"/opt/airflow/dags/sis_batch_dag.py","lineno":227,"name":"flush"},{"filename":"/opt/airflow/dags/sis_batch_dag.py","lineno":325,"name":"load_batch_instructors"},{"filename":"/home/airflow/.local/lib/python3.12/site-packages/sqlalchemy/engine/base.py","lineno":1419,"name":"execute"},{"filename":"/home/airflow/.local/lib/python3.12/site-packages/sqlalchemy/sql/elements.py","lineno":527,"name":"_execute_on_connection"},{"filename":"/home/airflow/.local/lib/python3.12/site-packages/sqlalchemy/engine/base.py","lineno":1641,"name":"_execute_clauseelement"},{"filename":"/home/airflow/.local/lib/python3.12/site-packages/sqlalchemy/engine/base.py","lineno":1846,"name":"_execute_context"},{"filename":"/home/airflow/.local/lib/python3.12/site-packages/sqlalchemy/engine/base.py","lineno":1986,"name":"_exec_single_context"},{"filename":"/home/airflow/.local/lib/python3.12/site-packages/sqlalchemy/engine/base.py","lineno":2363,"name":"_handle_dbapi_exception"},{"filename":"/home/airflow/.local/lib/python3.12/site-packages/sqlalchemy/engine/base.py","lineno":1967,"name":"_exec_single_context"},{"filename":"/home/airflow/.local/lib/python3.12/site-packages/sqlalchemy/engine/default.py","lineno":952,"name":"do_execute"}],"is_group":false,"exceptions":[]},{"exc_type":"SyntaxError","exc_value":"syntax error at end of input\nLINE 7:                 \n                        ^\n","exc_notes":[],"syntax_error":null,"is_cause":true,"frames":[{"filename":"/home/airflow/.local/lib/python3.12/site-packages/sqlalchemy/engine/base.py","lineno":1967,"name":"_exec_single_context"},{"filename":"/home/airflow/.local/lib/python3.12/site-packages/sqlalchemy/engine/default.py","lineno":952,"name":"do_execute"}],"is_group":false,"exceptions":[]}]}
