{"timestamp":"2026-02-12T00:19:01.124963Z","level":"info","event":"DAG bundles loaded: dags-folder","logger":"airflow.dag_processing.bundles.manager.DagBundlesManager","filename":"manager.py","lineno":179}
{"timestamp":"2026-02-12T00:19:01.125622Z","level":"info","event":"Filling up the DagBag from /opt/airflow/dags/sis_batch_dag.py","logger":"airflow.models.dagbag.BundleDagBag","filename":"dagbag.py","lineno":593}
{"timestamp":"2026-02-12T00:19:01.193255Z","level":"info","event":"Processing instructor: Deepyaman Maiti for course_id: 001153","logger":"task.stdout"}
{"timestamp":"2026-02-12T00:19:01.193460Z","level":"info","event":"Loading instructors, count: 1","logger":"task.stdout"}
{"timestamp":"2026-02-12T00:19:01.195181Z","level":"info","event":"FLUSH FAILED professor: (psycopg2.errors.InvalidColumnReference) there is no unique or exclusion constraint matching the ON CONFLICT specification","logger":"task.stdout"}
{"timestamp":"2026-02-12T00:19:01.195837Z","level":"info","event":"","logger":"task.stdout"}
{"timestamp":"2026-02-12T00:19:01.195903Z","level":"info","event":"[SQL:","logger":"task.stdout"}
{"timestamp":"2026-02-12T00:19:01.195949Z","level":"info","event":"                INSERT INTO section_professor(","logger":"task.stdout"}
{"timestamp":"2026-02-12T00:19:01.195994Z","level":"info","event":"                    term_id,","logger":"task.stdout"}
{"timestamp":"2026-02-12T00:19:01.196044Z","level":"info","event":"                    course_id,","logger":"task.stdout"}
{"timestamp":"2026-02-12T00:19:01.196078Z","level":"info","event":"                    professor_id","logger":"task.stdout"}
{"timestamp":"2026-02-12T00:19:01.196112Z","level":"info","event":"                )","logger":"task.stdout"}
{"timestamp":"2026-02-12T00:19:01.196155Z","level":"info","event":"                VALUES (%(term_id)s, %(course_id)s, %(professor_id)s)","logger":"task.stdout"}
{"timestamp":"2026-02-12T00:19:01.196188Z","level":"info","event":"                ON CONFLICT (term_id, course_id, professor_id) DO NOTHING","logger":"task.stdout"}
{"timestamp":"2026-02-12T00:19:01.196225Z","level":"info","event":"                ]","logger":"task.stdout"}
{"timestamp":"2026-02-12T00:19:01.196253Z","level":"info","event":"[parameters: {'term_id': '1262', 'course_id': '001153', 'professor_id': 3144}]","logger":"task.stdout"}
{"timestamp":"2026-02-12T00:19:01.196300Z","level":"info","event":"(Background on this error at: https://sqlalche.me/e/20/f405)","logger":"task.stdout"}
{"timestamp":"2026-02-12T00:19:01.196350Z","level":"info","event":"sample row: {'name': 'Deepyaman Maiti', 'email': 'dm5jc@virginia.edu', 'course_id': '001153', 'term_id': '1262'}","logger":"task.stdout"}
{"timestamp":"2026-02-12T00:19:01.196388Z","level":"info","event":"Error processing professor for term 1262: (psycopg2.errors.InvalidColumnReference) there is no unique or exclusion constraint matching the ON CONFLICT specification","logger":"task.stdout"}
{"timestamp":"2026-02-12T00:19:01.196428Z","level":"info","event":"","logger":"task.stdout"}
{"timestamp":"2026-02-12T00:19:01.196462Z","level":"info","event":"[SQL:","logger":"task.stdout"}
{"timestamp":"2026-02-12T00:19:01.196497Z","level":"info","event":"                INSERT INTO section_professor(","logger":"task.stdout"}
{"timestamp":"2026-02-12T00:19:01.196532Z","level":"info","event":"                    term_id,","logger":"task.stdout"}
{"timestamp":"2026-02-12T00:19:01.196562Z","level":"info","event":"                    course_id,","logger":"task.stdout"}
{"timestamp":"2026-02-12T00:19:01.196590Z","level":"info","event":"                    professor_id","logger":"task.stdout"}
{"timestamp":"2026-02-12T00:19:01.196618Z","level":"info","event":"                )","logger":"task.stdout"}
{"timestamp":"2026-02-12T00:19:01.196646Z","level":"info","event":"                VALUES (%(term_id)s, %(course_id)s, %(professor_id)s)","logger":"task.stdout"}
{"timestamp":"2026-02-12T00:19:01.196674Z","level":"info","event":"                ON CONFLICT (term_id, course_id, professor_id) DO NOTHING","logger":"task.stdout"}
{"timestamp":"2026-02-12T00:19:01.196727Z","level":"info","event":"                ]","logger":"task.stdout"}
{"timestamp":"2026-02-12T00:19:01.196766Z","level":"info","event":"[parameters: {'term_id': '1262', 'course_id': '001153', 'professor_id': 3144}]","logger":"task.stdout"}
{"timestamp":"2026-02-12T00:19:01.196793Z","level":"info","event":"(Background on this error at: https://sqlalche.me/e/20/f405)","logger":"task.stdout"}
{"timestamp":"2026-02-12T00:19:01.195298Z","level":"error","event":"Task failed with exception","logger":"task","filename":"task_runner.py","lineno":1142,"error_detail":[{"exc_type":"ProgrammingError","exc_value":"(psycopg2.errors.InvalidColumnReference) there is no unique or exclusion constraint matching the ON CONFLICT specification\n\n[SQL: \n                INSERT INTO section_professor(\n                    term_id,\n                    course_id,\n                    professor_id\n                )\n                VALUES (%(term_id)s, %(course_id)s, %(professor_id)s)\n                ON CONFLICT (term_id, course_id, professor_id) DO NOTHING\n                ]\n[parameters: {'term_id': '1262', 'course_id': '001153', 'professor_id': 3144}]\n(Background on this error at: https://sqlalche.me/e/20/f405)","exc_notes":[],"syntax_error":null,"is_cause":false,"frames":[{"filename":"/home/airflow/.local/lib/python3.12/site-packages/airflow/sdk/execution_time/task_runner.py","lineno":1068,"name":"run"},{"filename":"/home/airflow/.local/lib/python3.12/site-packages/airflow/sdk/execution_time/task_runner.py","lineno":1477,"name":"_execute_task"},{"filename":"/home/airflow/.local/lib/python3.12/site-packages/airflow/sdk/bases/operator.py","lineno":417,"name":"wrapper"},{"filename":"/home/airflow/.local/lib/python3.12/site-packages/airflow/providers/standard/operators/python.py","lineno":228,"name":"execute"},{"filename":"/home/airflow/.local/lib/python3.12/site-packages/airflow/providers/standard/operators/python.py","lineno":251,"name":"execute_callable"},{"filename":"/home/airflow/.local/lib/python3.12/site-packages/airflow/sdk/execution_time/callback_runner.py","lineno":82,"name":"run"},{"filename":"/opt/airflow/dags/sis_batch_dag.py","lineno":207,"name":"connect_database"},{"filename":"/opt/airflow/dags/sis_batch_dag.py","lineno":227,"name":"flush"},{"filename":"/opt/airflow/dags/sis_batch_dag.py","lineno":325,"name":"load_batch_instructors"},{"filename":"/home/airflow/.local/lib/python3.12/site-packages/sqlalchemy/engine/base.py","lineno":1419,"name":"execute"},{"filename":"/home/airflow/.local/lib/python3.12/site-packages/sqlalchemy/sql/elements.py","lineno":527,"name":"_execute_on_connection"},{"filename":"/home/airflow/.local/lib/python3.12/site-packages/sqlalchemy/engine/base.py","lineno":1641,"name":"_execute_clauseelement"},{"filename":"/home/airflow/.local/lib/python3.12/site-packages/sqlalchemy/engine/base.py","lineno":1846,"name":"_execute_context"},{"filename":"/home/airflow/.local/lib/python3.12/site-packages/sqlalchemy/engine/base.py","lineno":1986,"name":"_exec_single_context"},{"filename":"/home/airflow/.local/lib/python3.12/site-packages/sqlalchemy/engine/base.py","lineno":2363,"name":"_handle_dbapi_exception"},{"filename":"/home/airflow/.local/lib/python3.12/site-packages/sqlalchemy/engine/base.py","lineno":1967,"name":"_exec_single_context"},{"filename":"/home/airflow/.local/lib/python3.12/site-packages/sqlalchemy/engine/default.py","lineno":952,"name":"do_execute"}],"is_group":false,"exceptions":[]},{"exc_type":"InvalidColumnReference","exc_value":"there is no unique or exclusion constraint matching the ON CONFLICT specification\n","exc_notes":[],"syntax_error":null,"is_cause":true,"frames":[{"filename":"/home/airflow/.local/lib/python3.12/site-packages/sqlalchemy/engine/base.py","lineno":1967,"name":"_exec_single_context"},{"filename":"/home/airflow/.local/lib/python3.12/site-packages/sqlalchemy/engine/default.py","lineno":952,"name":"do_execute"}],"is_group":false,"exceptions":[]}]}
