{"timestamp":"2026-02-12T01:18:10.186794Z","level":"info","event":"DAG bundles loaded: dags-folder","logger":"airflow.dag_processing.bundles.manager.DagBundlesManager","filename":"manager.py","lineno":179}
{"timestamp":"2026-02-12T01:18:10.187296Z","level":"info","event":"Filling up the DagBag from /opt/airflow/dags/professor_rating_dag.py","logger":"airflow.models.dagbag.BundleDagBag","filename":"dagbag.py","lineno":593}
{"timestamp":"2026-02-12T01:18:10.311690Z","level":"info","event":"Processing course APMA 3150 with 5 instructors","logger":"task.stdout"}
{"timestamp":"2026-02-12T01:18:10.313225Z","level":"info","event":"Updated instructor Meiqin Li with rating 3.83","logger":"task.stdout"}
{"timestamp":"2026-02-12T01:18:10.314700Z","level":"info","event":"Updated instructor Meiqin Li with difficulty 3.00","logger":"task.stdout"}
{"timestamp":"2026-02-12T01:18:10.314791Z","level":"info","event":"Updated instructor Gianluca Guadagni with rating 4.00","logger":"task.stdout"}
{"timestamp":"2026-02-12T01:18:10.314869Z","level":"info","event":"Updated instructor Gianluca Guadagni with difficulty 3.00","logger":"task.stdout"}
{"timestamp":"2026-02-12T01:18:10.342643Z","level":"info","event":"Processing course APMA 3501 with 17 instructors","logger":"task.stdout"}
{"timestamp":"2026-02-12T01:18:10.365202Z","level":"info","event":"Processing course APMA 4993 with 4 instructors","logger":"task.stdout"}
{"timestamp":"2026-02-12T01:18:10.392610Z","level":"info","event":"Processing course APMA 1090 with 16 instructors","logger":"task.stdout"}
{"timestamp":"2026-02-12T01:18:10.393606Z","level":"info","event":"Updated instructor Hui Ma with rating 4.13","logger":"task.stdout"}
{"timestamp":"2026-02-12T01:18:10.394218Z","level":"info","event":"Updated instructor Hui Ma with difficulty 3.10","logger":"task.stdout"}
{"timestamp":"2026-02-12T01:18:10.394925Z","level":"info","event":"Updated instructor Julie Spencer with rating 4.67","logger":"task.stdout"}
{"timestamp":"2026-02-12T01:18:10.395336Z","level":"info","event":"Updated instructor Julie Spencer with difficulty 3.00","logger":"task.stdout"}
{"timestamp":"2026-02-12T01:18:10.424462Z","level":"info","event":"Processing course APMA 1110 with 17 instructors","logger":"task.stdout"}
{"timestamp":"2026-02-12T01:18:10.425158Z","level":"info","event":"Updated instructor Monika Abramenko with rating 3.80","logger":"task.stdout"}
{"timestamp":"2026-02-12T01:18:10.425567Z","level":"info","event":"Updated instructor Monika Abramenko with difficulty 3.27","logger":"task.stdout"}
{"timestamp":"2026-02-12T01:18:10.426149Z","level":"info","event":"Updated instructor Anne Fernando with rating 4.67","logger":"task.stdout"}
{"timestamp":"2026-02-12T01:18:10.426564Z","level":"info","event":"Updated instructor Anne Fernando with difficulty 3.00","logger":"task.stdout"}
{"timestamp":"2026-02-12T01:18:10.427036Z","level":"info","event":"Updated instructor Matthew McMillan with rating 3.44","logger":"task.stdout"}
{"timestamp":"2026-02-12T01:18:10.427431Z","level":"info","event":"Updated instructor Matthew McMillan with difficulty 4.00","logger":"task.stdout"}
{"timestamp":"2026-02-12T01:18:10.428180Z","level":"info","event":"Updated instructor Meiqin Li with rating 4.75","logger":"task.stdout"}
{"timestamp":"2026-02-12T01:18:10.428567Z","level":"info","event":"Updated instructor Meiqin Li with difficulty 3.50","logger":"task.stdout"}
{"timestamp":"2026-02-12T01:18:10.429284Z","level":"info","event":"Updated instructor Hui Ma with rating 4.67","logger":"task.stdout"}
{"timestamp":"2026-02-12T01:18:10.429770Z","level":"info","event":"Updated instructor Hui Ma with difficulty 3.33","logger":"task.stdout"}
{"timestamp":"2026-02-12T01:18:10.430217Z","level":"info","event":"Updated instructor Diana Morris with rating 4.33","logger":"task.stdout"}
{"timestamp":"2026-02-12T01:18:10.430603Z","level":"info","event":"Updated instructor Diana Morris with difficulty 3.25","logger":"task.stdout"}
{"timestamp":"2026-02-12T01:18:10.431055Z","level":"info","event":"Updated instructor Gianluca Guadagni with rating 2.86","logger":"task.stdout"}
{"timestamp":"2026-02-12T01:18:10.431405Z","level":"info","event":"Updated instructor Gianluca Guadagni with difficulty 3.93","logger":"task.stdout"}
{"timestamp":"2026-02-12T01:18:11.496379Z","level":"info","event":"Processing course APMA 2120 with 30 instructors","logger":"task.stdout"}
{"timestamp":"2026-02-12T01:18:11.497092Z","level":"info","event":"Updated instructor Megan Ryals with rating 3.00","logger":"task.stdout"}
{"timestamp":"2026-02-12T01:18:11.497530Z","level":"info","event":"Updated instructor Megan Ryals with difficulty 3.50","logger":"task.stdout"}
{"timestamp":"2026-02-12T01:18:11.498116Z","level":"info","event":"Updated instructor Christian Hellings with rating 4.43","logger":"task.stdout"}
{"timestamp":"2026-02-12T01:18:11.498533Z","level":"info","event":"Updated instructor Christian Hellings with difficulty 3.29","logger":"task.stdout"}
{"timestamp":"2026-02-12T01:18:11.499104Z","level":"info","event":"Updated instructor Asif Mahmood with rating 3.76","logger":"task.stdout"}
{"timestamp":"2026-02-12T01:18:11.499584Z","level":"info","event":"Updated instructor Asif Mahmood with difficulty 3.60","logger":"task.stdout"}
{"timestamp":"2026-02-12T01:18:11.500394Z","level":"info","event":"Updated instructor Heze Chen with rating 4.47","logger":"task.stdout"}
{"timestamp":"2026-02-12T01:18:11.500856Z","level":"info","event":"Updated instructor Heze Chen with difficulty 2.60","logger":"task.stdout"}
{"timestamp":"2026-02-12T01:18:11.501441Z","level":"info","event":"Updated instructor Joshua Choi with rating 2.89","logger":"task.stdout"}
{"timestamp":"2026-02-12T01:18:11.501871Z","level":"info","event":"Updated instructor Joshua Choi with difficulty 3.33","logger":"task.stdout"}
{"timestamp":"2026-02-12T01:18:11.502701Z","level":"info","event":"Updated instructor Hui Ma with rating 4.45","logger":"task.stdout"}
{"timestamp":"2026-02-12T01:18:11.503248Z","level":"info","event":"Updated instructor Hui Ma with difficulty 2.95","logger":"task.stdout"}
{"timestamp":"2026-02-12T01:18:11.504082Z","level":"info","event":"Updated instructor Diana Morris with rating 4.42","logger":"task.stdout"}
{"timestamp":"2026-02-12T01:18:11.504682Z","level":"info","event":"Updated instructor Diana Morris with difficulty 3.50","logger":"task.stdout"}
{"timestamp":"2026-02-12T01:18:11.505728Z","level":"info","event":"Updated instructor Gang Tao with rating 1.61","logger":"task.stdout"}
{"timestamp":"2026-02-12T01:18:11.506159Z","level":"info","event":"Updated instructor Gang Tao with difficulty 3.50","logger":"task.stdout"}
{"timestamp":"2026-02-12T01:18:11.538045Z","level":"info","event":"Processing course APMA 2130 with 28 instructors","logger":"task.stdout"}
{"timestamp":"2026-02-12T01:18:11.538942Z","level":"info","event":"Updated instructor Julie Spencer with rating 2.25","logger":"task.stdout"}
{"timestamp":"2026-02-12T01:18:11.539360Z","level":"info","event":"Updated instructor Julie Spencer with difficulty 4.00","logger":"task.stdout"}
{"timestamp":"2026-02-12T01:18:11.539932Z","level":"info","event":"Updated instructor Anne Fernando with rating 5.00","logger":"task.stdout"}
{"timestamp":"2026-02-12T01:18:11.540334Z","level":"info","event":"Updated instructor Anne Fernando with difficulty 2.00","logger":"task.stdout"}
{"timestamp":"2026-02-12T01:18:11.541001Z","level":"info","event":"Updated instructor Diana Morris with rating 4.44","logger":"task.stdout"}
{"timestamp":"2026-02-12T01:18:11.541401Z","level":"info","event":"Updated instructor Diana Morris with difficulty 3.27","logger":"task.stdout"}
{"timestamp":"2026-02-12T01:18:11.542229Z","level":"info","event":"Updated instructor Hui Ma with rating 3.67","logger":"task.stdout"}
{"timestamp":"2026-02-12T01:18:11.542633Z","level":"info","event":"Updated instructor Hui Ma with difficulty 3.67","logger":"task.stdout"}
{"timestamp":"2026-02-12T01:18:11.543210Z","level":"info","event":"Updated instructor Gianluca Guadagni with rating 3.50","logger":"task.stdout"}
{"timestamp":"2026-02-12T01:18:11.543612Z","level":"info","event":"Updated instructor Gianluca Guadagni with difficulty 3.75","logger":"task.stdout"}
{"timestamp":"2026-02-12T01:18:11.544372Z","level":"info","event":"Updated instructor Megan Ryals with rating 2.22","logger":"task.stdout"}
{"timestamp":"2026-02-12T01:18:11.544750Z","level":"info","event":"Updated instructor Megan Ryals with difficulty 4.00","logger":"task.stdout"}
{"timestamp":"2026-02-12T01:18:11.545326Z","level":"info","event":"Updated instructor Meiqin Li with rating 3.67","logger":"task.stdout"}
{"timestamp":"2026-02-12T01:18:11.545744Z","level":"info","event":"Updated instructor Meiqin Li with difficulty 3.00","logger":"task.stdout"}
{"timestamp":"2026-02-12T01:18:11.571257Z","level":"info","event":"Processing course APMA 2501 with 10 instructors","logger":"task.stdout"}
{"timestamp":"2026-02-12T01:18:11.571875Z","level":"info","event":"Updated instructor Farzad Hassanzadeh with rating 3.95","logger":"task.stdout"}
{"timestamp":"2026-02-12T01:18:11.572302Z","level":"info","event":"Updated instructor Farzad Hassanzadeh with difficulty 3.57","logger":"task.stdout"}
{"timestamp":"2026-02-12T01:18:11.572852Z","level":"info","event":"Updated instructor Gianluca Guadagni with rating 3.33","logger":"task.stdout"}
{"timestamp":"2026-02-12T01:18:11.573259Z","level":"info","event":"Updated instructor Gianluca Guadagni with difficulty 2.00","logger":"task.stdout"}
{"timestamp":"2026-02-12T01:18:11.602376Z","level":"info","event":"Processing course APMA 3080 with 22 instructors","logger":"task.stdout"}
{"timestamp":"2026-02-12T01:18:11.603001Z","level":"info","event":"Updated instructor Monika Abramenko with rating 3.70","logger":"task.stdout"}
{"timestamp":"2026-02-12T01:18:11.603502Z","level":"info","event":"Updated instructor Monika Abramenko with difficulty 3.13","logger":"task.stdout"}
{"timestamp":"2026-02-12T01:18:11.603932Z","level":"info","event":"Updated instructor Meiqin Li with rating 3.59","logger":"task.stdout"}
{"timestamp":"2026-02-12T01:18:11.604334Z","level":"info","event":"Updated instructor Meiqin Li with difficulty 2.69","logger":"task.stdout"}
{"timestamp":"2026-02-12T01:18:11.604876Z","level":"info","event":"Updated instructor Asif Mahmood with rating 4.67","logger":"task.stdout"}
{"timestamp":"2026-02-12T01:18:11.605292Z","level":"info","event":"Updated instructor Asif Mahmood with difficulty 2.50","logger":"task.stdout"}
{"timestamp":"2026-02-12T01:18:11.606000Z","level":"info","event":"Updated instructor James Lark with rating 2.33","logger":"task.stdout"}
{"timestamp":"2026-02-12T01:18:11.606405Z","level":"info","event":"Updated instructor James Lark with difficulty 3.00","logger":"task.stdout"}
{"timestamp":"2026-02-12T01:18:11.606952Z","level":"info","event":"Updated instructor Heze Chen with rating 4.56","logger":"task.stdout"}
{"timestamp":"2026-02-12T01:18:11.607358Z","level":"info","event":"Updated instructor Heze Chen with difficulty 3.33","logger":"task.stdout"}
{"timestamp":"2026-02-12T01:18:11.607904Z","level":"info","event":"Updated instructor Christian Hellings with rating 5.00","logger":"task.stdout"}
{"timestamp":"2026-02-12T01:18:11.608411Z","level":"info","event":"Updated instructor Christian Hellings with difficulty 3.00","logger":"task.stdout"}
{"timestamp":"2026-02-12T01:18:11.608979Z","level":"info","event":"Updated instructor Diana Morris with rating 4.57","logger":"task.stdout"}
{"timestamp":"2026-02-12T01:18:11.609589Z","level":"info","event":"Updated instructor Diana Morris with difficulty 2.70","logger":"task.stdout"}
{"timestamp":"2026-02-12T01:18:11.610160Z","level":"info","event":"Updated instructor Hui Ma with rating 3.25","logger":"task.stdout"}
{"timestamp":"2026-02-12T01:18:11.610563Z","level":"info","event":"Updated instructor Hui Ma with difficulty 4.00","logger":"task.stdout"}
{"timestamp":"2026-02-12T01:18:11.611520Z","level":"info","event":"Updated instructor Jeffrey Holt with rating 4.22","logger":"task.stdout"}
{"timestamp":"2026-02-12T01:18:11.611933Z","level":"info","event":"Updated instructor Jeffrey Holt with difficulty 3.50","logger":"task.stdout"}
{"timestamp":"2026-02-12T01:18:11.648416Z","level":"info","event":"Processing course APMA 3100 with 27 instructors","logger":"task.stdout"}
{"timestamp":"2026-02-12T01:18:11.649538Z","level":"info","event":"Updated instructor Megan Ryals with rating 3.50","logger":"task.stdout"}
{"timestamp":"2026-02-12T01:18:11.649978Z","level":"info","event":"Updated instructor Megan Ryals with difficulty 3.60","logger":"task.stdout"}
{"timestamp":"2026-02-12T01:18:11.650609Z","level":"info","event":"Updated instructor Hui Ma with rating 4.33","logger":"task.stdout"}
{"timestamp":"2026-02-12T01:18:11.651031Z","level":"info","event":"Updated instructor Hui Ma with difficulty 3.50","logger":"task.stdout"}
{"timestamp":"2026-02-12T01:18:11.651581Z","level":"info","event":"Updated instructor Christian Hellings with rating 4.00","logger":"task.stdout"}
{"timestamp":"2026-02-12T01:18:11.651991Z","level":"info","event":"Updated instructor Christian Hellings with difficulty 4.50","logger":"task.stdout"}
{"timestamp":"2026-02-12T01:18:11.652522Z","level":"info","event":"Updated instructor Deepyaman Maiti with rating 3.83","logger":"task.stdout"}
{"timestamp":"2026-02-12T01:18:11.652936Z","level":"info","event":"Updated instructor Deepyaman Maiti with difficulty 3.50","logger":"task.stdout"}
{"timestamp":"2026-02-12T01:18:11.653968Z","level":"info","event":"Updated instructor Jundong Li with rating 3.67","logger":"task.stdout"}
{"timestamp":"2026-02-12T01:18:11.654443Z","level":"info","event":"Updated instructor Jundong Li with difficulty 2.50","logger":"task.stdout"}
{"timestamp":"2026-02-12T01:18:11.654877Z","level":"info","event":"Updated instructor Cong Shen with rating 3.33","logger":"task.stdout"}
{"timestamp":"2026-02-12T01:18:11.655276Z","level":"info","event":"Updated instructor Cong Shen with difficulty 4.00","logger":"task.stdout"}
{"timestamp":"2026-02-12T01:18:11.655986Z","level":"info","event":"Updated instructor Meiqin Li with rating 3.92","logger":"task.stdout"}
{"timestamp":"2026-02-12T01:18:11.656398Z","level":"info","event":"Updated instructor Meiqin Li with difficulty 3.00","logger":"task.stdout"}
{"timestamp":"2026-02-12T01:18:11.657541Z","level":"info","event":"Updated instructor Gianluca Guadagni with rating 2.10","logger":"task.stdout"}
{"timestamp":"2026-02-12T01:18:11.657964Z","level":"info","event":"Updated instructor Gianluca Guadagni with difficulty 4.10","logger":"task.stdout"}
{"timestamp":"2026-02-12T01:18:11.692967Z","level":"info","event":"Processing course APMA 3110 with 21 instructors","logger":"task.stdout"}
{"timestamp":"2026-02-12T01:18:11.693796Z","level":"info","event":"Updated instructor Hui Ma with rating 4.56","logger":"task.stdout"}
{"timestamp":"2026-02-12T01:18:11.694333Z","level":"info","event":"Updated instructor Hui Ma with difficulty 3.33","logger":"task.stdout"}
{"timestamp":"2026-02-12T01:18:11.694764Z","level":"info","event":"Updated instructor Deepyaman Maiti with rating 3.78","logger":"task.stdout"}
{"timestamp":"2026-02-12T01:18:11.695178Z","level":"info","event":"Updated instructor Deepyaman Maiti with difficulty 2.33","logger":"task.stdout"}
{"timestamp":"2026-02-12T01:18:11.695704Z","level":"info","event":"Updated instructor Gary Koenig with rating 2.80","logger":"task.stdout"}
{"timestamp":"2026-02-12T01:18:11.696116Z","level":"info","event":"Updated instructor Gary Koenig with difficulty 4.60","logger":"task.stdout"}
{"timestamp":"2026-02-12T01:18:11.697103Z","level":"info","event":"Updated instructor Megan Ryals with rating 2.17","logger":"task.stdout"}
{"timestamp":"2026-02-12T01:18:11.697504Z","level":"info","event":"Updated instructor Megan Ryals with difficulty 4.50","logger":"task.stdout"}
{"timestamp":"2026-02-12T01:18:11.698218Z","level":"info","event":"Updated instructor James Lark with rating 2.89","logger":"task.stdout"}
{"timestamp":"2026-02-12T01:18:11.698614Z","level":"info","event":"Updated instructor James Lark with difficulty 3.33","logger":"task.stdout"}
{"timestamp":"2026-02-12T01:18:11.699316Z","level":"info","event":"Updated instructor Diana Morris with rating 4.17","logger":"task.stdout"}
{"timestamp":"2026-02-12T01:18:11.699721Z","level":"info","event":"Updated instructor Diana Morris with difficulty 3.00","logger":"task.stdout"}
{"timestamp":"2026-02-12T01:18:11.700335Z","level":"info","event":"Updated instructor Gianluca Guadagni with rating 2.33","logger":"task.stdout"}
{"timestamp":"2026-02-12T01:18:11.700765Z","level":"info","event":"Updated instructor Gianluca Guadagni with difficulty 2.00","logger":"task.stdout"}
{"timestamp":"2026-02-12T01:18:11.701391Z","level":"info","event":"Updated instructor Dan Spitzner with rating 3.22","logger":"task.stdout"}
{"timestamp":"2026-02-12T01:18:11.701919Z","level":"info","event":"Updated instructor Dan Spitzner with difficulty 1.33","logger":"task.stdout"}
{"timestamp":"2026-02-12T01:18:11.726104Z","level":"info","event":"Processing course APMA 3120 with 3 instructors","logger":"task.stdout"}
{"timestamp":"2026-02-12T01:18:11.726712Z","level":"info","event":"Updated instructor James Lark with rating 3.65","logger":"task.stdout"}
{"timestamp":"2026-02-12T01:18:11.727222Z","level":"info","event":"Updated instructor James Lark with difficulty 2.87","logger":"task.stdout"}
{"timestamp":"2026-02-12T01:18:11.727660Z","level":"info","event":"Updated instructor Anne Fernando with rating 3.33","logger":"task.stdout"}
{"timestamp":"2026-02-12T01:18:11.728072Z","level":"info","event":"Updated instructor Anne Fernando with difficulty 4.00","logger":"task.stdout"}
{"timestamp":"2026-02-12T01:18:11.753816Z","level":"info","event":"Processing course APMA 3140 with 12 instructors","logger":"task.stdout"}
{"timestamp":"2026-02-12T01:18:11.754505Z","level":"info","event":"Updated instructor Diana Morris with rating 4.67","logger":"task.stdout"}
{"timestamp":"2026-02-12T01:18:11.755149Z","level":"info","event":"Updated instructor Diana Morris with difficulty 2.80","logger":"task.stdout"}
{"timestamp":"2026-02-12T01:18:11.755870Z","level":"info","event":"Updated instructor Gianluca Guadagni with rating 2.50","logger":"task.stdout"}
{"timestamp":"2026-02-12T01:18:11.756290Z","level":"info","event":"Updated instructor Gianluca Guadagni with difficulty 3.50","logger":"task.stdout"}
{"timestamp":"2026-02-12T01:18:11.880770Z","level":"info","event":"Processing course ARH 1020 with 39 instructors","logger":"task.stdout"}
{"timestamp":"2026-02-12T01:18:11.881617Z","level":"info","event":"Updated instructor Sheila Crane with rating 3.82","logger":"task.stdout"}
{"timestamp":"2026-02-12T01:18:11.882049Z","level":"info","event":"Updated instructor Sheila Crane with difficulty 2.85","logger":"task.stdout"}
{"timestamp":"2026-02-12T01:18:11.903340Z","level":"info","event":"Processing course ARH 2702 with 3 instructors","logger":"task.stdout"}
{"timestamp":"2026-02-12T01:18:11.922882Z","level":"info","event":"Processing course ARH 3060 with 1 instructors","logger":"task.stdout"}
{"timestamp":"2026-02-12T01:18:11.942044Z","level":"info","event":"Processing course ARH 3403 with 1 instructors","logger":"task.stdout"}
{"timestamp":"2026-02-12T01:18:11.942658Z","level":"info","event":"Updated instructor Shiqiao Li with rating 2.50","logger":"task.stdout"}
{"timestamp":"2026-02-12T01:18:11.943087Z","level":"info","event":"Updated instructor Shiqiao Li with difficulty 2.50","logger":"task.stdout"}
{"timestamp":"2026-02-12T01:18:11.966240Z","level":"info","event":"Processing course ARH 3500 with 11 instructors","logger":"task.stdout"}
{"timestamp":"2026-02-12T01:18:11.966815Z","level":"info","event":"Updated instructor Andrew Johnston with rating 4.00","logger":"task.stdout"}
{"timestamp":"2026-02-12T01:18:11.967236Z","level":"info","event":"Updated instructor Andrew Johnston with difficulty 2.00","logger":"task.stdout"}
{"timestamp":"2026-02-12T01:18:11.988540Z","level":"info","event":"Processing course ARH 3604 with 4 instructors","logger":"task.stdout"}
{"timestamp":"2026-02-12T01:18:12.012083Z","level":"info","event":"Processing course ARH 4591 with 11 instructors","logger":"task.stdout"}
{"timestamp":"2026-02-12T01:18:12.034260Z","level":"info","event":"Processing course ARH 4993 with 7 instructors","logger":"task.stdout"}
{"timestamp":"2026-02-12T01:18:12.060166Z","level":"info","event":"Processing course ARH 4999 with 16 instructors","logger":"task.stdout"}
{"timestamp":"2026-02-12T01:18:12.170919Z","level":"info","event":"Processing course ASL 1020 with 15 instructors","logger":"task.stdout"}
{"timestamp":"2026-02-12T01:18:12.171858Z","level":"info","event":"Updated instructor Gregory Propp with rating 4.22","logger":"task.stdout"}
{"timestamp":"2026-02-12T01:18:12.172449Z","level":"info","event":"Updated instructor Gregory Propp with difficulty 3.00","logger":"task.stdout"}
{"timestamp":"2026-02-12T01:18:12.172964Z","level":"info","event":"Updated instructor Tammy Waddell with rating 4.67","logger":"task.stdout"}
{"timestamp":"2026-02-12T01:18:12.173419Z","level":"info","event":"Updated instructor Tammy Waddell with difficulty 1.00","logger":"task.stdout"}
{"timestamp":"2026-02-12T01:18:12.174029Z","level":"info","event":"Updated instructor Miranda Slusser with rating 5.00","logger":"task.stdout"}
{"timestamp":"2026-02-12T01:18:12.174471Z","level":"info","event":"Updated instructor Miranda Slusser with difficulty 3.00","logger":"task.stdout"}
{"timestamp":"2026-02-12T01:18:12.175538Z","level":"info","event":"Updated instructor Christopher Krentz with rating 2.33","logger":"task.stdout"}
{"timestamp":"2026-02-12T01:18:12.176011Z","level":"info","event":"Updated instructor Christopher Krentz with difficulty 5.00","logger":"task.stdout"}
{"timestamp":"2026-02-12T01:18:12.200600Z","level":"info","event":"Processing course ASL 2020 with 9 instructors","logger":"task.stdout"}
{"timestamp":"2026-02-12T01:18:12.201360Z","level":"info","event":"Updated instructor Gregory Propp with rating 4.50","logger":"task.stdout"}
{"timestamp":"2026-02-12T01:18:12.201812Z","level":"info","event":"Updated instructor Gregory Propp with difficulty 3.00","logger":"task.stdout"}
{"timestamp":"2026-02-12T01:18:12.202451Z","level":"info","event":"Updated instructor Maher Eshgi with rating 2.67","logger":"task.stdout"}
{"timestamp":"2026-02-12T01:18:12.202829Z","level":"info","event":"Updated instructor Maher Eshgi with difficulty 1.00","logger":"task.stdout"}
{"timestamp":"2026-02-12T01:18:12.222912Z","level":"info","event":"Processing course ASL 3015 with 1 instructors","logger":"task.stdout"}
{"timestamp":"2026-02-12T01:18:12.242999Z","level":"info","event":"Processing course ASL 3020 with 1 instructors","logger":"task.stdout"}
{"timestamp":"2026-02-12T01:18:12.262593Z","level":"info","event":"Processing course ASL 3460 with 1 instructors","logger":"task.stdout"}
{"timestamp":"2026-02-12T01:18:12.284827Z","level":"info","event":"Processing course ASL 3559 with 8 instructors","logger":"task.stdout"}
{"timestamp":"2026-02-12T01:18:12.304818Z","level":"info","event":"Processing course ASL 4450 with 1 instructors","logger":"task.stdout"}
{"timestamp":"2026-02-12T01:18:12.324369Z","level":"info","event":"Processing course ASL 4750 with 1 instructors","logger":"task.stdout"}
{"timestamp":"2026-02-12T01:18:12.324930Z","level":"info","event":"Updated instructor Christopher Krentz with rating 4.67","logger":"task.stdout"}
{"timestamp":"2026-02-12T01:18:12.325316Z","level":"info","event":"Updated instructor Christopher Krentz with difficulty 3.00","logger":"task.stdout"}
{"timestamp":"2026-02-12T01:18:12.345622Z","level":"info","event":"Processing course ASL 4993 with 1 instructors","logger":"task.stdout"}
{"timestamp":"2026-02-12T01:18:12.373220Z","level":"info","event":"Processing course ASTR 1210 with 20 instructors","logger":"task.stdout"}
{"timestamp":"2026-02-12T01:18:12.373714Z","level":"info","event":"Updated instructor Zhi-Yun Li with rating 3.33","logger":"task.stdout"}
{"timestamp":"2026-02-12T01:18:12.374143Z","level":"info","event":"Updated instructor Zhi-Yun Li with difficulty 3.14","logger":"task.stdout"}
{"timestamp":"2026-02-12T01:18:12.374603Z","level":"info","event":"Updated instructor Remy Indebetouw with rating 2.73","logger":"task.stdout"}
{"timestamp":"2026-02-12T01:18:12.375009Z","level":"info","event":"Updated instructor Remy Indebetouw with difficulty 3.00","logger":"task.stdout"}
{"timestamp":"2026-02-12T01:18:12.375465Z","level":"info","event":"Updated instructor Edward Murphy with rating 3.81","logger":"task.stdout"}
{"timestamp":"2026-02-12T01:18:12.375851Z","level":"info","event":"Updated instructor Edward Murphy with difficulty 2.88","logger":"task.stdout"}
{"timestamp":"2026-02-12T01:18:12.376290Z","level":"info","event":"Updated instructor Aaron Evans with rating 4.07","logger":"task.stdout"}
{"timestamp":"2026-02-12T01:18:12.376662Z","level":"info","event":"Updated instructor Aaron Evans with difficulty 1.86","logger":"task.stdout"}
{"timestamp":"2026-02-12T01:18:12.377116Z","level":"info","event":"Updated instructor Matthew Pryal with rating 4.36","logger":"task.stdout"}
{"timestamp":"2026-02-12T01:18:12.377487Z","level":"info","event":"Updated instructor Matthew Pryal with difficulty 2.60","logger":"task.stdout"}
{"timestamp":"2026-02-12T01:18:12.377939Z","level":"info","event":"Updated instructor Ilse Cleeves with rating 4.33","logger":"task.stdout"}
{"timestamp":"2026-02-12T01:18:12.378431Z","level":"info","event":"Updated instructor Ilse Cleeves with difficulty 2.22","logger":"task.stdout"}
{"timestamp":"2026-02-12T01:18:12.379692Z","level":"info","event":"Updated instructor Craig Sarazin with rating 3.78","logger":"task.stdout"}
{"timestamp":"2026-02-12T01:18:12.380093Z","level":"info","event":"Updated instructor Craig Sarazin with difficulty 1.33","logger":"task.stdout"}
{"timestamp":"2026-02-12T01:18:12.495694Z","level":"info","event":"Processing course ASTR 1220 with 30 instructors","logger":"task.stdout"}
{"timestamp":"2026-02-12T01:18:12.496391Z","level":"info","event":"Updated instructor Matthew Pryal with rating 4.26","logger":"task.stdout"}
{"timestamp":"2026-02-12T01:18:12.496830Z","level":"info","event":"Updated instructor Matthew Pryal with difficulty 2.44","logger":"task.stdout"}
{"timestamp":"2026-02-12T01:18:12.497292Z","level":"info","event":"Updated instructor Shazrene Mohamed with rating 3.33","logger":"task.stdout"}
{"timestamp":"2026-02-12T01:18:12.497692Z","level":"info","event":"Updated instructor Shazrene Mohamed with difficulty 3.00","logger":"task.stdout"}
{"timestamp":"2026-02-12T01:18:12.498145Z","level":"info","event":"Updated instructor Maryam Modjaz with rating 2.92","logger":"task.stdout"}
{"timestamp":"2026-02-12T01:18:12.498566Z","level":"info","event":"Updated instructor Maryam Modjaz with difficulty 2.00","logger":"task.stdout"}
{"timestamp":"2026-02-12T01:18:12.499020Z","level":"info","event":"Updated instructor Bradley Johnson with rating 3.67","logger":"task.stdout"}
{"timestamp":"2026-02-12T01:18:12.499426Z","level":"info","event":"Updated instructor Bradley Johnson with difficulty 1.83","logger":"task.stdout"}
{"timestamp":"2026-02-12T01:18:12.499868Z","level":"info","event":"Updated instructor Craig Sarazin with rating 3.00","logger":"task.stdout"}
{"timestamp":"2026-02-12T01:18:12.500315Z","level":"info","event":"Updated instructor Craig Sarazin with difficulty 4.00","logger":"task.stdout"}
{"timestamp":"2026-02-12T01:18:12.500793Z","level":"info","event":"Updated instructor Nitya Kallivayalil with rating 3.27","logger":"task.stdout"}
{"timestamp":"2026-02-12T01:18:12.501298Z","level":"info","event":"Updated instructor Nitya Kallivayalil with difficulty 2.00","logger":"task.stdout"}
{"timestamp":"2026-02-12T01:18:12.501945Z","level":"info","event":"Updated instructor William Saslaw with rating 1.54","logger":"task.stdout"}
{"timestamp":"2026-02-12T01:18:12.502369Z","level":"info","event":"Updated instructor William Saslaw with difficulty 3.62","logger":"task.stdout"}
{"timestamp":"2026-02-12T01:18:12.503088Z","level":"info","event":"Updated instructor Edward Murphy with rating 5.00","logger":"task.stdout"}
{"timestamp":"2026-02-12T01:18:12.503610Z","level":"info","event":"Updated instructor Edward Murphy with difficulty 4.00","logger":"task.stdout"}
{"timestamp":"2026-02-12T01:18:12.526358Z","level":"info","event":"Processing course ASTR 1250 with 6 instructors","logger":"task.stdout"}
{"timestamp":"2026-02-12T01:18:12.527008Z","level":"info","event":"Updated instructor Yifan Zhou with rating 3.33","logger":"task.stdout"}
{"timestamp":"2026-02-12T01:18:12.527499Z","level":"info","event":"Updated instructor Yifan Zhou with difficulty 3.00","logger":"task.stdout"}
{"timestamp":"2026-02-12T01:18:12.527970Z","level":"info","event":"Updated instructor Phil Arras with rating 3.89","logger":"task.stdout"}
{"timestamp":"2026-02-12T01:18:12.528352Z","level":"info","event":"Updated instructor Phil Arras with difficulty 1.33","logger":"task.stdout"}
{"timestamp":"2026-02-12T01:18:12.549281Z","level":"info","event":"Processing course ASTR 1290 with 4 instructors","logger":"task.stdout"}
{"timestamp":"2026-02-12T01:18:12.549751Z","level":"info","event":"Updated instructor Matthew Pryal with rating 4.17","logger":"task.stdout"}
{"timestamp":"2026-02-12T01:18:12.550148Z","level":"info","event":"Updated instructor Matthew Pryal with difficulty 3.17","logger":"task.stdout"}
{"timestamp":"2026-02-12T01:18:12.550599Z","level":"info","event":"Updated instructor Shane Davis with rating 4.62","logger":"task.stdout"}
{"timestamp":"2026-02-12T01:18:12.551023Z","level":"info","event":"Updated instructor Shane Davis with difficulty 1.85","logger":"task.stdout"}
{"timestamp":"2026-02-12T01:18:12.573880Z","level":"info","event":"Processing course ASTR 1610 with 6 instructors","logger":"task.stdout"}
{"timestamp":"2026-02-12T01:18:12.574611Z","level":"info","event":"Updated instructor Edward Murphy with rating 2.83","logger":"task.stdout"}
{"timestamp":"2026-02-12T01:18:12.575094Z","level":"info","event":"Updated instructor Edward Murphy with difficulty 2.00","logger":"task.stdout"}
{"timestamp":"2026-02-12T01:18:12.575832Z","level":"info","event":"Updated instructor Paul Seidelmann with rating 4.33","logger":"task.stdout"}
{"timestamp":"2026-02-12T01:18:12.576299Z","level":"info","event":"Updated instructor Paul Seidelmann with difficulty 1.00","logger":"task.stdout"}
{"timestamp":"2026-02-12T01:18:12.607824Z","level":"info","event":"Processing course ASTR 2120 with 18 instructors","logger":"task.stdout"}
{"timestamp":"2026-02-12T01:18:12.609093Z","level":"info","event":"Updated instructor Bradley Johnson with rating 4.67","logger":"task.stdout"}
{"timestamp":"2026-02-12T01:18:12.609528Z","level":"info","event":"Updated instructor Bradley Johnson with difficulty 2.00","logger":"task.stdout"}
{"timestamp":"2026-02-12T01:18:12.610166Z","level":"info","event":"Updated instructor Craig Sarazin with rating 4.22","logger":"task.stdout"}
{"timestamp":"2026-02-12T01:18:12.610577Z","level":"info","event":"Updated instructor Craig Sarazin with difficulty 3.00","logger":"task.stdout"}
{"timestamp":"2026-02-12T01:18:12.638873Z","level":"info","event":"Processing course ASTR 3130 with 9 instructors","logger":"task.stdout"}
{"timestamp":"2026-02-12T01:18:12.640002Z","level":"info","event":"Updated instructor Steven Majewski with rating 5.00","logger":"task.stdout"}
{"timestamp":"2026-02-12T01:18:12.640703Z","level":"info","event":"Updated instructor Steven Majewski with difficulty 3.00","logger":"task.stdout"}
{"timestamp":"2026-02-12T01:18:12.667436Z","level":"info","event":"Processing course ASTR 3420 with 11 instructors","logger":"task.stdout"}
{"timestamp":"2026-02-12T01:18:12.689945Z","level":"info","event":"Processing course ASTR 3450 with 1 instructors","logger":"task.stdout"}
{"timestamp":"2026-02-12T01:18:12.690963Z","level":"info","event":"Updated instructor Edward Murphy with rating 4.00","logger":"task.stdout"}
{"timestamp":"2026-02-12T01:18:12.692073Z","level":"info","event":"Updated instructor Edward Murphy with difficulty 2.50","logger":"task.stdout"}
{"timestamp":"2026-02-12T01:18:12.722823Z","level":"info","event":"Processing course ASTR 3490 with 1 instructors","logger":"task.stdout"}
{"timestamp":"2026-02-12T01:18:12.723777Z","level":"info","event":"Updated instructor Mark Whittle with rating 2.83","logger":"task.stdout"}
{"timestamp":"2026-02-12T01:18:12.724357Z","level":"info","event":"Updated instructor Mark Whittle with difficulty 4.00","logger":"task.stdout"}
{"timestamp":"2026-02-12T01:18:12.752802Z","level":"info","event":"Processing course ASTR 3880 with 3 instructors","logger":"task.stdout"}
{"timestamp":"2026-02-12T01:18:12.753594Z","level":"info","event":"Updated instructor Alan Howard with rating 2.17","logger":"task.stdout"}
{"timestamp":"2026-02-12T01:18:12.754030Z","level":"info","event":"Updated instructor Alan Howard with difficulty 3.00","logger":"task.stdout"}
{"timestamp":"2026-02-12T01:18:12.896463Z","level":"info","event":"Processing course ASTR 3881 with 3 instructors","logger":"task.stdout"}
{"timestamp":"2026-02-12T01:18:12.919438Z","level":"info","event":"Processing course ASTR 4140 with 1 instructors","logger":"task.stdout"}
{"timestamp":"2026-02-12T01:18:12.942652Z","level":"info","event":"Processing course ASTR 4470 with 1 instructors","logger":"task.stdout"}
{"timestamp":"2026-02-12T01:18:12.994192Z","level":"info","event":"Processing course ASTR 4993 with 57 instructors","logger":"task.stdout"}
{"timestamp":"2026-02-12T01:18:13.048845Z","level":"info","event":"Processing course ASTR 4998 with 57 instructors","logger":"task.stdout"}
{"timestamp":"2026-02-12T01:18:13.133103Z","level":"info","event":"Processing course BIOL 2200 with 110 instructors","logger":"task.stdout"}
{"timestamp":"2026-02-12T01:18:13.134681Z","level":"info","event":"Updated instructor Jessamyn Manson with rating 3.24","logger":"task.stdout"}
{"timestamp":"2026-02-12T01:18:13.135929Z","level":"info","event":"Updated instructor Jessamyn Manson with difficulty 3.78","logger":"task.stdout"}
{"timestamp":"2026-02-12T01:18:13.424155Z","level":"info","event":"Processing course BIOL 3000 with 12 instructors","logger":"task.stdout"}
{"timestamp":"2026-02-12T01:18:13.429628Z","level":"info","event":"Updated instructor Keith Kozminski with rating 2.97","logger":"task.stdout"}
{"timestamp":"2026-02-12T01:18:13.430786Z","level":"info","event":"Updated instructor Keith Kozminski with difficulty 4.26","logger":"task.stdout"}
{"timestamp":"2026-02-12T01:18:13.432789Z","level":"info","event":"Updated instructor Mike Wormington with rating 3.28","logger":"task.stdout"}
{"timestamp":"2026-02-12T01:18:13.434264Z","level":"info","event":"Updated instructor Mike Wormington with difficulty 4.70","logger":"task.stdout"}
{"timestamp":"2026-02-12T01:18:13.602072Z","level":"info","event":"Processing course BIOL 2100 with 106 instructors","logger":"task.stdout"}
{"timestamp":"2026-02-12T01:18:13.604315Z","level":"info","event":"Updated instructor David Kittlesen with rating 3.74","logger":"task.stdout"}
{"timestamp":"2026-02-12T01:18:13.605530Z","level":"info","event":"Updated instructor David Kittlesen with difficulty 3.85","logger":"task.stdout"}
{"timestamp":"2026-02-12T01:18:13.642782Z","level":"info","event":"Processing course BIOL 3040 with 5 instructors","logger":"task.stdout"}
{"timestamp":"2026-02-12T01:18:13.643826Z","level":"info","event":"Updated instructor Sarah Kucenas with rating 3.85","logger":"task.stdout"}
{"timestamp":"2026-02-12T01:18:13.644271Z","level":"info","event":"Updated instructor Sarah Kucenas with difficulty 3.56","logger":"task.stdout"}
{"timestamp":"2026-02-12T01:18:13.671358Z","level":"info","event":"Processing course BIOL 3180 with 1 instructors","logger":"task.stdout"}
{"timestamp":"2026-02-12T01:18:13.672347Z","level":"info","event":"Updated instructor Michael Timko with rating 2.67","logger":"task.stdout"}
{"timestamp":"2026-02-12T01:18:13.673383Z","level":"info","event":"Updated instructor Michael Timko with difficulty 3.00","logger":"task.stdout"}
{"timestamp":"2026-02-12T01:18:13.716245Z","level":"info","event":"Processing course BIOL 3240 with 2 instructors","logger":"task.stdout"}
{"timestamp":"2026-02-12T01:18:13.718115Z","level":"info","event":"Updated instructor David Kittlesen with rating 4.41","logger":"task.stdout"}
{"timestamp":"2026-02-12T01:18:13.718973Z","level":"info","event":"Updated instructor David Kittlesen with difficulty 4.15","logger":"task.stdout"}
{"timestamp":"2026-02-12T01:18:13.751017Z","level":"info","event":"Processing course BIOL 3260 with 1 instructors","logger":"task.stdout"}
{"timestamp":"2026-02-12T01:18:13.752082Z","level":"info","event":"Updated instructor Jay Hirsh with rating 3.33","logger":"task.stdout"}
{"timestamp":"2026-02-12T01:18:13.752545Z","level":"info","event":"Updated instructor Jay Hirsh with difficulty 4.00","logger":"task.stdout"}
{"timestamp":"2026-02-12T01:18:13.807371Z","level":"info","event":"Processing course BIOL 3270 with 22 instructors","logger":"task.stdout"}
{"timestamp":"2026-02-12T01:18:13.808863Z","level":"info","event":"Updated instructor David Kittlesen with rating 4.67","logger":"task.stdout"}
{"timestamp":"2026-02-12T01:18:13.810128Z","level":"info","event":"Updated instructor David Kittlesen with difficulty 3.00","logger":"task.stdout"}
{"timestamp":"2026-02-12T01:18:13.811324Z","level":"info","event":"Updated instructor Martin Wu with rating 4.17","logger":"task.stdout"}
{"timestamp":"2026-02-12T01:18:13.812365Z","level":"info","event":"Updated instructor Martin Wu with difficulty 3.17","logger":"task.stdout"}
{"timestamp":"2026-02-12T01:18:13.872309Z","level":"info","event":"Processing course BIOL 3420 with 36 instructors","logger":"task.stdout"}
{"timestamp":"2026-02-12T01:18:13.874169Z","level":"info","event":"Updated instructor Ann Massey with rating 2.08","logger":"task.stdout"}
{"timestamp":"2026-02-12T01:18:13.875436Z","level":"info","event":"Updated instructor Ann Massey with difficulty 3.75","logger":"task.stdout"}
{"timestamp":"2026-02-12T01:18:14.154425Z","level":"info","event":"Processing course BIOL 3430 with 1 instructors","logger":"task.stdout"}
{"timestamp":"2026-02-12T01:18:14.187786Z","level":"info","event":"Processing course BIOL 4012 with 1 instructors","logger":"task.stdout"}
{"timestamp":"2026-02-12T01:18:14.223858Z","level":"info","event":"Processing course BIOL 4014 with 1 instructors","logger":"task.stdout"}
{"timestamp":"2026-02-12T01:18:14.224765Z","level":"info","event":"Updated instructor Ariel Pani with rating 4.00","logger":"task.stdout"}
{"timestamp":"2026-02-12T01:18:14.225286Z","level":"info","event":"Updated instructor Ariel Pani with difficulty 2.00","logger":"task.stdout"}
{"timestamp":"2026-02-12T01:18:14.265870Z","level":"info","event":"Processing course BIOL 4017 with 1 instructors","logger":"task.stdout"}
{"timestamp":"2026-02-12T01:18:14.269046Z","level":"info","event":"Updated instructor Dan McIntyre with rating 5.00","logger":"task.stdout"}
{"timestamp":"2026-02-12T01:18:14.270820Z","level":"info","event":"Updated instructor Dan McIntyre with difficulty 3.00","logger":"task.stdout"}
{"timestamp":"2026-02-12T01:18:14.334254Z","level":"info","event":"Processing course BIOL 4030 with 1 instructors","logger":"task.stdout"}
{"timestamp":"2026-02-12T01:18:14.384628Z","level":"info","event":"Processing course BIOL 4070 with 9 instructors","logger":"task.stdout"}
{"timestamp":"2026-02-12T01:18:14.385913Z","level":"info","event":"Updated instructor Raymond Keller with rating 4.21","logger":"task.stdout"}
{"timestamp":"2026-02-12T01:18:14.386356Z","level":"info","event":"Updated instructor Raymond Keller with difficulty 2.19","logger":"task.stdout"}
{"timestamp":"2026-02-12T01:18:14.422486Z","level":"info","event":"Processing course BIOL 4260 with 3 instructors","logger":"task.stdout"}
{"timestamp":"2026-02-12T01:18:14.464366Z","level":"info","event":"Processing course BIOL 4310 with 1 instructors","logger":"task.stdout"}
{"timestamp":"2026-02-12T01:18:14.467777Z","level":"info","event":"Updated instructor Ignacio Provencio with rating 4.17","logger":"task.stdout"}
{"timestamp":"2026-02-12T01:18:14.469087Z","level":"info","event":"Updated instructor Ignacio Provencio with difficulty 3.50","logger":"task.stdout"}
{"timestamp":"2026-02-12T01:18:14.508435Z","level":"info","event":"Processing course BIOL 4330 with 1 instructors","logger":"task.stdout"}
{"timestamp":"2026-02-12T01:18:14.560635Z","level":"info","event":"Processing course BIOL 4559 with 38 instructors","logger":"task.stdout"}
{"timestamp":"2026-02-12T01:18:14.562313Z","level":"error","event":"Task failed with exception","logger":"task","filename":"task_runner.py","lineno":1142,"error_detail":[{"exc_type":"MultipleResultsFound","exc_value":"Multiple rows were found when one or none was required","exc_notes":[],"syntax_error":null,"is_cause":false,"frames":[{"filename":"/home/airflow/.local/lib/python3.12/site-packages/airflow/sdk/execution_time/task_runner.py","lineno":1068,"name":"run"},{"filename":"/home/airflow/.local/lib/python3.12/site-packages/airflow/sdk/execution_time/task_runner.py","lineno":1477,"name":"_execute_task"},{"filename":"/home/airflow/.local/lib/python3.12/site-packages/airflow/sdk/bases/operator.py","lineno":417,"name":"wrapper"},{"filename":"/home/airflow/.local/lib/python3.12/site-packages/airflow/providers/standard/operators/python.py","lineno":228,"name":"execute"},{"filename":"/home/airflow/.local/lib/python3.12/site-packages/airflow/providers/standard/operators/python.py","lineno":251,"name":"execute_callable"},{"filename":"/home/airflow/.local/lib/python3.12/site-packages/airflow/sdk/execution_time/callback_runner.py","lineno":82,"name":"run"},{"filename":"/opt/airflow/dags/professor_rating_dag.py","lineno":85,"name":"transform_html_file_instructor"},{"filename":"/home/airflow/.local/lib/python3.12/site-packages/sqlalchemy/engine/result.py","lineno":2120,"name":"one_or_none"},{"filename":"/home/airflow/.local/lib/python3.12/site-packages/sqlalchemy/engine/result.py","lineno":825,"name":"_only_one_row"}],"is_group":false,"exceptions":[]}]}
