{"timestamp":"2026-04-05T21:41:38.043819Z","level":"info","event":"DAG bundles loaded: dags-folder","logger":"airflow.dag_processing.bundles.manager.DagBundlesManager","filename":"manager.py","lineno":179}
{"timestamp":"2026-04-05T21:41:38.044679Z","level":"info","event":"Filling up the DagBag from /opt/airflow/dags/professor_rating_dag.py","logger":"airflow.models.dagbag.BundleDagBag","filename":"dagbag.py","lineno":593}
{"timestamp":"2026-04-05T21:41:55.907319Z","level":"info","event":"Wrote 100 professor review pages so far","logger":"task.stdout"}
{"timestamp":"2026-04-05T21:42:14.431612Z","level":"info","event":"Wrote 200 professor review pages so far","logger":"task.stdout"}
{"timestamp":"2026-04-05T21:42:29.694559Z","level":"info","event":"Wrote 300 professor review pages so far","logger":"task.stdout"}
{"timestamp":"2026-04-05T21:42:47.909908Z","level":"info","event":"Wrote 400 professor review pages so far","logger":"task.stdout"}
{"timestamp":"2026-04-05T21:43:09.220744Z","level":"info","event":"Wrote 500 professor review pages so far","logger":"task.stdout"}
{"timestamp":"2026-04-05T21:43:24.935793Z","level":"info","event":"Wrote 600 professor review pages so far","logger":"task.stdout"}
{"timestamp":"2026-04-05T21:43:40.291834Z","level":"info","event":"Wrote 700 professor review pages so far","logger":"task.stdout"}
{"timestamp":"2026-04-05T21:43:59.177543Z","level":"info","event":"Wrote 800 professor review pages so far","logger":"task.stdout"}
{"timestamp":"2026-04-05T21:44:17.359223Z","level":"info","event":"Wrote 900 professor review pages so far","logger":"task.stdout"}
{"timestamp":"2026-04-05T21:44:38.089801Z","level":"info","event":"Wrote 1000 professor review pages so far","logger":"task.stdout"}
{"timestamp":"2026-04-05T21:44:57.461920Z","level":"info","event":"Wrote 1100 professor review pages so far","logger":"task.stdout"}
{"timestamp":"2026-04-05T21:45:15.916910Z","level":"info","event":"Wrote 1200 professor review pages so far","logger":"task.stdout"}
{"timestamp":"2026-04-05T21:45:31.419676Z","level":"info","event":"Wrote 1300 professor review pages so far","logger":"task.stdout"}
{"timestamp":"2026-04-05T21:45:48.239688Z","level":"info","event":"Wrote 1400 professor review pages so far","logger":"task.stdout"}
{"timestamp":"2026-04-05T21:46:03.068395Z","level":"info","event":"Wrote 1500 professor review pages so far","logger":"task.stdout"}
{"timestamp":"2026-04-05T21:46:21.222341Z","level":"info","event":"Wrote 1600 professor review pages so far","logger":"task.stdout"}
{"timestamp":"2026-04-05T21:46:41.276897Z","level":"info","event":"Wrote 1700 professor review pages so far","logger":"task.stdout"}
{"timestamp":"2026-04-05T21:46:56.034353Z","level":"info","event":"Wrote 1800 professor review pages so far","logger":"task.stdout"}
{"timestamp":"2026-04-05T21:47:14.245312Z","level":"info","event":"Wrote 1900 professor review pages so far","logger":"task.stdout"}
{"timestamp":"2026-04-05T21:47:35.417341Z","level":"info","event":"Wrote 2000 professor review pages so far","logger":"task.stdout"}
{"timestamp":"2026-04-05T21:47:54.723507Z","level":"info","event":"Wrote 2100 professor review pages so far","logger":"task.stdout"}
{"timestamp":"2026-04-05T21:48:23.341723Z","level":"info","event":"Wrote 2200 professor review pages so far","logger":"task.stdout"}
{"timestamp":"2026-04-05T21:48:41.354384Z","level":"info","event":"Wrote 2300 professor review pages so far","logger":"task.stdout"}
{"timestamp":"2026-04-05T21:49:04.943716Z","level":"info","event":"Wrote 2400 professor review pages so far","logger":"task.stdout"}
{"timestamp":"2026-04-05T21:49:25.381804Z","level":"info","event":"Wrote 2500 professor review pages so far","logger":"task.stdout"}
{"timestamp":"2026-04-05T21:49:53.670813Z","level":"info","event":"Wrote 2600 professor review pages so far","logger":"task.stdout"}
{"timestamp":"2026-04-05T21:50:28.064498Z","level":"info","event":"Wrote 2700 professor review pages so far","logger":"task.stdout"}
{"timestamp":"2026-04-05T21:51:02.102283Z","level":"info","event":"Wrote 2800 professor review pages so far","logger":"task.stdout"}
{"timestamp":"2026-04-05T21:51:27.339194Z","level":"info","event":"Wrote 2900 professor review pages so far","logger":"task.stdout"}
{"timestamp":"2026-04-05T21:51:44.648092Z","level":"info","event":"Wrote 3000 professor review pages so far","logger":"task.stdout"}
{"timestamp":"2026-04-05T21:52:05.318486Z","level":"info","event":"Wrote 3100 professor review pages so far","logger":"task.stdout"}
{"timestamp":"2026-04-05T21:52:24.497613Z","level":"info","event":"Wrote 3200 professor review pages so far","logger":"task.stdout"}
{"timestamp":"2026-04-05T21:52:44.064372Z","level":"info","event":"Wrote 3300 professor review pages so far","logger":"task.stdout"}
{"timestamp":"2026-04-05T21:53:04.310591Z","level":"info","event":"Wrote 3400 professor review pages so far","logger":"task.stdout"}
{"timestamp":"2026-04-05T21:53:25.869083Z","level":"info","event":"Wrote 3500 professor review pages so far","logger":"task.stdout"}
{"timestamp":"2026-04-05T21:53:45.293352Z","level":"info","event":"Wrote 3600 professor review pages so far","logger":"task.stdout"}
{"timestamp":"2026-04-05T21:54:06.249519Z","level":"info","event":"Wrote 3700 professor review pages so far","logger":"task.stdout"}
{"timestamp":"2026-04-05T21:54:24.631306Z","level":"info","event":"Wrote 3800 professor review pages so far","logger":"task.stdout"}
{"timestamp":"2026-04-05T21:54:48.090824Z","level":"info","event":"Wrote 3900 professor review pages so far","logger":"task.stdout"}
{"timestamp":"2026-04-05T21:55:12.808899Z","level":"info","event":"Wrote 4000 professor review pages so far","logger":"task.stdout"}
{"timestamp":"2026-04-05T21:55:35.332630Z","level":"info","event":"Wrote 4100 professor review pages so far","logger":"task.stdout"}
{"timestamp":"2026-04-05T21:55:57.577429Z","level":"info","event":"Wrote 4200 professor review pages so far","logger":"task.stdout"}
{"timestamp":"2026-04-05T21:56:20.879203Z","level":"info","event":"Wrote 4300 professor review pages so far","logger":"task.stdout"}
{"timestamp":"2026-04-05T21:56:38.773211Z","level":"info","event":"Wrote 4400 professor review pages so far","logger":"task.stdout"}
{"timestamp":"2026-04-05T21:56:57.904518Z","level":"info","event":"Wrote 4500 professor review pages so far","logger":"task.stdout"}
{"timestamp":"2026-04-05T21:57:19.074109Z","level":"info","event":"Wrote 4600 professor review pages so far","logger":"task.stdout"}
{"timestamp":"2026-04-05T21:57:38.343467Z","level":"info","event":"Wrote 4700 professor review pages so far","logger":"task.stdout"}
{"timestamp":"2026-04-05T21:57:57.997441Z","level":"info","event":"Wrote 4800 professor review pages so far","logger":"task.stdout"}
{"timestamp":"2026-04-05T21:58:16.291662Z","level":"info","event":"Wrote 4900 professor review pages so far","logger":"task.stdout"}
{"timestamp":"2026-04-05T21:58:36.735634Z","level":"info","event":"Wrote 5000 professor review pages so far","logger":"task.stdout"}
{"timestamp":"2026-04-05T21:58:56.938901Z","level":"info","event":"Wrote 5100 professor review pages so far","logger":"task.stdout"}
{"timestamp":"2026-04-05T21:59:18.768670Z","level":"info","event":"Wrote 5200 professor review pages so far","logger":"task.stdout"}
{"timestamp":"2026-04-05T21:59:39.171508Z","level":"info","event":"Wrote 5300 professor review pages so far","logger":"task.stdout"}
{"timestamp":"2026-04-05T21:59:58.176026Z","level":"info","event":"Wrote 5400 professor review pages so far","logger":"task.stdout"}
{"timestamp":"2026-04-05T22:00:21.863954Z","level":"info","event":"Wrote 5500 professor review pages so far","logger":"task.stdout"}
{"timestamp":"2026-04-05T22:00:38.314289Z","level":"info","event":"Wrote 5600 professor review pages so far","logger":"task.stdout"}
{"timestamp":"2026-04-05T22:00:57.174720Z","level":"info","event":"Wrote 5700 professor review pages so far","logger":"task.stdout"}
{"timestamp":"2026-04-05T22:01:19.048809Z","level":"info","event":"Wrote 5800 professor review pages so far","logger":"task.stdout"}
{"timestamp":"2026-04-05T22:01:42.019754Z","level":"info","event":"Wrote 5900 professor review pages so far","logger":"task.stdout"}
{"timestamp":"2026-04-05T22:02:05.886667Z","level":"info","event":"Wrote 6000 professor review pages so far","logger":"task.stdout"}
{"timestamp":"2026-04-05T22:02:24.989031Z","level":"info","event":"Wrote 6100 professor review pages so far","logger":"task.stdout"}
{"timestamp":"2026-04-05T22:02:43.738716Z","level":"info","event":"Wrote 6200 professor review pages so far","logger":"task.stdout"}
{"timestamp":"2026-04-05T22:03:01.886223Z","level":"info","event":"Wrote 6300 professor review pages so far","logger":"task.stdout"}
{"timestamp":"2026-04-05T22:03:21.434623Z","level":"info","event":"Wrote 6400 professor review pages so far","logger":"task.stdout"}
{"timestamp":"2026-04-05T22:03:43.527120Z","level":"info","event":"Wrote 6500 professor review pages so far","logger":"task.stdout"}
{"timestamp":"2026-04-05T22:04:05.580698Z","level":"info","event":"Wrote 6600 professor review pages so far","logger":"task.stdout"}
{"timestamp":"2026-04-05T22:04:39.699342Z","level":"info","event":"Wrote 6700 professor review pages so far","logger":"task.stdout"}
{"timestamp":"2026-04-05T22:05:15.936658Z","level":"info","event":"Wrote 6800 professor review pages so far","logger":"task.stdout"}
{"timestamp":"2026-04-05T22:05:44.860718Z","level":"info","event":"Wrote 6900 professor review pages so far","logger":"task.stdout"}
{"timestamp":"2026-04-05T22:06:09.303296Z","level":"info","event":"Wrote 7000 professor review pages so far","logger":"task.stdout"}
{"timestamp":"2026-04-05T22:06:31.385538Z","level":"info","event":"Wrote 7100 professor review pages so far","logger":"task.stdout"}
{"timestamp":"2026-04-05T22:06:56.490803Z","level":"info","event":"Wrote 7200 professor review pages so far","logger":"task.stdout"}
{"timestamp":"2026-04-05T22:07:19.712665Z","level":"info","event":"Wrote 7300 professor review pages so far","logger":"task.stdout"}
{"timestamp":"2026-04-05T22:07:42.488024Z","level":"info","event":"Wrote 7400 professor review pages so far","logger":"task.stdout"}
{"timestamp":"2026-04-05T22:08:05.840762Z","level":"info","event":"Wrote 7500 professor review pages so far","logger":"task.stdout"}
{"timestamp":"2026-04-05T22:08:26.797701Z","level":"info","event":"Wrote 7600 professor review pages so far","logger":"task.stdout"}
{"timestamp":"2026-04-05T22:08:47.127896Z","level":"info","event":"Wrote 7700 professor review pages so far","logger":"task.stdout"}
{"timestamp":"2026-04-05T22:09:10.193431Z","level":"info","event":"Wrote 7800 professor review pages so far","logger":"task.stdout"}
{"timestamp":"2026-04-05T22:09:31.274948Z","level":"info","event":"Wrote 7900 professor review pages so far","logger":"task.stdout"}
{"timestamp":"2026-04-05T22:09:53.537405Z","level":"info","event":"Wrote 8000 professor review pages so far","logger":"task.stdout"}
{"timestamp":"2026-04-05T22:10:23.050445Z","level":"info","event":"Wrote 8100 professor review pages so far","logger":"task.stdout"}
{"timestamp":"2026-04-05T22:10:52.764361Z","level":"info","event":"Wrote 8200 professor review pages so far","logger":"task.stdout"}
{"timestamp":"2026-04-05T22:11:16.851213Z","level":"info","event":"Wrote 8300 professor review pages so far","logger":"task.stdout"}
{"timestamp":"2026-04-05T22:11:39.175501Z","level":"info","event":"Wrote 8400 professor review pages so far","logger":"task.stdout"}
{"timestamp":"2026-04-05T22:11:59.122644Z","level":"info","event":"Wrote 8500 professor review pages so far","logger":"task.stdout"}
{"timestamp":"2026-04-05T22:12:21.051535Z","level":"info","event":"Wrote 8600 professor review pages so far","logger":"task.stdout"}
{"timestamp":"2026-04-05T22:12:38.379525Z","level":"info","event":"Wrote 8700 professor review pages so far","logger":"task.stdout"}
{"timestamp":"2026-04-05T22:12:58.136514Z","level":"info","event":"Wrote 8800 professor review pages so far","logger":"task.stdout"}
{"timestamp":"2026-04-05T22:13:19.616952Z","level":"info","event":"Wrote 8900 professor review pages so far","logger":"task.stdout"}
{"timestamp":"2026-04-05T22:13:37.448855Z","level":"info","event":"Wrote 9000 professor review pages so far","logger":"task.stdout"}
{"timestamp":"2026-04-05T22:13:58.956546Z","level":"info","event":"Wrote 9100 professor review pages so far","logger":"task.stdout"}
{"timestamp":"2026-04-05T22:14:17.839578Z","level":"info","event":"Wrote 9200 professor review pages so far","logger":"task.stdout"}
{"timestamp":"2026-04-05T22:14:37.361740Z","level":"info","event":"Wrote 9300 professor review pages so far","logger":"task.stdout"}
{"timestamp":"2026-04-05T22:14:55.702826Z","level":"info","event":"Wrote 9400 professor review pages so far","logger":"task.stdout"}
{"timestamp":"2026-04-05T22:15:17.322333Z","level":"info","event":"Wrote 9500 professor review pages so far","logger":"task.stdout"}
{"timestamp":"2026-04-05T22:16:10.973979Z","level":"info","event":"Wrote 9600 professor review pages so far","logger":"task.stdout"}
{"timestamp":"2026-04-05T22:16:32.183929Z","level":"info","event":"Wrote 9700 professor review pages so far","logger":"task.stdout"}
{"timestamp":"2026-04-05T22:16:51.640949Z","level":"info","event":"Wrote 9800 professor review pages so far","logger":"task.stdout"}
{"timestamp":"2026-04-05T22:17:12.723067Z","level":"info","event":"Wrote 9900 professor review pages so far","logger":"task.stdout"}
{"timestamp":"2026-04-05T22:17:30.478539Z","level":"info","event":"Wrote 10000 professor review pages so far","logger":"task.stdout"}
{"timestamp":"2026-04-05T22:17:49.584109Z","level":"info","event":"Wrote 10100 professor review pages so far","logger":"task.stdout"}
{"timestamp":"2026-04-05T22:18:13.537057Z","level":"info","event":"Wrote 10200 professor review pages so far","logger":"task.stdout"}
{"timestamp":"2026-04-05T22:18:31.202454Z","level":"info","event":"Wrote 10300 professor review pages so far","logger":"task.stdout"}
{"timestamp":"2026-04-05T22:18:48.844493Z","level":"info","event":"Wrote 10400 professor review pages so far","logger":"task.stdout"}
{"timestamp":"2026-04-05T22:19:08.887211Z","level":"info","event":"Wrote 10500 professor review pages so far","logger":"task.stdout"}
{"timestamp":"2026-04-05T22:19:30.509707Z","level":"info","event":"Wrote 10600 professor review pages so far","logger":"task.stdout"}
{"timestamp":"2026-04-05T22:19:49.256833Z","level":"info","event":"Wrote 10700 professor review pages so far","logger":"task.stdout"}
{"timestamp":"2026-04-05T22:20:09.175414Z","level":"info","event":"Wrote 10800 professor review pages so far","logger":"task.stdout"}
{"timestamp":"2026-04-05T22:20:26.402549Z","level":"info","event":"Wrote 10900 professor review pages so far","logger":"task.stdout"}
{"timestamp":"2026-04-05T22:20:43.860917Z","level":"info","event":"Wrote 11000 professor review pages so far","logger":"task.stdout"}
{"timestamp":"2026-04-05T22:21:00.890878Z","level":"info","event":"Wrote 11100 professor review pages so far","logger":"task.stdout"}
{"timestamp":"2026-04-05T22:21:19.553884Z","level":"info","event":"Wrote 11200 professor review pages so far","logger":"task.stdout"}
{"timestamp":"2026-04-05T22:21:38.494476Z","level":"info","event":"Wrote 11300 professor review pages so far","logger":"task.stdout"}
{"timestamp":"2026-04-05T22:21:56.304354Z","level":"info","event":"Wrote 11400 professor review pages so far","logger":"task.stdout"}
{"timestamp":"2026-04-05T22:22:14.868714Z","level":"info","event":"Wrote 11500 professor review pages so far","logger":"task.stdout"}
{"timestamp":"2026-04-05T22:22:33.011403Z","level":"info","event":"Wrote 11600 professor review pages so far","logger":"task.stdout"}
{"timestamp":"2026-04-05T22:22:50.623103Z","level":"info","event":"Wrote 11700 professor review pages so far","logger":"task.stdout"}
{"timestamp":"2026-04-05T22:23:09.544897Z","level":"info","event":"Wrote 11800 professor review pages so far","logger":"task.stdout"}
{"timestamp":"2026-04-05T22:23:26.288256Z","level":"info","event":"Wrote 11900 professor review pages so far","logger":"task.stdout"}
{"timestamp":"2026-04-05T22:23:43.488787Z","level":"info","event":"Wrote 12000 professor review pages so far","logger":"task.stdout"}
{"timestamp":"2026-04-05T22:24:00.926616Z","level":"info","event":"Wrote 12100 professor review pages so far","logger":"task.stdout"}
{"timestamp":"2026-04-05T22:24:19.332781Z","level":"info","event":"Wrote 12200 professor review pages so far","logger":"task.stdout"}
{"timestamp":"2026-04-05T22:24:38.185535Z","level":"info","event":"Wrote 12300 professor review pages so far","logger":"task.stdout"}
{"timestamp":"2026-04-05T22:24:55.005044Z","level":"info","event":"Wrote 12400 professor review pages so far","logger":"task.stdout"}
{"timestamp":"2026-04-05T22:25:12.892344Z","level":"info","event":"Wrote 12500 professor review pages so far","logger":"task.stdout"}
{"timestamp":"2026-04-05T22:25:29.987436Z","level":"info","event":"Wrote 12600 professor review pages so far","logger":"task.stdout"}
{"timestamp":"2026-04-05T22:25:48.905982Z","level":"info","event":"Wrote 12700 professor review pages so far","logger":"task.stdout"}
{"timestamp":"2026-04-05T22:26:07.444186Z","level":"info","event":"Wrote 12800 professor review pages so far","logger":"task.stdout"}
{"timestamp":"2026-04-05T22:26:24.070249Z","level":"info","event":"Wrote 12900 professor review pages so far","logger":"task.stdout"}
{"timestamp":"2026-04-05T22:26:41.512647Z","level":"info","event":"Wrote 13000 professor review pages so far","logger":"task.stdout"}
{"timestamp":"2026-04-05T22:26:57.194667Z","level":"info","event":"Wrote 13100 professor review pages so far","logger":"task.stdout"}
{"timestamp":"2026-04-05T22:27:13.785687Z","level":"info","event":"Wrote 13200 professor review pages so far","logger":"task.stdout"}
{"timestamp":"2026-04-05T22:27:29.513854Z","level":"info","event":"Wrote 13300 professor review pages so far","logger":"task.stdout"}
{"timestamp":"2026-04-05T22:27:45.891135Z","level":"info","event":"Wrote 13400 professor review pages so far","logger":"task.stdout"}
{"timestamp":"2026-04-05T22:28:04.295118Z","level":"info","event":"Wrote 13500 professor review pages so far","logger":"task.stdout"}
{"timestamp":"2026-04-05T22:28:20.948854Z","level":"info","event":"Wrote 13600 professor review pages so far","logger":"task.stdout"}
{"timestamp":"2026-04-05T22:28:37.371025Z","level":"info","event":"Wrote 13700 professor review pages so far","logger":"task.stdout"}
{"timestamp":"2026-04-05T22:28:55.015014Z","level":"info","event":"Wrote 13800 professor review pages so far","logger":"task.stdout"}
{"timestamp":"2026-04-05T22:29:13.375783Z","level":"info","event":"Wrote 13900 professor review pages so far","logger":"task.stdout"}
{"timestamp":"2026-04-05T22:29:30.243179Z","level":"info","event":"Wrote 14000 professor review pages so far","logger":"task.stdout"}
{"timestamp":"2026-04-05T22:29:46.816170Z","level":"info","event":"Wrote 14100 professor review pages so far","logger":"task.stdout"}
{"timestamp":"2026-04-05T22:30:05.467344Z","level":"info","event":"Wrote 14200 professor review pages so far","logger":"task.stdout"}
{"timestamp":"2026-04-05T22:30:21.947108Z","level":"info","event":"Wrote 14300 professor review pages so far","logger":"task.stdout"}
{"timestamp":"2026-04-05T22:30:37.335697Z","level":"info","event":"Wrote 14400 professor review pages so far","logger":"task.stdout"}
{"timestamp":"2026-04-05T22:30:54.722077Z","level":"info","event":"Wrote 14500 professor review pages so far","logger":"task.stdout"}
{"timestamp":"2026-04-05T22:31:12.328391Z","level":"info","event":"Wrote 14600 professor review pages so far","logger":"task.stdout"}
{"timestamp":"2026-04-05T22:31:28.074501Z","level":"info","event":"Wrote 14700 professor review pages so far","logger":"task.stdout"}
{"timestamp":"2026-04-05T22:31:45.467550Z","level":"info","event":"Wrote 14800 professor review pages so far","logger":"task.stdout"}
{"timestamp":"2026-04-05T22:32:01.752288Z","level":"info","event":"Wrote 14900 professor review pages so far","logger":"task.stdout"}
{"timestamp":"2026-04-05T22:32:19.430413Z","level":"info","event":"Wrote 15000 professor review pages so far","logger":"task.stdout"}
{"timestamp":"2026-04-05T22:32:36.989820Z","level":"info","event":"Wrote 15100 professor review pages so far","logger":"task.stdout"}
{"timestamp":"2026-04-05T22:32:54.168761Z","level":"info","event":"Wrote 15200 professor review pages so far","logger":"task.stdout"}
{"timestamp":"2026-04-05T22:33:11.850440Z","level":"info","event":"Wrote 15300 professor review pages so far","logger":"task.stdout"}
{"timestamp":"2026-04-05T22:33:28.262765Z","level":"info","event":"Wrote 15400 professor review pages so far","logger":"task.stdout"}
{"timestamp":"2026-04-05T22:33:45.755932Z","level":"info","event":"Wrote 15500 professor review pages so far","logger":"task.stdout"}
{"timestamp":"2026-04-05T22:34:03.093605Z","level":"info","event":"Wrote 15600 professor review pages so far","logger":"task.stdout"}
{"timestamp":"2026-04-05T22:34:20.234298Z","level":"info","event":"Wrote 15700 professor review pages so far","logger":"task.stdout"}
{"timestamp":"2026-04-05T22:34:36.850023Z","level":"info","event":"Wrote 15800 professor review pages so far","logger":"task.stdout"}
{"timestamp":"2026-04-05T22:34:55.952784Z","level":"info","event":"Wrote 15900 professor review pages so far","logger":"task.stdout"}
{"timestamp":"2026-04-05T22:35:13.753535Z","level":"info","event":"Wrote 16000 professor review pages so far","logger":"task.stdout"}
{"timestamp":"2026-04-05T22:35:29.796255Z","level":"info","event":"Wrote 16100 professor review pages so far","logger":"task.stdout"}
{"timestamp":"2026-04-05T22:35:46.650614Z","level":"info","event":"Wrote 16200 professor review pages so far","logger":"task.stdout"}
{"timestamp":"2026-04-05T22:36:04.649301Z","level":"info","event":"Wrote 16300 professor review pages so far","logger":"task.stdout"}
{"timestamp":"2026-04-05T22:36:21.544186Z","level":"info","event":"Wrote 16400 professor review pages so far","logger":"task.stdout"}
{"timestamp":"2026-04-05T22:36:37.013070Z","level":"info","event":"Wrote 16500 professor review pages so far","logger":"task.stdout"}
{"timestamp":"2026-04-05T22:36:54.422904Z","level":"info","event":"Wrote 16600 professor review pages so far","logger":"task.stdout"}
{"timestamp":"2026-04-05T22:37:13.331709Z","level":"info","event":"Wrote 16700 professor review pages so far","logger":"task.stdout"}
{"timestamp":"2026-04-05T22:37:29.394679Z","level":"info","event":"Wrote 16800 professor review pages so far","logger":"task.stdout"}
{"timestamp":"2026-04-05T22:37:44.650329Z","level":"info","event":"Wrote 16900 professor review pages so far","logger":"task.stdout"}
{"timestamp":"2026-04-05T22:38:01.064688Z","level":"info","event":"Wrote 17000 professor review pages so far","logger":"task.stdout"}
{"timestamp":"2026-04-05T22:38:12.407994Z","level":"info","event":"Wrote 17065 professor review pages total","logger":"task.stdout"}
{"timestamp":"2026-04-05T22:38:12.768720Z","level":"info","event":"Done. Returned value was: None","logger":"airflow.task.operators.airflow.providers.standard.operators.python.PythonOperator","filename":"python.py","lineno":230}
