{"timestamp":"2026-02-10T03:02:56.183898Z","level":"info","event":"DAG bundles loaded: dags-folder","logger":"airflow.dag_processing.bundles.manager.DagBundlesManager","filename":"manager.py","lineno":179}
{"timestamp":"2026-02-10T03:02:56.184466Z","level":"info","event":"Filling up the DagBag from /opt/airflow/dags/sis_batch_dag.py","logger":"airflow.models.dagbag.BundleDagBag","filename":"dagbag.py","lineno":593}
{"timestamp":"2026-02-10T03:02:56.206044Z","level":"info","event":">>> START pull_sis_api_to_raw_data <<<","logger":"task.stdout"}
{"timestamp":"2026-02-10T03:03:04.790238Z","level":"info","event":"First course keys: ['index', 'institution', 'institution_descr', 'crse_id', 'crse_offer_nbr', 'strm', 'session_code', 'session_descr', 'class_section', 'location', 'location_descr', 'start_dt', 'end_dt', 'class_stat', 'campus', 'campus_descr', 'class_nbr', 'acad_career', 'acad_career_descr', 'component', 'subject', 'subject_descr', 'catalog_nbr', 'class_type', 'schedule_print']","logger":"task.stdout"}
{"timestamp":"2026-02-10T03:03:04.800107Z","level":"info","event":"Operations prepared: 100","logger":"task.stdout"}
{"timestamp":"2026-02-10T03:03:07.537304Z","level":"info","event":"First course keys: ['index', 'institution', 'institution_descr', 'crse_id', 'crse_offer_nbr', 'strm', 'session_code', 'session_descr', 'class_section', 'location', 'location_descr', 'start_dt', 'end_dt', 'class_stat', 'campus', 'campus_descr', 'class_nbr', 'acad_career', 'acad_career_descr', 'component', 'subject', 'subject_descr', 'catalog_nbr', 'class_type', 'schedule_print']","logger":"task.stdout"}
{"timestamp":"2026-02-10T03:03:07.567031Z","level":"info","event":"Operations prepared: 100","logger":"task.stdout"}
{"timestamp":"2026-02-10T03:03:11.352041Z","level":"info","event":"First course keys: ['index', 'institution', 'institution_descr', 'crse_id', 'crse_offer_nbr', 'strm', 'session_code', 'session_descr', 'class_section', 'location', 'location_descr', 'start_dt', 'end_dt', 'class_stat', 'campus', 'campus_descr', 'class_nbr', 'acad_career', 'acad_career_descr', 'component', 'subject', 'subject_descr', 'catalog_nbr', 'class_type', 'schedule_print']","logger":"task.stdout"}
{"timestamp":"2026-02-10T03:03:11.355815Z","level":"info","event":"Operations prepared: 100","logger":"task.stdout"}
{"timestamp":"2026-02-10T03:03:15.394332Z","level":"info","event":"First course keys: ['index', 'institution', 'institution_descr', 'crse_id', 'crse_offer_nbr', 'strm', 'session_code', 'session_descr', 'class_section', 'location', 'location_descr', 'start_dt', 'end_dt', 'class_stat', 'campus', 'campus_descr', 'class_nbr', 'acad_career', 'acad_career_descr', 'component', 'subject', 'subject_descr', 'catalog_nbr', 'class_type', 'schedule_print']","logger":"task.stdout"}
{"timestamp":"2026-02-10T03:03:15.427459Z","level":"info","event":"Operations prepared: 100","logger":"task.stdout"}
{"timestamp":"2026-02-10T03:03:18.295049Z","level":"info","event":"First course keys: ['index', 'institution', 'institution_descr', 'crse_id', 'crse_offer_nbr', 'strm', 'session_code', 'session_descr', 'class_section', 'location', 'location_descr', 'start_dt', 'end_dt', 'class_stat', 'campus', 'campus_descr', 'class_nbr', 'acad_career', 'acad_career_descr', 'component', 'subject', 'subject_descr', 'catalog_nbr', 'class_type', 'schedule_print']","logger":"task.stdout"}
{"timestamp":"2026-02-10T03:03:18.297631Z","level":"info","event":"Operations prepared: 100","logger":"task.stdout"}
{"timestamp":"2026-02-10T03:03:22.312985Z","level":"info","event":"First course keys: ['index', 'institution', 'institution_descr', 'crse_id', 'crse_offer_nbr', 'strm', 'session_code', 'session_descr', 'class_section', 'location', 'location_descr', 'start_dt', 'end_dt', 'class_stat', 'campus', 'campus_descr', 'class_nbr', 'acad_career', 'acad_career_descr', 'component', 'subject', 'subject_descr', 'catalog_nbr', 'class_type', 'schedule_print']","logger":"task.stdout"}
{"timestamp":"2026-02-10T03:03:22.323167Z","level":"info","event":"Operations prepared: 100","logger":"task.stdout"}
{"timestamp":"2026-02-10T03:03:25.008460Z","level":"info","event":"First course keys: ['index', 'institution', 'institution_descr', 'crse_id', 'crse_offer_nbr', 'strm', 'session_code', 'session_descr', 'class_section', 'location', 'location_descr', 'start_dt', 'end_dt', 'class_stat', 'campus', 'campus_descr', 'class_nbr', 'acad_career', 'acad_career_descr', 'component', 'subject', 'subject_descr', 'catalog_nbr', 'class_type', 'schedule_print']","logger":"task.stdout"}
{"timestamp":"2026-02-10T03:03:25.009654Z","level":"info","event":"Operations prepared: 100","logger":"task.stdout"}
{"timestamp":"2026-02-10T03:03:27.661957Z","level":"info","event":"First course keys: ['index', 'institution', 'institution_descr', 'crse_id', 'crse_offer_nbr', 'strm', 'session_code', 'session_descr', 'class_section', 'location', 'location_descr', 'start_dt', 'end_dt', 'class_stat', 'campus', 'campus_descr', 'class_nbr', 'acad_career', 'acad_career_descr', 'component', 'subject', 'subject_descr', 'catalog_nbr', 'class_type', 'schedule_print']","logger":"task.stdout"}
{"timestamp":"2026-02-10T03:03:27.680101Z","level":"info","event":"Operations prepared: 100","logger":"task.stdout"}
{"timestamp":"2026-02-10T03:03:31.836403Z","level":"info","event":"First course keys: ['index', 'institution', 'institution_descr', 'crse_id', 'crse_offer_nbr', 'strm', 'session_code', 'session_descr', 'class_section', 'location', 'location_descr', 'start_dt', 'end_dt', 'class_stat', 'campus', 'campus_descr', 'class_nbr', 'acad_career', 'acad_career_descr', 'component', 'subject', 'subject_descr', 'catalog_nbr', 'class_type', 'schedule_print']","logger":"task.stdout"}
{"timestamp":"2026-02-10T03:03:31.837406Z","level":"info","event":"Operations prepared: 100","logger":"task.stdout"}
{"timestamp":"2026-02-10T03:03:36.759956Z","level":"info","event":"First course keys: ['index', 'institution', 'institution_descr', 'crse_id', 'crse_offer_nbr', 'strm', 'session_code', 'session_descr', 'class_section', 'location', 'location_descr', 'start_dt', 'end_dt', 'class_stat', 'campus', 'campus_descr', 'class_nbr', 'acad_career', 'acad_career_descr', 'component', 'subject', 'subject_descr', 'catalog_nbr', 'class_type', 'schedule_print']","logger":"task.stdout"}
{"timestamp":"2026-02-10T03:03:36.811645Z","level":"info","event":"Operations prepared: 100","logger":"task.stdout"}
{"timestamp":"2026-02-10T03:03:40.247158Z","level":"info","event":"First course keys: ['index', 'institution', 'institution_descr', 'crse_id', 'crse_offer_nbr', 'strm', 'session_code', 'session_descr', 'class_section', 'location', 'location_descr', 'start_dt', 'end_dt', 'class_stat', 'campus', 'campus_descr', 'class_nbr', 'acad_career', 'acad_career_descr', 'component', 'subject', 'subject_descr', 'catalog_nbr', 'class_type', 'schedule_print']","logger":"task.stdout"}
{"timestamp":"2026-02-10T03:03:40.248735Z","level":"info","event":"Operations prepared: 100","logger":"task.stdout"}
{"timestamp":"2026-02-10T03:03:44.022535Z","level":"info","event":"First course keys: ['index', 'institution', 'institution_descr', 'crse_id', 'crse_offer_nbr', 'strm', 'session_code', 'session_descr', 'class_section', 'location', 'location_descr', 'start_dt', 'end_dt', 'class_stat', 'campus', 'campus_descr', 'class_nbr', 'acad_career', 'acad_career_descr', 'component', 'subject', 'subject_descr', 'catalog_nbr', 'class_type', 'schedule_print']","logger":"task.stdout"}
{"timestamp":"2026-02-10T03:03:44.030083Z","level":"info","event":"Operations prepared: 100","logger":"task.stdout"}
{"timestamp":"2026-02-10T03:03:47.026696Z","level":"info","event":"First course keys: ['index', 'institution', 'institution_descr', 'crse_id', 'crse_offer_nbr', 'strm', 'session_code', 'session_descr', 'class_section', 'location', 'location_descr', 'start_dt', 'end_dt', 'class_stat', 'campus', 'campus_descr', 'class_nbr', 'acad_career', 'acad_career_descr', 'component', 'subject', 'subject_descr', 'catalog_nbr', 'class_type', 'schedule_print']","logger":"task.stdout"}
{"timestamp":"2026-02-10T03:03:47.029565Z","level":"info","event":"Operations prepared: 100","logger":"task.stdout"}
{"timestamp":"2026-02-10T03:03:50.348863Z","level":"info","event":"First course keys: ['index', 'institution', 'institution_descr', 'crse_id', 'crse_offer_nbr', 'strm', 'session_code', 'session_descr', 'class_section', 'location', 'location_descr', 'start_dt', 'end_dt', 'class_stat', 'campus', 'campus_descr', 'class_nbr', 'acad_career', 'acad_career_descr', 'component', 'subject', 'subject_descr', 'catalog_nbr', 'class_type', 'schedule_print']","logger":"task.stdout"}
{"timestamp":"2026-02-10T03:03:50.354899Z","level":"info","event":"Operations prepared: 100","logger":"task.stdout"}
{"timestamp":"2026-02-10T03:03:56.025416Z","level":"info","event":"First course keys: ['index', 'institution', 'institution_descr', 'crse_id', 'crse_offer_nbr', 'strm', 'session_code', 'session_descr', 'class_section', 'location', 'location_descr', 'start_dt', 'end_dt', 'class_stat', 'campus', 'campus_descr', 'class_nbr', 'acad_career', 'acad_career_descr', 'component', 'subject', 'subject_descr', 'catalog_nbr', 'class_type', 'schedule_print']","logger":"task.stdout"}
{"timestamp":"2026-02-10T03:03:56.026995Z","level":"info","event":"Operations prepared: 100","logger":"task.stdout"}
{"timestamp":"2026-02-10T03:04:01.810399Z","level":"info","event":"First course keys: ['index', 'institution', 'institution_descr', 'crse_id', 'crse_offer_nbr', 'strm', 'session_code', 'session_descr', 'class_section', 'location', 'location_descr', 'start_dt', 'end_dt', 'class_stat', 'campus', 'campus_descr', 'class_nbr', 'acad_career', 'acad_career_descr', 'component', 'subject', 'subject_descr', 'catalog_nbr', 'class_type', 'schedule_print']","logger":"task.stdout"}
{"timestamp":"2026-02-10T03:04:01.811484Z","level":"info","event":"Operations prepared: 100","logger":"task.stdout"}
{"timestamp":"2026-02-10T03:04:07.475168Z","level":"info","event":"First course keys: ['index', 'institution', 'institution_descr', 'crse_id', 'crse_offer_nbr', 'strm', 'session_code', 'session_descr', 'class_section', 'location', 'location_descr', 'start_dt', 'end_dt', 'class_stat', 'campus', 'campus_descr', 'class_nbr', 'acad_career', 'acad_career_descr', 'component', 'subject', 'subject_descr', 'catalog_nbr', 'class_type', 'schedule_print']","logger":"task.stdout"}
{"timestamp":"2026-02-10T03:04:07.476989Z","level":"info","event":"Operations prepared: 100","logger":"task.stdout"}
{"timestamp":"2026-02-10T03:04:11.684505Z","level":"info","event":"First course keys: ['index', 'institution', 'institution_descr', 'crse_id', 'crse_offer_nbr', 'strm', 'session_code', 'session_descr', 'class_section', 'location', 'location_descr', 'start_dt', 'end_dt', 'class_stat', 'campus', 'campus_descr', 'class_nbr', 'acad_career', 'acad_career_descr', 'component', 'subject', 'subject_descr', 'catalog_nbr', 'class_type', 'schedule_print']","logger":"task.stdout"}
{"timestamp":"2026-02-10T03:04:11.685428Z","level":"info","event":"Operations prepared: 100","logger":"task.stdout"}
{"timestamp":"2026-02-10T03:04:17.229418Z","level":"info","event":"First course keys: ['index', 'institution', 'institution_descr', 'crse_id', 'crse_offer_nbr', 'strm', 'session_code', 'session_descr', 'class_section', 'location', 'location_descr', 'start_dt', 'end_dt', 'class_stat', 'campus', 'campus_descr', 'class_nbr', 'acad_career', 'acad_career_descr', 'component', 'subject', 'subject_descr', 'catalog_nbr', 'class_type', 'schedule_print']","logger":"task.stdout"}
{"timestamp":"2026-02-10T03:04:17.230412Z","level":"info","event":"Operations prepared: 100","logger":"task.stdout"}
{"timestamp":"2026-02-10T03:04:21.267865Z","level":"info","event":"First course keys: ['index', 'institution', 'institution_descr', 'crse_id', 'crse_offer_nbr', 'strm', 'session_code', 'session_descr', 'class_section', 'location', 'location_descr', 'start_dt', 'end_dt', 'class_stat', 'campus', 'campus_descr', 'class_nbr', 'acad_career', 'acad_career_descr', 'component', 'subject', 'subject_descr', 'catalog_nbr', 'class_type', 'schedule_print']","logger":"task.stdout"}
{"timestamp":"2026-02-10T03:04:21.270964Z","level":"info","event":"Operations prepared: 100","logger":"task.stdout"}
{"timestamp":"2026-02-10T03:04:26.826649Z","level":"info","event":"First course keys: ['index', 'institution', 'institution_descr', 'crse_id', 'crse_offer_nbr', 'strm', 'session_code', 'session_descr', 'class_section', 'location', 'location_descr', 'start_dt', 'end_dt', 'class_stat', 'campus', 'campus_descr', 'class_nbr', 'acad_career', 'acad_career_descr', 'component', 'subject', 'subject_descr', 'catalog_nbr', 'class_type', 'schedule_print']","logger":"task.stdout"}
{"timestamp":"2026-02-10T03:04:26.831874Z","level":"info","event":"Operations prepared: 100","logger":"task.stdout"}
{"timestamp":"2026-02-10T03:04:32.761211Z","level":"info","event":"First course keys: ['index', 'institution', 'institution_descr', 'crse_id', 'crse_offer_nbr', 'strm', 'session_code', 'session_descr', 'class_section', 'location', 'location_descr', 'start_dt', 'end_dt', 'class_stat', 'campus', 'campus_descr', 'class_nbr', 'acad_career', 'acad_career_descr', 'component', 'subject', 'subject_descr', 'catalog_nbr', 'class_type', 'schedule_print']","logger":"task.stdout"}
{"timestamp":"2026-02-10T03:04:32.762405Z","level":"info","event":"Operations prepared: 100","logger":"task.stdout"}
{"timestamp":"2026-02-10T03:04:39.855317Z","level":"info","event":"First course keys: ['index', 'institution', 'institution_descr', 'crse_id', 'crse_offer_nbr', 'strm', 'session_code', 'session_descr', 'class_section', 'location', 'location_descr', 'start_dt', 'end_dt', 'class_stat', 'campus', 'campus_descr', 'class_nbr', 'acad_career', 'acad_career_descr', 'component', 'subject', 'subject_descr', 'catalog_nbr', 'class_type', 'schedule_print']","logger":"task.stdout"}
{"timestamp":"2026-02-10T03:04:39.857959Z","level":"info","event":"Operations prepared: 100","logger":"task.stdout"}
{"timestamp":"2026-02-10T03:04:45.444524Z","level":"info","event":"First course keys: ['index', 'institution', 'institution_descr', 'crse_id', 'crse_offer_nbr', 'strm', 'session_code', 'session_descr', 'class_section', 'location', 'location_descr', 'start_dt', 'end_dt', 'class_stat', 'campus', 'campus_descr', 'class_nbr', 'acad_career', 'acad_career_descr', 'component', 'subject', 'subject_descr', 'catalog_nbr', 'class_type', 'schedule_print']","logger":"task.stdout"}
{"timestamp":"2026-02-10T03:04:45.448733Z","level":"info","event":"Operations prepared: 100","logger":"task.stdout"}
{"timestamp":"2026-02-10T03:04:52.067419Z","level":"info","event":"First course keys: ['index', 'institution', 'institution_descr', 'crse_id', 'crse_offer_nbr', 'strm', 'session_code', 'session_descr', 'class_section', 'location', 'location_descr', 'start_dt', 'end_dt', 'class_stat', 'campus', 'campus_descr', 'class_nbr', 'acad_career', 'acad_career_descr', 'component', 'subject', 'subject_descr', 'catalog_nbr', 'class_type', 'schedule_print']","logger":"task.stdout"}
{"timestamp":"2026-02-10T03:04:52.070141Z","level":"info","event":"Operations prepared: 100","logger":"task.stdout"}
{"timestamp":"2026-02-10T03:04:56.961773Z","level":"info","event":"First course keys: ['index', 'institution', 'institution_descr', 'crse_id', 'crse_offer_nbr', 'strm', 'session_code', 'session_descr', 'class_section', 'location', 'location_descr', 'start_dt', 'end_dt', 'class_stat', 'campus', 'campus_descr', 'class_nbr', 'acad_career', 'acad_career_descr', 'component', 'subject', 'subject_descr', 'catalog_nbr', 'class_type', 'schedule_print']","logger":"task.stdout"}
{"timestamp":"2026-02-10T03:04:56.976083Z","level":"info","event":"Operations prepared: 100","logger":"task.stdout"}
{"timestamp":"2026-02-10T03:05:03.229973Z","level":"info","event":"First course keys: ['index', 'institution', 'institution_descr', 'crse_id', 'crse_offer_nbr', 'strm', 'session_code', 'session_descr', 'class_section', 'location', 'location_descr', 'start_dt', 'end_dt', 'class_stat', 'campus', 'campus_descr', 'class_nbr', 'acad_career', 'acad_career_descr', 'component', 'subject', 'subject_descr', 'catalog_nbr', 'class_type', 'schedule_print']","logger":"task.stdout"}
{"timestamp":"2026-02-10T03:05:03.231728Z","level":"info","event":"Operations prepared: 100","logger":"task.stdout"}
{"timestamp":"2026-02-10T03:05:11.611083Z","level":"info","event":"First course keys: ['index', 'institution', 'institution_descr', 'crse_id', 'crse_offer_nbr', 'strm', 'session_code', 'session_descr', 'class_section', 'location', 'location_descr', 'start_dt', 'end_dt', 'class_stat', 'campus', 'campus_descr', 'class_nbr', 'acad_career', 'acad_career_descr', 'component', 'subject', 'subject_descr', 'catalog_nbr', 'class_type', 'schedule_print']","logger":"task.stdout"}
{"timestamp":"2026-02-10T03:05:11.613860Z","level":"info","event":"Operations prepared: 100","logger":"task.stdout"}
{"timestamp":"2026-02-10T03:05:18.383534Z","level":"info","event":"First course keys: ['index', 'institution', 'institution_descr', 'crse_id', 'crse_offer_nbr', 'strm', 'session_code', 'session_descr', 'class_section', 'location', 'location_descr', 'start_dt', 'end_dt', 'class_stat', 'campus', 'campus_descr', 'class_nbr', 'acad_career', 'acad_career_descr', 'component', 'subject', 'subject_descr', 'catalog_nbr', 'class_type', 'schedule_print']","logger":"task.stdout"}
{"timestamp":"2026-02-10T03:05:18.386912Z","level":"info","event":"Operations prepared: 100","logger":"task.stdout"}
{"timestamp":"2026-02-10T03:05:25.760022Z","level":"info","event":"First course keys: ['index', 'institution', 'institution_descr', 'crse_id', 'crse_offer_nbr', 'strm', 'session_code', 'session_descr', 'class_section', 'location', 'location_descr', 'start_dt', 'end_dt', 'class_stat', 'campus', 'campus_descr', 'class_nbr', 'acad_career', 'acad_career_descr', 'component', 'subject', 'subject_descr', 'catalog_nbr', 'class_type', 'schedule_print']","logger":"task.stdout"}
{"timestamp":"2026-02-10T03:05:25.761074Z","level":"info","event":"Operations prepared: 100","logger":"task.stdout"}
{"timestamp":"2026-02-10T03:05:33.254428Z","level":"info","event":"First course keys: ['index', 'institution', 'institution_descr', 'crse_id', 'crse_offer_nbr', 'strm', 'session_code', 'session_descr', 'class_section', 'location', 'location_descr', 'start_dt', 'end_dt', 'class_stat', 'campus', 'campus_descr', 'class_nbr', 'acad_career', 'acad_career_descr', 'component', 'subject', 'subject_descr', 'catalog_nbr', 'class_type', 'schedule_print']","logger":"task.stdout"}
{"timestamp":"2026-02-10T03:05:33.255482Z","level":"info","event":"Operations prepared: 100","logger":"task.stdout"}
{"timestamp":"2026-02-10T03:05:41.375217Z","level":"info","event":"First course keys: ['index', 'institution', 'institution_descr', 'crse_id', 'crse_offer_nbr', 'strm', 'session_code', 'session_descr', 'class_section', 'location', 'location_descr', 'start_dt', 'end_dt', 'class_stat', 'campus', 'campus_descr', 'class_nbr', 'acad_career', 'acad_career_descr', 'component', 'subject', 'subject_descr', 'catalog_nbr', 'class_type', 'schedule_print']","logger":"task.stdout"}
{"timestamp":"2026-02-10T03:05:41.377402Z","level":"info","event":"Operations prepared: 100","logger":"task.stdout"}
{"timestamp":"2026-02-10T03:05:47.072986Z","level":"info","event":"First course keys: ['index', 'institution', 'institution_descr', 'crse_id', 'crse_offer_nbr', 'strm', 'session_code', 'session_descr', 'class_section', 'location', 'location_descr', 'start_dt', 'end_dt', 'class_stat', 'campus', 'campus_descr', 'class_nbr', 'acad_career', 'acad_career_descr', 'component', 'subject', 'subject_descr', 'catalog_nbr', 'class_type', 'schedule_print']","logger":"task.stdout"}
{"timestamp":"2026-02-10T03:05:47.076291Z","level":"info","event":"Operations prepared: 100","logger":"task.stdout"}
{"timestamp":"2026-02-10T03:05:54.446974Z","level":"info","event":"First course keys: ['index', 'institution', 'institution_descr', 'crse_id', 'crse_offer_nbr', 'strm', 'session_code', 'session_descr', 'class_section', 'location', 'location_descr', 'start_dt', 'end_dt', 'class_stat', 'campus', 'campus_descr', 'class_nbr', 'acad_career', 'acad_career_descr', 'component', 'subject', 'subject_descr', 'catalog_nbr', 'class_type', 'schedule_print']","logger":"task.stdout"}
{"timestamp":"2026-02-10T03:05:54.449291Z","level":"info","event":"Operations prepared: 100","logger":"task.stdout"}
{"timestamp":"2026-02-10T03:06:02.031946Z","level":"info","event":"First course keys: ['index', 'institution', 'institution_descr', 'crse_id', 'crse_offer_nbr', 'strm', 'session_code', 'session_descr', 'class_section', 'location', 'location_descr', 'start_dt', 'end_dt', 'class_stat', 'campus', 'campus_descr', 'class_nbr', 'acad_career', 'acad_career_descr', 'component', 'subject', 'subject_descr', 'catalog_nbr', 'class_type', 'schedule_print']","logger":"task.stdout"}
{"timestamp":"2026-02-10T03:06:02.032752Z","level":"info","event":"Operations prepared: 100","logger":"task.stdout"}
{"timestamp":"2026-02-10T03:06:08.190967Z","level":"info","event":"First course keys: ['index', 'institution', 'institution_descr', 'crse_id', 'crse_offer_nbr', 'strm', 'session_code', 'session_descr', 'class_section', 'location', 'location_descr', 'start_dt', 'end_dt', 'class_stat', 'campus', 'campus_descr', 'class_nbr', 'acad_career', 'acad_career_descr', 'component', 'subject', 'subject_descr', 'catalog_nbr', 'class_type', 'schedule_print']","logger":"task.stdout"}
{"timestamp":"2026-02-10T03:06:08.193110Z","level":"info","event":"Operations prepared: 100","logger":"task.stdout"}
{"timestamp":"2026-02-10T03:06:19.017605Z","level":"info","event":"First course keys: ['index', 'institution', 'institution_descr', 'crse_id', 'crse_offer_nbr', 'strm', 'session_code', 'session_descr', 'class_section', 'location', 'location_descr', 'start_dt', 'end_dt', 'class_stat', 'campus', 'campus_descr', 'class_nbr', 'acad_career', 'acad_career_descr', 'component', 'subject', 'subject_descr', 'catalog_nbr', 'class_type', 'schedule_print']","logger":"task.stdout"}
{"timestamp":"2026-02-10T03:06:19.019521Z","level":"info","event":"Operations prepared: 100","logger":"task.stdout"}
{"timestamp":"2026-02-10T03:06:26.215451Z","level":"info","event":"First course keys: ['index', 'institution', 'institution_descr', 'crse_id', 'crse_offer_nbr', 'strm', 'session_code', 'session_descr', 'class_section', 'location', 'location_descr', 'start_dt', 'end_dt', 'class_stat', 'campus', 'campus_descr', 'class_nbr', 'acad_career', 'acad_career_descr', 'component', 'subject', 'subject_descr', 'catalog_nbr', 'class_type', 'schedule_print']","logger":"task.stdout"}
{"timestamp":"2026-02-10T03:06:26.216649Z","level":"info","event":"Operations prepared: 100","logger":"task.stdout"}
{"timestamp":"2026-02-10T03:06:35.318314Z","level":"info","event":"First course keys: ['index', 'institution', 'institution_descr', 'crse_id', 'crse_offer_nbr', 'strm', 'session_code', 'session_descr', 'class_section', 'location', 'location_descr', 'start_dt', 'end_dt', 'class_stat', 'campus', 'campus_descr', 'class_nbr', 'acad_career', 'acad_career_descr', 'component', 'subject', 'subject_descr', 'catalog_nbr', 'class_type', 'schedule_print']","logger":"task.stdout"}
{"timestamp":"2026-02-10T03:06:35.321068Z","level":"info","event":"Operations prepared: 100","logger":"task.stdout"}
{"timestamp":"2026-02-10T03:06:42.147229Z","level":"info","event":"First course keys: ['index', 'institution', 'institution_descr', 'crse_id', 'crse_offer_nbr', 'strm', 'session_code', 'session_descr', 'class_section', 'location', 'location_descr', 'start_dt', 'end_dt', 'class_stat', 'campus', 'campus_descr', 'class_nbr', 'acad_career', 'acad_career_descr', 'component', 'subject', 'subject_descr', 'catalog_nbr', 'class_type', 'schedule_print']","logger":"task.stdout"}
{"timestamp":"2026-02-10T03:06:42.149394Z","level":"info","event":"Operations prepared: 100","logger":"task.stdout"}
{"timestamp":"2026-02-10T03:06:49.476299Z","level":"info","event":"First course keys: ['index', 'institution', 'institution_descr', 'crse_id', 'crse_offer_nbr', 'strm', 'session_code', 'session_descr', 'class_section', 'location', 'location_descr', 'start_dt', 'end_dt', 'class_stat', 'campus', 'campus_descr', 'class_nbr', 'acad_career', 'acad_career_descr', 'component', 'subject', 'subject_descr', 'catalog_nbr', 'class_type', 'schedule_print']","logger":"task.stdout"}
{"timestamp":"2026-02-10T03:06:49.477880Z","level":"info","event":"Operations prepared: 100","logger":"task.stdout"}
{"timestamp":"2026-02-10T03:06:56.606367Z","level":"info","event":"First course keys: ['index', 'institution', 'institution_descr', 'crse_id', 'crse_offer_nbr', 'strm', 'session_code', 'session_descr', 'class_section', 'location', 'location_descr', 'start_dt', 'end_dt', 'class_stat', 'campus', 'campus_descr', 'class_nbr', 'acad_career', 'acad_career_descr', 'component', 'subject', 'subject_descr', 'catalog_nbr', 'class_type', 'schedule_print']","logger":"task.stdout"}
{"timestamp":"2026-02-10T03:06:56.607917Z","level":"info","event":"Operations prepared: 100","logger":"task.stdout"}
{"timestamp":"2026-02-10T03:07:06.359315Z","level":"info","event":"First course keys: ['index', 'institution', 'institution_descr', 'crse_id', 'crse_offer_nbr', 'strm', 'session_code', 'session_descr', 'class_section', 'location', 'location_descr', 'start_dt', 'end_dt', 'class_stat', 'campus', 'campus_descr', 'class_nbr', 'acad_career', 'acad_career_descr', 'component', 'subject', 'subject_descr', 'catalog_nbr', 'class_type', 'schedule_print']","logger":"task.stdout"}
{"timestamp":"2026-02-10T03:07:06.362273Z","level":"info","event":"Operations prepared: 100","logger":"task.stdout"}
{"timestamp":"2026-02-10T03:07:14.697875Z","level":"info","event":"First course keys: ['index', 'institution', 'institution_descr', 'crse_id', 'crse_offer_nbr', 'strm', 'session_code', 'session_descr', 'class_section', 'location', 'location_descr', 'start_dt', 'end_dt', 'class_stat', 'campus', 'campus_descr', 'class_nbr', 'acad_career', 'acad_career_descr', 'component', 'subject', 'subject_descr', 'catalog_nbr', 'class_type', 'schedule_print']","logger":"task.stdout"}
{"timestamp":"2026-02-10T03:07:14.702057Z","level":"info","event":"Operations prepared: 100","logger":"task.stdout"}
{"timestamp":"2026-02-10T03:07:23.810961Z","level":"info","event":"First course keys: ['index', 'institution', 'institution_descr', 'crse_id', 'crse_offer_nbr', 'strm', 'session_code', 'session_descr', 'class_section', 'location', 'location_descr', 'start_dt', 'end_dt', 'class_stat', 'campus', 'campus_descr', 'class_nbr', 'acad_career', 'acad_career_descr', 'component', 'subject', 'subject_descr', 'catalog_nbr', 'class_type', 'schedule_print']","logger":"task.stdout"}
{"timestamp":"2026-02-10T03:07:23.812529Z","level":"info","event":"Operations prepared: 100","logger":"task.stdout"}
{"timestamp":"2026-02-10T03:07:34.435880Z","level":"info","event":"First course keys: ['index', 'institution', 'institution_descr', 'crse_id', 'crse_offer_nbr', 'strm', 'session_code', 'session_descr', 'class_section', 'location', 'location_descr', 'start_dt', 'end_dt', 'class_stat', 'campus', 'campus_descr', 'class_nbr', 'acad_career', 'acad_career_descr', 'component', 'subject', 'subject_descr', 'catalog_nbr', 'class_type', 'schedule_print']","logger":"task.stdout"}
{"timestamp":"2026-02-10T03:07:34.437498Z","level":"info","event":"Operations prepared: 100","logger":"task.stdout"}
{"timestamp":"2026-02-10T03:07:40.972301Z","level":"info","event":"First course keys: ['index', 'institution', 'institution_descr', 'crse_id', 'crse_offer_nbr', 'strm', 'session_code', 'session_descr', 'class_section', 'location', 'location_descr', 'start_dt', 'end_dt', 'class_stat', 'campus', 'campus_descr', 'class_nbr', 'acad_career', 'acad_career_descr', 'component', 'subject', 'subject_descr', 'catalog_nbr', 'class_type', 'schedule_print']","logger":"task.stdout"}
{"timestamp":"2026-02-10T03:07:40.974604Z","level":"info","event":"Operations prepared: 27","logger":"task.stdout"}
{"timestamp":"2026-02-10T03:07:47.895642Z","level":"info","event":"Done. Returned value was: None","logger":"airflow.task.operators.airflow.providers.standard.operators.python.PythonOperator","filename":"python.py","lineno":230}
