{"timestamp":"2026-02-10T02:48:54.413713Z","level":"info","event":"DAG bundles loaded: dags-folder","logger":"airflow.dag_processing.bundles.manager.DagBundlesManager","filename":"manager.py","lineno":179}
{"timestamp":"2026-02-10T02:48:54.423861Z","level":"info","event":"Filling up the DagBag from /opt/airflow/dags/sis_batch_dag.py","logger":"airflow.models.dagbag.BundleDagBag","filename":"dagbag.py","lineno":593}
{"timestamp":"2026-02-10T02:48:54.526770Z","level":"info","event":">>> START pull_sis_api_to_raw_data <<<","logger":"task.stdout"}
{"timestamp":"2026-02-10T02:49:04.284042Z","level":"info","event":"First course keys: ['index', 'institution', 'institution_descr', 'crse_id', 'crse_offer_nbr', 'strm', 'session_code', 'session_descr', 'class_section', 'location', 'location_descr', 'start_dt', 'end_dt', 'class_stat', 'campus', 'campus_descr', 'class_nbr', 'acad_career', 'acad_career_descr', 'component', 'subject', 'subject_descr', 'catalog_nbr', 'class_type', 'schedule_print']","logger":"task.stdout"}
{"timestamp":"2026-02-10T02:49:04.290784Z","level":"info","event":"Operations prepared: 100","logger":"task.stdout"}
{"timestamp":"2026-02-10T02:49:08.425022Z","level":"info","event":"First course keys: ['index', 'institution', 'institution_descr', 'crse_id', 'crse_offer_nbr', 'strm', 'session_code', 'session_descr', 'class_section', 'location', 'location_descr', 'start_dt', 'end_dt', 'class_stat', 'campus', 'campus_descr', 'class_nbr', 'acad_career', 'acad_career_descr', 'component', 'subject', 'subject_descr', 'catalog_nbr', 'class_type', 'schedule_print']","logger":"task.stdout"}
{"timestamp":"2026-02-10T02:49:08.468297Z","level":"info","event":"Operations prepared: 100","logger":"task.stdout"}
{"timestamp":"2026-02-10T02:49:12.025444Z","level":"info","event":"First course keys: ['index', 'institution', 'institution_descr', 'crse_id', 'crse_offer_nbr', 'strm', 'session_code', 'session_descr', 'class_section', 'location', 'location_descr', 'start_dt', 'end_dt', 'class_stat', 'campus', 'campus_descr', 'class_nbr', 'acad_career', 'acad_career_descr', 'component', 'subject', 'subject_descr', 'catalog_nbr', 'class_type', 'schedule_print']","logger":"task.stdout"}
{"timestamp":"2026-02-10T02:49:12.026756Z","level":"info","event":"Operations prepared: 100","logger":"task.stdout"}
{"timestamp":"2026-02-10T02:49:14.646687Z","level":"info","event":"First course keys: ['index', 'institution', 'institution_descr', 'crse_id', 'crse_offer_nbr', 'strm', 'session_code', 'session_descr', 'class_section', 'location', 'location_descr', 'start_dt', 'end_dt', 'class_stat', 'campus', 'campus_descr', 'class_nbr', 'acad_career', 'acad_career_descr', 'component', 'subject', 'subject_descr', 'catalog_nbr', 'class_type', 'schedule_print']","logger":"task.stdout"}
{"timestamp":"2026-02-10T02:49:14.686806Z","level":"info","event":"Operations prepared: 100","logger":"task.stdout"}
{"timestamp":"2026-02-10T02:49:18.718834Z","level":"info","event":"First course keys: ['index', 'institution', 'institution_descr', 'crse_id', 'crse_offer_nbr', 'strm', 'session_code', 'session_descr', 'class_section', 'location', 'location_descr', 'start_dt', 'end_dt', 'class_stat', 'campus', 'campus_descr', 'class_nbr', 'acad_career', 'acad_career_descr', 'component', 'subject', 'subject_descr', 'catalog_nbr', 'class_type', 'schedule_print']","logger":"task.stdout"}
{"timestamp":"2026-02-10T02:49:18.721996Z","level":"info","event":"Operations prepared: 100","logger":"task.stdout"}
{"timestamp":"2026-02-10T02:49:23.045370Z","level":"info","event":"First course keys: ['index', 'institution', 'institution_descr', 'crse_id', 'crse_offer_nbr', 'strm', 'session_code', 'session_descr', 'class_section', 'location', 'location_descr', 'start_dt', 'end_dt', 'class_stat', 'campus', 'campus_descr', 'class_nbr', 'acad_career', 'acad_career_descr', 'component', 'subject', 'subject_descr', 'catalog_nbr', 'class_type', 'schedule_print']","logger":"task.stdout"}
{"timestamp":"2026-02-10T02:49:23.071428Z","level":"info","event":"Operations prepared: 100","logger":"task.stdout"}
{"timestamp":"2026-02-10T02:49:25.948372Z","level":"info","event":"First course keys: ['index', 'institution', 'institution_descr', 'crse_id', 'crse_offer_nbr', 'strm', 'session_code', 'session_descr', 'class_section', 'location', 'location_descr', 'start_dt', 'end_dt', 'class_stat', 'campus', 'campus_descr', 'class_nbr', 'acad_career', 'acad_career_descr', 'component', 'subject', 'subject_descr', 'catalog_nbr', 'class_type', 'schedule_print']","logger":"task.stdout"}
{"timestamp":"2026-02-10T02:49:25.952223Z","level":"info","event":"Operations prepared: 100","logger":"task.stdout"}
{"timestamp":"2026-02-10T02:49:30.577811Z","level":"info","event":"First course keys: ['index', 'institution', 'institution_descr', 'crse_id', 'crse_offer_nbr', 'strm', 'session_code', 'session_descr', 'class_section', 'location', 'location_descr', 'start_dt', 'end_dt', 'class_stat', 'campus', 'campus_descr', 'class_nbr', 'acad_career', 'acad_career_descr', 'component', 'subject', 'subject_descr', 'catalog_nbr', 'class_type', 'schedule_print']","logger":"task.stdout"}
{"timestamp":"2026-02-10T02:49:30.613103Z","level":"info","event":"Operations prepared: 100","logger":"task.stdout"}
{"timestamp":"2026-02-10T02:49:34.328441Z","level":"info","event":"First course keys: ['index', 'institution', 'institution_descr', 'crse_id', 'crse_offer_nbr', 'strm', 'session_code', 'session_descr', 'class_section', 'location', 'location_descr', 'start_dt', 'end_dt', 'class_stat', 'campus', 'campus_descr', 'class_nbr', 'acad_career', 'acad_career_descr', 'component', 'subject', 'subject_descr', 'catalog_nbr', 'class_type', 'schedule_print']","logger":"task.stdout"}
{"timestamp":"2026-02-10T02:49:34.335069Z","level":"info","event":"Operations prepared: 100","logger":"task.stdout"}
{"timestamp":"2026-02-10T02:49:37.511225Z","level":"info","event":"First course keys: ['index', 'institution', 'institution_descr', 'crse_id', 'crse_offer_nbr', 'strm', 'session_code', 'session_descr', 'class_section', 'location', 'location_descr', 'start_dt', 'end_dt', 'class_stat', 'campus', 'campus_descr', 'class_nbr', 'acad_career', 'acad_career_descr', 'component', 'subject', 'subject_descr', 'catalog_nbr', 'class_type', 'schedule_print']","logger":"task.stdout"}
{"timestamp":"2026-02-10T02:49:37.795356Z","level":"info","event":"Operations prepared: 100","logger":"task.stdout"}
{"timestamp":"2026-02-10T02:49:42.966032Z","level":"info","event":"First course keys: ['index', 'institution', 'institution_descr', 'crse_id', 'crse_offer_nbr', 'strm', 'session_code', 'session_descr', 'class_section', 'location', 'location_descr', 'start_dt', 'end_dt', 'class_stat', 'campus', 'campus_descr', 'class_nbr', 'acad_career', 'acad_career_descr', 'component', 'subject', 'subject_descr', 'catalog_nbr', 'class_type', 'schedule_print']","logger":"task.stdout"}
{"timestamp":"2026-02-10T02:49:42.969615Z","level":"info","event":"Operations prepared: 100","logger":"task.stdout"}
{"timestamp":"2026-02-10T02:49:45.736742Z","level":"info","event":"First course keys: ['index', 'institution', 'institution_descr', 'crse_id', 'crse_offer_nbr', 'strm', 'session_code', 'session_descr', 'class_section', 'location', 'location_descr', 'start_dt', 'end_dt', 'class_stat', 'campus', 'campus_descr', 'class_nbr', 'acad_career', 'acad_career_descr', 'component', 'subject', 'subject_descr', 'catalog_nbr', 'class_type', 'schedule_print']","logger":"task.stdout"}
{"timestamp":"2026-02-10T02:49:45.741445Z","level":"info","event":"Operations prepared: 100","logger":"task.stdout"}
{"timestamp":"2026-02-10T02:49:50.696606Z","level":"info","event":"First course keys: ['index', 'institution', 'institution_descr', 'crse_id', 'crse_offer_nbr', 'strm', 'session_code', 'session_descr', 'class_section', 'location', 'location_descr', 'start_dt', 'end_dt', 'class_stat', 'campus', 'campus_descr', 'class_nbr', 'acad_career', 'acad_career_descr', 'component', 'subject', 'subject_descr', 'catalog_nbr', 'class_type', 'schedule_print']","logger":"task.stdout"}
{"timestamp":"2026-02-10T02:49:50.719737Z","level":"info","event":"Operations prepared: 100","logger":"task.stdout"}
{"timestamp":"2026-02-10T02:49:56.128868Z","level":"info","event":"First course keys: ['index', 'institution', 'institution_descr', 'crse_id', 'crse_offer_nbr', 'strm', 'session_code', 'session_descr', 'class_section', 'location', 'location_descr', 'start_dt', 'end_dt', 'class_stat', 'campus', 'campus_descr', 'class_nbr', 'acad_career', 'acad_career_descr', 'component', 'subject', 'subject_descr', 'catalog_nbr', 'class_type', 'schedule_print']","logger":"task.stdout"}
{"timestamp":"2026-02-10T02:49:56.131543Z","level":"info","event":"Operations prepared: 100","logger":"task.stdout"}
{"timestamp":"2026-02-10T02:49:59.730664Z","level":"info","event":"First course keys: ['index', 'institution', 'institution_descr', 'crse_id', 'crse_offer_nbr', 'strm', 'session_code', 'session_descr', 'class_section', 'location', 'location_descr', 'start_dt', 'end_dt', 'class_stat', 'campus', 'campus_descr', 'class_nbr', 'acad_career', 'acad_career_descr', 'component', 'subject', 'subject_descr', 'catalog_nbr', 'class_type', 'schedule_print']","logger":"task.stdout"}
{"timestamp":"2026-02-10T02:49:59.734641Z","level":"info","event":"Operations prepared: 100","logger":"task.stdout"}
{"timestamp":"2026-02-10T02:50:05.164590Z","level":"info","event":"First course keys: ['index', 'institution', 'institution_descr', 'crse_id', 'crse_offer_nbr', 'strm', 'session_code', 'session_descr', 'class_section', 'location', 'location_descr', 'start_dt', 'end_dt', 'class_stat', 'campus', 'campus_descr', 'class_nbr', 'acad_career', 'acad_career_descr', 'component', 'subject', 'subject_descr', 'catalog_nbr', 'class_type', 'schedule_print']","logger":"task.stdout"}
{"timestamp":"2026-02-10T02:50:05.181846Z","level":"info","event":"Operations prepared: 100","logger":"task.stdout"}
{"timestamp":"2026-02-10T02:50:09.080214Z","level":"info","event":"First course keys: ['index', 'institution', 'institution_descr', 'crse_id', 'crse_offer_nbr', 'strm', 'session_code', 'session_descr', 'class_section', 'location', 'location_descr', 'start_dt', 'end_dt', 'class_stat', 'campus', 'campus_descr', 'class_nbr', 'acad_career', 'acad_career_descr', 'component', 'subject', 'subject_descr', 'catalog_nbr', 'class_type', 'schedule_print']","logger":"task.stdout"}
{"timestamp":"2026-02-10T02:50:09.081813Z","level":"info","event":"Operations prepared: 100","logger":"task.stdout"}
{"timestamp":"2026-02-10T02:50:13.260528Z","level":"info","event":"First course keys: ['index', 'institution', 'institution_descr', 'crse_id', 'crse_offer_nbr', 'strm', 'session_code', 'session_descr', 'class_section', 'location', 'location_descr', 'start_dt', 'end_dt', 'class_stat', 'campus', 'campus_descr', 'class_nbr', 'acad_career', 'acad_career_descr', 'component', 'subject', 'subject_descr', 'catalog_nbr', 'class_type', 'schedule_print']","logger":"task.stdout"}
{"timestamp":"2026-02-10T02:50:13.276783Z","level":"info","event":"Operations prepared: 100","logger":"task.stdout"}
{"timestamp":"2026-02-10T02:50:18.520022Z","level":"info","event":"First course keys: ['index', 'institution', 'institution_descr', 'crse_id', 'crse_offer_nbr', 'strm', 'session_code', 'session_descr', 'class_section', 'location', 'location_descr', 'start_dt', 'end_dt', 'class_stat', 'campus', 'campus_descr', 'class_nbr', 'acad_career', 'acad_career_descr', 'component', 'subject', 'subject_descr', 'catalog_nbr', 'class_type', 'schedule_print']","logger":"task.stdout"}
{"timestamp":"2026-02-10T02:50:18.521115Z","level":"info","event":"Operations prepared: 100","logger":"task.stdout"}
{"timestamp":"2026-02-10T02:50:22.062991Z","level":"info","event":"First course keys: ['index', 'institution', 'institution_descr', 'crse_id', 'crse_offer_nbr', 'strm', 'session_code', 'session_descr', 'class_section', 'location', 'location_descr', 'start_dt', 'end_dt', 'class_stat', 'campus', 'campus_descr', 'class_nbr', 'acad_career', 'acad_career_descr', 'component', 'subject', 'subject_descr', 'catalog_nbr', 'class_type', 'schedule_print']","logger":"task.stdout"}
{"timestamp":"2026-02-10T02:50:22.064410Z","level":"info","event":"Operations prepared: 100","logger":"task.stdout"}
{"timestamp":"2026-02-10T02:50:27.386531Z","level":"info","event":"First course keys: ['index', 'institution', 'institution_descr', 'crse_id', 'crse_offer_nbr', 'strm', 'session_code', 'session_descr', 'class_section', 'location', 'location_descr', 'start_dt', 'end_dt', 'class_stat', 'campus', 'campus_descr', 'class_nbr', 'acad_career', 'acad_career_descr', 'component', 'subject', 'subject_descr', 'catalog_nbr', 'class_type', 'schedule_print']","logger":"task.stdout"}
{"timestamp":"2026-02-10T02:50:27.389376Z","level":"info","event":"Operations prepared: 100","logger":"task.stdout"}
{"timestamp":"2026-02-10T02:50:32.354380Z","level":"info","event":"First course keys: ['index', 'institution', 'institution_descr', 'crse_id', 'crse_offer_nbr', 'strm', 'session_code', 'session_descr', 'class_section', 'location', 'location_descr', 'start_dt', 'end_dt', 'class_stat', 'campus', 'campus_descr', 'class_nbr', 'acad_career', 'acad_career_descr', 'component', 'subject', 'subject_descr', 'catalog_nbr', 'class_type', 'schedule_print']","logger":"task.stdout"}
{"timestamp":"2026-02-10T02:50:32.423151Z","level":"info","event":"Operations prepared: 100","logger":"task.stdout"}
{"timestamp":"2026-02-10T02:50:37.388452Z","level":"info","event":"First course keys: ['index', 'institution', 'institution_descr', 'crse_id', 'crse_offer_nbr', 'strm', 'session_code', 'session_descr', 'class_section', 'location', 'location_descr', 'start_dt', 'end_dt', 'class_stat', 'campus', 'campus_descr', 'class_nbr', 'acad_career', 'acad_career_descr', 'component', 'subject', 'subject_descr', 'catalog_nbr', 'class_type', 'schedule_print']","logger":"task.stdout"}
{"timestamp":"2026-02-10T02:50:37.431036Z","level":"info","event":"Operations prepared: 100","logger":"task.stdout"}
{"timestamp":"2026-02-10T02:50:42.975427Z","level":"info","event":"First course keys: ['index', 'institution', 'institution_descr', 'crse_id', 'crse_offer_nbr', 'strm', 'session_code', 'session_descr', 'class_section', 'location', 'location_descr', 'start_dt', 'end_dt', 'class_stat', 'campus', 'campus_descr', 'class_nbr', 'acad_career', 'acad_career_descr', 'component', 'subject', 'subject_descr', 'catalog_nbr', 'class_type', 'schedule_print']","logger":"task.stdout"}
{"timestamp":"2026-02-10T02:50:42.976610Z","level":"info","event":"Operations prepared: 100","logger":"task.stdout"}
{"timestamp":"2026-02-10T02:50:49.276499Z","level":"info","event":"First course keys: ['index', 'institution', 'institution_descr', 'crse_id', 'crse_offer_nbr', 'strm', 'session_code', 'session_descr', 'class_section', 'location', 'location_descr', 'start_dt', 'end_dt', 'class_stat', 'campus', 'campus_descr', 'class_nbr', 'acad_career', 'acad_career_descr', 'component', 'subject', 'subject_descr', 'catalog_nbr', 'class_type', 'schedule_print']","logger":"task.stdout"}
{"timestamp":"2026-02-10T02:50:49.278390Z","level":"info","event":"Operations prepared: 100","logger":"task.stdout"}
{"timestamp":"2026-02-10T02:50:54.412031Z","level":"info","event":"First course keys: ['index', 'institution', 'institution_descr', 'crse_id', 'crse_offer_nbr', 'strm', 'session_code', 'session_descr', 'class_section', 'location', 'location_descr', 'start_dt', 'end_dt', 'class_stat', 'campus', 'campus_descr', 'class_nbr', 'acad_career', 'acad_career_descr', 'component', 'subject', 'subject_descr', 'catalog_nbr', 'class_type', 'schedule_print']","logger":"task.stdout"}
{"timestamp":"2026-02-10T02:50:54.413525Z","level":"info","event":"Operations prepared: 100","logger":"task.stdout"}
{"timestamp":"2026-02-10T02:50:59.055486Z","level":"info","event":"First course keys: ['index', 'institution', 'institution_descr', 'crse_id', 'crse_offer_nbr', 'strm', 'session_code', 'session_descr', 'class_section', 'location', 'location_descr', 'start_dt', 'end_dt', 'class_stat', 'campus', 'campus_descr', 'class_nbr', 'acad_career', 'acad_career_descr', 'component', 'subject', 'subject_descr', 'catalog_nbr', 'class_type', 'schedule_print']","logger":"task.stdout"}
{"timestamp":"2026-02-10T02:50:59.056994Z","level":"info","event":"Operations prepared: 100","logger":"task.stdout"}
{"timestamp":"2026-02-10T02:51:06.465137Z","level":"info","event":"First course keys: ['index', 'institution', 'institution_descr', 'crse_id', 'crse_offer_nbr', 'strm', 'session_code', 'session_descr', 'class_section', 'location', 'location_descr', 'start_dt', 'end_dt', 'class_stat', 'campus', 'campus_descr', 'class_nbr', 'acad_career', 'acad_career_descr', 'component', 'subject', 'subject_descr', 'catalog_nbr', 'class_type', 'schedule_print']","logger":"task.stdout"}
{"timestamp":"2026-02-10T02:51:06.501730Z","level":"info","event":"Operations prepared: 100","logger":"task.stdout"}
{"timestamp":"2026-02-10T02:51:14.241427Z","level":"info","event":"First course keys: ['index', 'institution', 'institution_descr', 'crse_id', 'crse_offer_nbr', 'strm', 'session_code', 'session_descr', 'class_section', 'location', 'location_descr', 'start_dt', 'end_dt', 'class_stat', 'campus', 'campus_descr', 'class_nbr', 'acad_career', 'acad_career_descr', 'component', 'subject', 'subject_descr', 'catalog_nbr', 'class_type', 'schedule_print']","logger":"task.stdout"}
{"timestamp":"2026-02-10T02:51:14.273247Z","level":"info","event":"Operations prepared: 100","logger":"task.stdout"}
{"timestamp":"2026-02-10T02:51:22.530288Z","level":"info","event":"First course keys: ['index', 'institution', 'institution_descr', 'crse_id', 'crse_offer_nbr', 'strm', 'session_code', 'session_descr', 'class_section', 'location', 'location_descr', 'start_dt', 'end_dt', 'class_stat', 'campus', 'campus_descr', 'class_nbr', 'acad_career', 'acad_career_descr', 'component', 'subject', 'subject_descr', 'catalog_nbr', 'class_type', 'schedule_print']","logger":"task.stdout"}
{"timestamp":"2026-02-10T02:51:22.531885Z","level":"info","event":"Operations prepared: 100","logger":"task.stdout"}
{"timestamp":"2026-02-10T02:51:29.884504Z","level":"info","event":"First course keys: ['index', 'institution', 'institution_descr', 'crse_id', 'crse_offer_nbr', 'strm', 'session_code', 'session_descr', 'class_section', 'location', 'location_descr', 'start_dt', 'end_dt', 'class_stat', 'campus', 'campus_descr', 'class_nbr', 'acad_career', 'acad_career_descr', 'component', 'subject', 'subject_descr', 'catalog_nbr', 'class_type', 'schedule_print']","logger":"task.stdout"}
{"timestamp":"2026-02-10T02:51:29.885950Z","level":"info","event":"Operations prepared: 100","logger":"task.stdout"}
{"timestamp":"2026-02-10T02:51:37.046156Z","level":"info","event":"First course keys: ['index', 'institution', 'institution_descr', 'crse_id', 'crse_offer_nbr', 'strm', 'session_code', 'session_descr', 'class_section', 'location', 'location_descr', 'start_dt', 'end_dt', 'class_stat', 'campus', 'campus_descr', 'class_nbr', 'acad_career', 'acad_career_descr', 'component', 'subject', 'subject_descr', 'catalog_nbr', 'class_type', 'schedule_print']","logger":"task.stdout"}
{"timestamp":"2026-02-10T02:51:37.060575Z","level":"info","event":"Operations prepared: 100","logger":"task.stdout"}
{"timestamp":"2026-02-10T02:51:44.276540Z","level":"info","event":"First course keys: ['index', 'institution', 'institution_descr', 'crse_id', 'crse_offer_nbr', 'strm', 'session_code', 'session_descr', 'class_section', 'location', 'location_descr', 'start_dt', 'end_dt', 'class_stat', 'campus', 'campus_descr', 'class_nbr', 'acad_career', 'acad_career_descr', 'component', 'subject', 'subject_descr', 'catalog_nbr', 'class_type', 'schedule_print']","logger":"task.stdout"}
{"timestamp":"2026-02-10T02:51:44.283538Z","level":"info","event":"Operations prepared: 100","logger":"task.stdout"}
{"timestamp":"2026-02-10T02:51:50.163185Z","level":"info","event":"First course keys: ['index', 'institution', 'institution_descr', 'crse_id', 'crse_offer_nbr', 'strm', 'session_code', 'session_descr', 'class_section', 'location', 'location_descr', 'start_dt', 'end_dt', 'class_stat', 'campus', 'campus_descr', 'class_nbr', 'acad_career', 'acad_career_descr', 'component', 'subject', 'subject_descr', 'catalog_nbr', 'class_type', 'schedule_print']","logger":"task.stdout"}
{"timestamp":"2026-02-10T02:51:50.166446Z","level":"info","event":"Operations prepared: 100","logger":"task.stdout"}
{"timestamp":"2026-02-10T02:51:57.378011Z","level":"info","event":"First course keys: ['index', 'institution', 'institution_descr', 'crse_id', 'crse_offer_nbr', 'strm', 'session_code', 'session_descr', 'class_section', 'location', 'location_descr', 'start_dt', 'end_dt', 'class_stat', 'campus', 'campus_descr', 'class_nbr', 'acad_career', 'acad_career_descr', 'component', 'subject', 'subject_descr', 'catalog_nbr', 'class_type', 'schedule_print']","logger":"task.stdout"}
{"timestamp":"2026-02-10T02:51:57.380216Z","level":"info","event":"Operations prepared: 100","logger":"task.stdout"}
{"timestamp":"2026-02-10T02:52:04.698997Z","level":"info","event":"First course keys: ['index', 'institution', 'institution_descr', 'crse_id', 'crse_offer_nbr', 'strm', 'session_code', 'session_descr', 'class_section', 'location', 'location_descr', 'start_dt', 'end_dt', 'class_stat', 'campus', 'campus_descr', 'class_nbr', 'acad_career', 'acad_career_descr', 'component', 'subject', 'subject_descr', 'catalog_nbr', 'class_type', 'schedule_print']","logger":"task.stdout"}
{"timestamp":"2026-02-10T02:52:04.699637Z","level":"info","event":"Operations prepared: 100","logger":"task.stdout"}
{"timestamp":"2026-02-10T02:52:13.019485Z","level":"info","event":"First course keys: ['index', 'institution', 'institution_descr', 'crse_id', 'crse_offer_nbr', 'strm', 'session_code', 'session_descr', 'class_section', 'location', 'location_descr', 'start_dt', 'end_dt', 'class_stat', 'campus', 'campus_descr', 'class_nbr', 'acad_career', 'acad_career_descr', 'component', 'subject', 'subject_descr', 'catalog_nbr', 'class_type', 'schedule_print']","logger":"task.stdout"}
{"timestamp":"2026-02-10T02:52:13.023353Z","level":"info","event":"Operations prepared: 100","logger":"task.stdout"}
{"timestamp":"2026-02-10T02:52:21.397968Z","level":"info","event":"First course keys: ['index', 'institution', 'institution_descr', 'crse_id', 'crse_offer_nbr', 'strm', 'session_code', 'session_descr', 'class_section', 'location', 'location_descr', 'start_dt', 'end_dt', 'class_stat', 'campus', 'campus_descr', 'class_nbr', 'acad_career', 'acad_career_descr', 'component', 'subject', 'subject_descr', 'catalog_nbr', 'class_type', 'schedule_print']","logger":"task.stdout"}
{"timestamp":"2026-02-10T02:52:21.399532Z","level":"info","event":"Operations prepared: 100","logger":"task.stdout"}
{"timestamp":"2026-02-10T02:52:27.915630Z","level":"info","event":"First course keys: ['index', 'institution', 'institution_descr', 'crse_id', 'crse_offer_nbr', 'strm', 'session_code', 'session_descr', 'class_section', 'location', 'location_descr', 'start_dt', 'end_dt', 'class_stat', 'campus', 'campus_descr', 'class_nbr', 'acad_career', 'acad_career_descr', 'component', 'subject', 'subject_descr', 'catalog_nbr', 'class_type', 'schedule_print']","logger":"task.stdout"}
{"timestamp":"2026-02-10T02:52:27.918215Z","level":"info","event":"Operations prepared: 100","logger":"task.stdout"}
{"timestamp":"2026-02-10T02:52:36.176734Z","level":"info","event":"First course keys: ['index', 'institution', 'institution_descr', 'crse_id', 'crse_offer_nbr', 'strm', 'session_code', 'session_descr', 'class_section', 'location', 'location_descr', 'start_dt', 'end_dt', 'class_stat', 'campus', 'campus_descr', 'class_nbr', 'acad_career', 'acad_career_descr', 'component', 'subject', 'subject_descr', 'catalog_nbr', 'class_type', 'schedule_print']","logger":"task.stdout"}
{"timestamp":"2026-02-10T02:52:36.177788Z","level":"info","event":"Operations prepared: 100","logger":"task.stdout"}
{"timestamp":"2026-02-10T02:52:44.769217Z","level":"info","event":"First course keys: ['index', 'institution', 'institution_descr', 'crse_id', 'crse_offer_nbr', 'strm', 'session_code', 'session_descr', 'class_section', 'location', 'location_descr', 'start_dt', 'end_dt', 'class_stat', 'campus', 'campus_descr', 'class_nbr', 'acad_career', 'acad_career_descr', 'component', 'subject', 'subject_descr', 'catalog_nbr', 'class_type', 'schedule_print']","logger":"task.stdout"}
{"timestamp":"2026-02-10T02:52:44.771555Z","level":"info","event":"Operations prepared: 100","logger":"task.stdout"}
{"timestamp":"2026-02-10T02:52:53.789469Z","level":"info","event":"First course keys: ['index', 'institution', 'institution_descr', 'crse_id', 'crse_offer_nbr', 'strm', 'session_code', 'session_descr', 'class_section', 'location', 'location_descr', 'start_dt', 'end_dt', 'class_stat', 'campus', 'campus_descr', 'class_nbr', 'acad_career', 'acad_career_descr', 'component', 'subject', 'subject_descr', 'catalog_nbr', 'class_type', 'schedule_print']","logger":"task.stdout"}
{"timestamp":"2026-02-10T02:52:53.791830Z","level":"info","event":"Operations prepared: 100","logger":"task.stdout"}
{"timestamp":"2026-02-10T02:53:02.925898Z","level":"info","event":"First course keys: ['index', 'institution', 'institution_descr', 'crse_id', 'crse_offer_nbr', 'strm', 'session_code', 'session_descr', 'class_section', 'location', 'location_descr', 'start_dt', 'end_dt', 'class_stat', 'campus', 'campus_descr', 'class_nbr', 'acad_career', 'acad_career_descr', 'component', 'subject', 'subject_descr', 'catalog_nbr', 'class_type', 'schedule_print']","logger":"task.stdout"}
{"timestamp":"2026-02-10T02:53:02.928948Z","level":"info","event":"Operations prepared: 100","logger":"task.stdout"}
{"timestamp":"2026-02-10T02:53:13.677953Z","level":"info","event":"First course keys: ['index', 'institution', 'institution_descr', 'crse_id', 'crse_offer_nbr', 'strm', 'session_code', 'session_descr', 'class_section', 'location', 'location_descr', 'start_dt', 'end_dt', 'class_stat', 'campus', 'campus_descr', 'class_nbr', 'acad_career', 'acad_career_descr', 'component', 'subject', 'subject_descr', 'catalog_nbr', 'class_type', 'schedule_print']","logger":"task.stdout"}
{"timestamp":"2026-02-10T02:53:13.679571Z","level":"info","event":"Operations prepared: 100","logger":"task.stdout"}
{"timestamp":"2026-02-10T02:53:23.722282Z","level":"info","event":"First course keys: ['index', 'institution', 'institution_descr', 'crse_id', 'crse_offer_nbr', 'strm', 'session_code', 'session_descr', 'class_section', 'location', 'location_descr', 'start_dt', 'end_dt', 'class_stat', 'campus', 'campus_descr', 'class_nbr', 'acad_career', 'acad_career_descr', 'component', 'subject', 'subject_descr', 'catalog_nbr', 'class_type', 'schedule_print']","logger":"task.stdout"}
{"timestamp":"2026-02-10T02:53:23.722669Z","level":"info","event":"Operations prepared: 100","logger":"task.stdout"}
{"timestamp":"2026-02-10T02:53:32.321676Z","level":"info","event":"First course keys: ['index', 'institution', 'institution_descr', 'crse_id', 'crse_offer_nbr', 'strm', 'session_code', 'session_descr', 'class_section', 'location', 'location_descr', 'start_dt', 'end_dt', 'class_stat', 'campus', 'campus_descr', 'class_nbr', 'acad_career', 'acad_career_descr', 'component', 'subject', 'subject_descr', 'catalog_nbr', 'class_type', 'schedule_print']","logger":"task.stdout"}
{"timestamp":"2026-02-10T02:53:32.324353Z","level":"info","event":"Operations prepared: 100","logger":"task.stdout"}
{"timestamp":"2026-02-10T02:53:39.455798Z","level":"info","event":"First course keys: ['index', 'institution', 'institution_descr', 'crse_id', 'crse_offer_nbr', 'strm', 'session_code', 'session_descr', 'class_section', 'location', 'location_descr', 'start_dt', 'end_dt', 'class_stat', 'campus', 'campus_descr', 'class_nbr', 'acad_career', 'acad_career_descr', 'component', 'subject', 'subject_descr', 'catalog_nbr', 'class_type', 'schedule_print']","logger":"task.stdout"}
{"timestamp":"2026-02-10T02:53:39.456332Z","level":"info","event":"Operations prepared: 27","logger":"task.stdout"}
{"timestamp":"2026-02-10T02:53:45.399559Z","level":"info","event":"Done. Returned value was: None","logger":"airflow.task.operators.airflow.providers.standard.operators.python.PythonOperator","filename":"python.py","lineno":230}
